# Path: /Users/g5/Dev/SctWorkspace/Build/MdeModule/RELEASE_XCODE5/X64/MdeModulePkg/Application/BootManagerMenuApp/BootManagerMenuApp/DEBUG/BootManagerMenuApp.dll
# Arch: x86_64
# Object files:
[  0] linker synthesized
[  1] /Users/g5/Dev/SctWorkspace/Build/MdeModule/RELEASE_XCODE5/X64/MdePkg/Library/BaseDebugPrintErrorLevelLib/BaseDebugPrintErrorLevelLib/OUTPUT/BaseDebugPrintErrorLevelLib.lib(BaseDebugPrintErrorLevelLib.obj)
[  2] /Users/g5/Dev/SctWorkspace/Build/MdeModule/RELEASE_XCODE5/X64/MdePkg/Library/BaseMemoryLib/BaseMemoryLib/OUTPUT/BaseMemoryLib.lib(SetMem.obj)
[  3] /Users/g5/Dev/SctWorkspace/Build/MdeModule/RELEASE_XCODE5/X64/MdePkg/Library/BaseMemoryLib/BaseMemoryLib/OUTPUT/BaseMemoryLib.lib(ScanMem64Wrapper.obj)
[  4] /Users/g5/Dev/SctWorkspace/Build/MdeModule/RELEASE_XCODE5/X64/MdePkg/Library/BaseMemoryLib/BaseMemoryLib/OUTPUT/BaseMemoryLib.lib(ScanMem32Wrapper.obj)
[  5] /Users/g5/Dev/SctWorkspace/Build/MdeModule/RELEASE_XCODE5/X64/MdePkg/Library/BaseMemoryLib/BaseMemoryLib/OUTPUT/BaseMemoryLib.lib(ScanMem16Wrapper.obj)
[  6] /Users/g5/Dev/SctWorkspace/Build/MdeModule/RELEASE_XCODE5/X64/MdePkg/Library/BaseMemoryLib/BaseMemoryLib/OUTPUT/BaseMemoryLib.lib(ScanMem8Wrapper.obj)
[  7] /Users/g5/Dev/SctWorkspace/Build/MdeModule/RELEASE_XCODE5/X64/MdePkg/Library/BaseMemoryLib/BaseMemoryLib/OUTPUT/BaseMemoryLib.lib(ZeroMemWrapper.obj)
[  8] /Users/g5/Dev/SctWorkspace/Build/MdeModule/RELEASE_XCODE5/X64/MdePkg/Library/BaseMemoryLib/BaseMemoryLib/OUTPUT/BaseMemoryLib.lib(CompareMemWrapper.obj)
[  9] /Users/g5/Dev/SctWorkspace/Build/MdeModule/RELEASE_XCODE5/X64/MdePkg/Library/BaseMemoryLib/BaseMemoryLib/OUTPUT/BaseMemoryLib.lib(SetMem64Wrapper.obj)
[ 10] /Users/g5/Dev/SctWorkspace/Build/MdeModule/RELEASE_XCODE5/X64/MdePkg/Library/BaseMemoryLib/BaseMemoryLib/OUTPUT/BaseMemoryLib.lib(SetMem32Wrapper.obj)
[ 11] /Users/g5/Dev/SctWorkspace/Build/MdeModule/RELEASE_XCODE5/X64/MdePkg/Library/BaseMemoryLib/BaseMemoryLib/OUTPUT/BaseMemoryLib.lib(SetMem16Wrapper.obj)
[ 12] /Users/g5/Dev/SctWorkspace/Build/MdeModule/RELEASE_XCODE5/X64/MdePkg/Library/BaseMemoryLib/BaseMemoryLib/OUTPUT/BaseMemoryLib.lib(SetMemWrapper.obj)
[ 13] /Users/g5/Dev/SctWorkspace/Build/MdeModule/RELEASE_XCODE5/X64/MdePkg/Library/BaseMemoryLib/BaseMemoryLib/OUTPUT/BaseMemoryLib.lib(CopyMemWrapper.obj)
[ 14] /Users/g5/Dev/SctWorkspace/Build/MdeModule/RELEASE_XCODE5/X64/MdePkg/Library/BaseMemoryLib/BaseMemoryLib/OUTPUT/BaseMemoryLib.lib(IsZeroBufferWrapper.obj)
[ 15] /Users/g5/Dev/SctWorkspace/Build/MdeModule/RELEASE_XCODE5/X64/MdePkg/Library/BaseMemoryLib/BaseMemoryLib/OUTPUT/BaseMemoryLib.lib(MemLibGeneric.obj)
[ 16] /Users/g5/Dev/SctWorkspace/Build/MdeModule/RELEASE_XCODE5/X64/MdePkg/Library/BaseMemoryLib/BaseMemoryLib/OUTPUT/BaseMemoryLib.lib(MemLibGuid.obj)
[ 17] /Users/g5/Dev/SctWorkspace/Build/MdeModule/RELEASE_XCODE5/X64/MdePkg/Library/BaseMemoryLib/BaseMemoryLib/OUTPUT/BaseMemoryLib.lib(CopyMem.obj)
[ 18] /Users/g5/Dev/SctWorkspace/Build/MdeModule/RELEASE_XCODE5/X64/MdePkg/Library/BasePrintLib/BasePrintLib/OUTPUT/BasePrintLib.lib(PrintLibInternal.obj)
[ 19] /Users/g5/Dev/SctWorkspace/Build/MdeModule/RELEASE_XCODE5/X64/MdePkg/Library/BasePrintLib/BasePrintLib/OUTPUT/BasePrintLib.lib(PrintLib.obj)
[ 20] /Users/g5/Dev/SctWorkspace/Build/MdeModule/RELEASE_XCODE5/X64/MdePkg/Library/BaseLib/BaseLib/OUTPUT/BaseLib.lib(CheckSum.obj)
[ 21] /Users/g5/Dev/SctWorkspace/Build/MdeModule/RELEASE_XCODE5/X64/MdePkg/Library/BaseLib/BaseLib/OUTPUT/BaseLib.lib(SwitchStack.obj)
[ 22] /Users/g5/Dev/SctWorkspace/Build/MdeModule/RELEASE_XCODE5/X64/MdePkg/Library/BaseLib/BaseLib/OUTPUT/BaseLib.lib(SwapBytes64.obj)
[ 23] /Users/g5/Dev/SctWorkspace/Build/MdeModule/RELEASE_XCODE5/X64/MdePkg/Library/BaseLib/BaseLib/OUTPUT/BaseLib.lib(SwapBytes32.obj)
[ 24] /Users/g5/Dev/SctWorkspace/Build/MdeModule/RELEASE_XCODE5/X64/MdePkg/Library/BaseLib/BaseLib/OUTPUT/BaseLib.lib(SwapBytes16.obj)
[ 25] /Users/g5/Dev/SctWorkspace/Build/MdeModule/RELEASE_XCODE5/X64/MdePkg/Library/BaseLib/BaseLib/OUTPUT/BaseLib.lib(LongJump.obj)
[ 26] /Users/g5/Dev/SctWorkspace/Build/MdeModule/RELEASE_XCODE5/X64/MdePkg/Library/BaseLib/BaseLib/OUTPUT/BaseLib.lib(SetJump.obj)
[ 27] /Users/g5/Dev/SctWorkspace/Build/MdeModule/RELEASE_XCODE5/X64/MdePkg/Library/BaseLib/BaseLib/OUTPUT/BaseLib.lib(RShiftU64.obj)
[ 28] /Users/g5/Dev/SctWorkspace/Build/MdeModule/RELEASE_XCODE5/X64/MdePkg/Library/BaseLib/BaseLib/OUTPUT/BaseLib.lib(RRotU64.obj)
[ 29] /Users/g5/Dev/SctWorkspace/Build/MdeModule/RELEASE_XCODE5/X64/MdePkg/Library/BaseLib/BaseLib/OUTPUT/BaseLib.lib(RRotU32.obj)
[ 30] /Users/g5/Dev/SctWorkspace/Build/MdeModule/RELEASE_XCODE5/X64/MdePkg/Library/BaseLib/BaseLib/OUTPUT/BaseLib.lib(MultU64x64.obj)
[ 31] /Users/g5/Dev/SctWorkspace/Build/MdeModule/RELEASE_XCODE5/X64/MdePkg/Library/BaseLib/BaseLib/OUTPUT/BaseLib.lib(MultU64x32.obj)
[ 32] /Users/g5/Dev/SctWorkspace/Build/MdeModule/RELEASE_XCODE5/X64/MdePkg/Library/BaseLib/BaseLib/OUTPUT/BaseLib.lib(MultS64x64.obj)
[ 33] /Users/g5/Dev/SctWorkspace/Build/MdeModule/RELEASE_XCODE5/X64/MdePkg/Library/BaseLib/BaseLib/OUTPUT/BaseLib.lib(ModU64x32.obj)
[ 34] /Users/g5/Dev/SctWorkspace/Build/MdeModule/RELEASE_XCODE5/X64/MdePkg/Library/BaseLib/BaseLib/OUTPUT/BaseLib.lib(LShiftU64.obj)
[ 35] /Users/g5/Dev/SctWorkspace/Build/MdeModule/RELEASE_XCODE5/X64/MdePkg/Library/BaseLib/BaseLib/OUTPUT/BaseLib.lib(LRotU64.obj)
[ 36] /Users/g5/Dev/SctWorkspace/Build/MdeModule/RELEASE_XCODE5/X64/MdePkg/Library/BaseLib/BaseLib/OUTPUT/BaseLib.lib(LRotU32.obj)
[ 37] /Users/g5/Dev/SctWorkspace/Build/MdeModule/RELEASE_XCODE5/X64/MdePkg/Library/BaseLib/BaseLib/OUTPUT/BaseLib.lib(LowBitSet64.obj)
[ 38] /Users/g5/Dev/SctWorkspace/Build/MdeModule/RELEASE_XCODE5/X64/MdePkg/Library/BaseLib/BaseLib/OUTPUT/BaseLib.lib(LowBitSet32.obj)
[ 39] /Users/g5/Dev/SctWorkspace/Build/MdeModule/RELEASE_XCODE5/X64/MdePkg/Library/BaseLib/BaseLib/OUTPUT/BaseLib.lib(HighBitSet64.obj)
[ 40] /Users/g5/Dev/SctWorkspace/Build/MdeModule/RELEASE_XCODE5/X64/MdePkg/Library/BaseLib/BaseLib/OUTPUT/BaseLib.lib(HighBitSet32.obj)
[ 41] /Users/g5/Dev/SctWorkspace/Build/MdeModule/RELEASE_XCODE5/X64/MdePkg/Library/BaseLib/BaseLib/OUTPUT/BaseLib.lib(GetPowerOfTwo64.obj)
[ 42] /Users/g5/Dev/SctWorkspace/Build/MdeModule/RELEASE_XCODE5/X64/MdePkg/Library/BaseLib/BaseLib/OUTPUT/BaseLib.lib(GetPowerOfTwo32.obj)
[ 43] /Users/g5/Dev/SctWorkspace/Build/MdeModule/RELEASE_XCODE5/X64/MdePkg/Library/BaseLib/BaseLib/OUTPUT/BaseLib.lib(DivU64x64Remainder.obj)
[ 44] /Users/g5/Dev/SctWorkspace/Build/MdeModule/RELEASE_XCODE5/X64/MdePkg/Library/BaseLib/BaseLib/OUTPUT/BaseLib.lib(DivU64x32Remainder.obj)
[ 45] /Users/g5/Dev/SctWorkspace/Build/MdeModule/RELEASE_XCODE5/X64/MdePkg/Library/BaseLib/BaseLib/OUTPUT/BaseLib.lib(DivU64x32.obj)
[ 46] /Users/g5/Dev/SctWorkspace/Build/MdeModule/RELEASE_XCODE5/X64/MdePkg/Library/BaseLib/BaseLib/OUTPUT/BaseLib.lib(DivS64x64Remainder.obj)
[ 47] /Users/g5/Dev/SctWorkspace/Build/MdeModule/RELEASE_XCODE5/X64/MdePkg/Library/BaseLib/BaseLib/OUTPUT/BaseLib.lib(ARShiftU64.obj)
[ 48] /Users/g5/Dev/SctWorkspace/Build/MdeModule/RELEASE_XCODE5/X64/MdePkg/Library/BaseLib/BaseLib/OUTPUT/BaseLib.lib(BitField.obj)
[ 49] /Users/g5/Dev/SctWorkspace/Build/MdeModule/RELEASE_XCODE5/X64/MdePkg/Library/BaseLib/BaseLib/OUTPUT/BaseLib.lib(CpuDeadLoop.obj)
[ 50] /Users/g5/Dev/SctWorkspace/Build/MdeModule/RELEASE_XCODE5/X64/MdePkg/Library/BaseLib/BaseLib/OUTPUT/BaseLib.lib(Cpu.obj)
[ 51] /Users/g5/Dev/SctWorkspace/Build/MdeModule/RELEASE_XCODE5/X64/MdePkg/Library/BaseLib/BaseLib/OUTPUT/BaseLib.lib(LinkedList.obj)
[ 52] /Users/g5/Dev/SctWorkspace/Build/MdeModule/RELEASE_XCODE5/X64/MdePkg/Library/BaseLib/BaseLib/OUTPUT/BaseLib.lib(SafeString.obj)
[ 53] /Users/g5/Dev/SctWorkspace/Build/MdeModule/RELEASE_XCODE5/X64/MdePkg/Library/BaseLib/BaseLib/OUTPUT/BaseLib.lib(String.obj)
[ 54] /Users/g5/Dev/SctWorkspace/Build/MdeModule/RELEASE_XCODE5/X64/MdePkg/Library/BaseLib/BaseLib/OUTPUT/BaseLib.lib(FilePaths.obj)
[ 55] /Users/g5/Dev/SctWorkspace/Build/MdeModule/RELEASE_XCODE5/X64/MdePkg/Library/BaseLib/BaseLib/OUTPUT/BaseLib.lib(Thunk16.obj)
[ 56] /Users/g5/Dev/SctWorkspace/Build/MdeModule/RELEASE_XCODE5/X64/MdePkg/Library/BaseLib/BaseLib/OUTPUT/BaseLib.lib(WriteTr.obj)
[ 57] /Users/g5/Dev/SctWorkspace/Build/MdeModule/RELEASE_XCODE5/X64/MdePkg/Library/BaseLib/BaseLib/OUTPUT/BaseLib.lib(Non-existing.obj)
[ 58] /Users/g5/Dev/SctWorkspace/Build/MdeModule/RELEASE_XCODE5/X64/MdePkg/Library/BaseLib/BaseLib/OUTPUT/BaseLib.lib(Math64.obj)
[ 59] /Users/g5/Dev/SctWorkspace/Build/MdeModule/RELEASE_XCODE5/X64/MdePkg/Library/BaseLib/BaseLib/OUTPUT/BaseLib.lib(Unaligned.obj)
[ 60] /Users/g5/Dev/SctWorkspace/Build/MdeModule/RELEASE_XCODE5/X64/MdePkg/Library/BaseLib/BaseLib/OUTPUT/BaseLib.lib(X86WriteIdtr.obj)
[ 61] /Users/g5/Dev/SctWorkspace/Build/MdeModule/RELEASE_XCODE5/X64/MdePkg/Library/BaseLib/BaseLib/OUTPUT/BaseLib.lib(X86WriteGdtr.obj)
[ 62] /Users/g5/Dev/SctWorkspace/Build/MdeModule/RELEASE_XCODE5/X64/MdePkg/Library/BaseLib/BaseLib/OUTPUT/BaseLib.lib(X86Thunk.obj)
[ 63] /Users/g5/Dev/SctWorkspace/Build/MdeModule/RELEASE_XCODE5/X64/MdePkg/Library/BaseLib/BaseLib/OUTPUT/BaseLib.lib(X86ReadIdtr.obj)
[ 64] /Users/g5/Dev/SctWorkspace/Build/MdeModule/RELEASE_XCODE5/X64/MdePkg/Library/BaseLib/BaseLib/OUTPUT/BaseLib.lib(X86ReadGdtr.obj)
[ 65] /Users/g5/Dev/SctWorkspace/Build/MdeModule/RELEASE_XCODE5/X64/MdePkg/Library/BaseLib/BaseLib/OUTPUT/BaseLib.lib(X86Msr.obj)
[ 66] /Users/g5/Dev/SctWorkspace/Build/MdeModule/RELEASE_XCODE5/X64/MdePkg/Library/BaseLib/BaseLib/OUTPUT/BaseLib.lib(X86GetInterruptState.obj)
[ 67] /Users/g5/Dev/SctWorkspace/Build/MdeModule/RELEASE_XCODE5/X64/MdePkg/Library/BaseLib/BaseLib/OUTPUT/BaseLib.lib(X86FxSave.obj)
[ 68] /Users/g5/Dev/SctWorkspace/Build/MdeModule/RELEASE_XCODE5/X64/MdePkg/Library/BaseLib/BaseLib/OUTPUT/BaseLib.lib(X86FxRestore.obj)
[ 69] /Users/g5/Dev/SctWorkspace/Build/MdeModule/RELEASE_XCODE5/X64/MdePkg/Library/BaseLib/BaseLib/OUTPUT/BaseLib.lib(X86EnablePaging64.obj)
[ 70] /Users/g5/Dev/SctWorkspace/Build/MdeModule/RELEASE_XCODE5/X64/MdePkg/Library/BaseLib/BaseLib/OUTPUT/BaseLib.lib(X86EnablePaging32.obj)
[ 71] /Users/g5/Dev/SctWorkspace/Build/MdeModule/RELEASE_XCODE5/X64/MdePkg/Library/BaseLib/BaseLib/OUTPUT/BaseLib.lib(X86DisablePaging64.obj)
[ 72] /Users/g5/Dev/SctWorkspace/Build/MdeModule/RELEASE_XCODE5/X64/MdePkg/Library/BaseLib/BaseLib/OUTPUT/BaseLib.lib(X86DisablePaging32.obj)
[ 73] /Users/g5/Dev/SctWorkspace/Build/MdeModule/RELEASE_XCODE5/X64/MdePkg/Library/BaseLib/BaseLib/OUTPUT/BaseLib.lib(X86RdRand.obj)
[ 74] /Users/g5/Dev/SctWorkspace/Build/MdeModule/RELEASE_XCODE5/X64/MdePkg/Library/BaseLib/BaseLib/OUTPUT/BaseLib.lib(GccInline.obj)
[ 75] /Users/g5/Dev/SctWorkspace/Build/MdeModule/RELEASE_XCODE5/X64/MdePkg/Library/BaseLib/BaseLib/OUTPUT/BaseLib.lib(SwitchStack.obj)
[ 76] /Users/g5/Dev/SctWorkspace/Build/MdeModule/RELEASE_XCODE5/X64/MdePkg/Library/BaseLib/BaseLib/OUTPUT/BaseLib.lib(SetJump.obj)
[ 77] /Users/g5/Dev/SctWorkspace/Build/MdeModule/RELEASE_XCODE5/X64/MdePkg/Library/BaseLib/BaseLib/OUTPUT/BaseLib.lib(LongJump.obj)
[ 78] /Users/g5/Dev/SctWorkspace/Build/MdeModule/RELEASE_XCODE5/X64/MdePkg/Library/BaseLib/BaseLib/OUTPUT/BaseLib.lib(EnableDisableInterrupts.obj)
[ 79] /Users/g5/Dev/SctWorkspace/Build/MdeModule/RELEASE_XCODE5/X64/MdePkg/Library/BaseLib/BaseLib/OUTPUT/BaseLib.lib(DisablePaging64.obj)
[ 80] /Users/g5/Dev/SctWorkspace/Build/MdeModule/RELEASE_XCODE5/X64/MdePkg/Library/BaseLib/BaseLib/OUTPUT/BaseLib.lib(CpuId.obj)
[ 81] /Users/g5/Dev/SctWorkspace/Build/MdeModule/RELEASE_XCODE5/X64/MdePkg/Library/BaseLib/BaseLib/OUTPUT/BaseLib.lib(CpuIdEx.obj)
[ 82] /Users/g5/Dev/SctWorkspace/Build/MdeModule/RELEASE_XCODE5/X64/MdePkg/Library/BaseLib/BaseLib/OUTPUT/BaseLib.lib(EnableCache.obj)
[ 83] /Users/g5/Dev/SctWorkspace/Build/MdeModule/RELEASE_XCODE5/X64/MdePkg/Library/BaseLib/BaseLib/OUTPUT/BaseLib.lib(DisableCache.obj)
[ 84] /Users/g5/Dev/SctWorkspace/Build/MdeModule/RELEASE_XCODE5/X64/MdePkg/Library/BaseLib/BaseLib/OUTPUT/BaseLib.lib(RdRand.obj)
[ 85] /Users/g5/Dev/SctWorkspace/Build/MdeModule/RELEASE_XCODE5/X64/MdePkg/Library/BaseLib/BaseLib/OUTPUT/BaseLib.lib(ChkStkGcc.obj)
[ 86] /Users/g5/Dev/SctWorkspace/Build/MdeModule/RELEASE_XCODE5/X64/MdePkg/Library/BasePcdLibNull/BasePcdLibNull/OUTPUT/BasePcdLibNull.lib(PcdLib.obj)
[ 87] /Users/g5/Dev/SctWorkspace/Build/MdeModule/RELEASE_XCODE5/X64/MdePkg/Library/UefiDebugLibStdErr/UefiDebugLibStdErr/OUTPUT/UefiDebugLibStdErr.lib(DebugLib.obj)
[ 88] /Users/g5/Dev/SctWorkspace/Build/MdeModule/RELEASE_XCODE5/X64/MdePkg/Library/UefiBootServicesTableLib/UefiBootServicesTableLib/OUTPUT/UefiBootServicesTableLib.lib(UefiBootServicesTableLib.obj)
[ 89] /Users/g5/Dev/SctWorkspace/Build/MdeModule/RELEASE_XCODE5/X64/MdePkg/Library/UefiMemoryAllocationLib/UefiMemoryAllocationLib/OUTPUT/UefiMemoryAllocationLib.lib(MemoryAllocationLib.obj)
[ 90] /Users/g5/Dev/SctWorkspace/Build/MdeModule/RELEASE_XCODE5/X64/MdePkg/Library/UefiRuntimeServicesTableLib/UefiRuntimeServicesTableLib/OUTPUT/UefiRuntimeServicesTableLib.lib(UefiRuntimeServicesTableLib.obj)
[ 91] /Users/g5/Dev/SctWorkspace/Build/MdeModule/RELEASE_XCODE5/X64/MdePkg/Library/UefiDevicePathLib/UefiDevicePathLib/OUTPUT/UefiDevicePathLib.lib(DevicePathUtilities.obj)
[ 92] /Users/g5/Dev/SctWorkspace/Build/MdeModule/RELEASE_XCODE5/X64/MdePkg/Library/UefiDevicePathLib/UefiDevicePathLib/OUTPUT/UefiDevicePathLib.lib(DevicePathToText.obj)
[ 93] /Users/g5/Dev/SctWorkspace/Build/MdeModule/RELEASE_XCODE5/X64/MdePkg/Library/UefiDevicePathLib/UefiDevicePathLib/OUTPUT/UefiDevicePathLib.lib(DevicePathFromText.obj)
[ 94] /Users/g5/Dev/SctWorkspace/Build/MdeModule/RELEASE_XCODE5/X64/MdePkg/Library/UefiDevicePathLib/UefiDevicePathLib/OUTPUT/UefiDevicePathLib.lib(UefiDevicePathLib.obj)
[ 95] /Users/g5/Dev/SctWorkspace/Build/MdeModule/RELEASE_XCODE5/X64/MdePkg/Library/UefiLib/UefiLib/OUTPUT/UefiLib.lib(UefiLibPrint.obj)
[ 96] /Users/g5/Dev/SctWorkspace/Build/MdeModule/RELEASE_XCODE5/X64/MdePkg/Library/UefiLib/UefiLib/OUTPUT/UefiLib.lib(UefiNotTiano.obj)
[ 97] /Users/g5/Dev/SctWorkspace/Build/MdeModule/RELEASE_XCODE5/X64/MdePkg/Library/UefiLib/UefiLib/OUTPUT/UefiLib.lib(UefiDriverModel.obj)
[ 98] /Users/g5/Dev/SctWorkspace/Build/MdeModule/RELEASE_XCODE5/X64/MdePkg/Library/UefiLib/UefiLib/OUTPUT/UefiLib.lib(Console.obj)
[ 99] /Users/g5/Dev/SctWorkspace/Build/MdeModule/RELEASE_XCODE5/X64/MdePkg/Library/UefiLib/UefiLib/OUTPUT/UefiLib.lib(UefiLib.obj)
[100] /Users/g5/Dev/SctWorkspace/Build/MdeModule/RELEASE_XCODE5/X64/MdeModulePkg/Library/UefiHiiServicesLib/UefiHiiServicesLib/OUTPUT/UefiHiiServicesLib.lib(UefiHiiServicesLib.obj)
[101] /Users/g5/Dev/SctWorkspace/Build/MdeModule/RELEASE_XCODE5/X64/MdeModulePkg/Library/BaseSortLib/BaseSortLib/OUTPUT/BaseSortLib.lib(BaseSortLib.obj)
[102] /Users/g5/Dev/SctWorkspace/Build/MdeModule/RELEASE_XCODE5/X64/MdePkg/Library/BaseReportStatusCodeLibNull/BaseReportStatusCodeLibNull/OUTPUT/BaseReportStatusCodeLibNull.lib(BaseReportStatusCodeLib.obj)
[103] /Users/g5/Dev/SctWorkspace/Build/MdeModule/RELEASE_XCODE5/X64/MdePkg/Library/DxeServicesLib/DxeServicesLib/OUTPUT/DxeServicesLib.lib(DxeServicesLib.obj)
[104] /Users/g5/Dev/SctWorkspace/Build/MdeModule/RELEASE_XCODE5/X64/MdePkg/Library/DxeServicesTableLib/DxeServicesTableLib/OUTPUT/DxeServicesTableLib.lib(DxeServicesTableLib.obj)
[105] /Users/g5/Dev/SctWorkspace/Build/MdeModule/RELEASE_XCODE5/X64/MdePkg/Library/BasePeCoffGetEntryPointLib/BasePeCoffGetEntryPointLib/OUTPUT/BasePeCoffGetEntryPointLib.lib(PeCoffGetEntryPoint.obj)
[106] /Users/g5/Dev/SctWorkspace/Build/MdeModule/RELEASE_XCODE5/X64/MdePkg/Library/BasePerformanceLibNull/BasePerformanceLibNull/OUTPUT/BasePerformanceLibNull.lib(PerformanceLib.obj)
[107] /Users/g5/Dev/SctWorkspace/Build/MdeModule/RELEASE_XCODE5/X64/MdePkg/Library/DxeHobLib/DxeHobLib/OUTPUT/DxeHobLib.lib(HobLib.obj)
[108] /Users/g5/Dev/SctWorkspace/Build/MdeModule/RELEASE_XCODE5/X64/MdeModulePkg/Library/UefiHiiLib/UefiHiiLib/OUTPUT/UefiHiiLib.lib(HiiLib.obj)
[109] /Users/g5/Dev/SctWorkspace/Build/MdeModule/RELEASE_XCODE5/X64/MdeModulePkg/Library/UefiHiiLib/UefiHiiLib/OUTPUT/UefiHiiLib.lib(HiiString.obj)
[110] /Users/g5/Dev/SctWorkspace/Build/MdeModule/RELEASE_XCODE5/X64/MdeModulePkg/Library/UefiHiiLib/UefiHiiLib/OUTPUT/UefiHiiLib.lib(HiiLanguage.obj)
[111] /Users/g5/Dev/SctWorkspace/Build/MdeModule/RELEASE_XCODE5/X64/MdePkg/Library/UefiApplicationEntryPoint/UefiApplicationEntryPoint/OUTPUT/UefiApplicationEntryPoint.lib(ApplicationEntryPoint.obj)
[112] /Users/g5/Dev/SctWorkspace/Build/MdeModule/RELEASE_XCODE5/X64/MdeModulePkg/Library/UefiBootManagerLib/UefiBootManagerLib/OUTPUT/UefiBootManagerLib.lib(BmConnect.obj)
[113] /Users/g5/Dev/SctWorkspace/Build/MdeModule/RELEASE_XCODE5/X64/MdeModulePkg/Library/UefiBootManagerLib/UefiBootManagerLib/OUTPUT/UefiBootManagerLib.lib(BmMisc.obj)
[114] /Users/g5/Dev/SctWorkspace/Build/MdeModule/RELEASE_XCODE5/X64/MdeModulePkg/Library/UefiBootManagerLib/UefiBootManagerLib/OUTPUT/UefiBootManagerLib.lib(BmConsole.obj)
[115] /Users/g5/Dev/SctWorkspace/Build/MdeModule/RELEASE_XCODE5/X64/MdeModulePkg/Library/UefiBootManagerLib/UefiBootManagerLib/OUTPUT/UefiBootManagerLib.lib(BmBoot.obj)
[116] /Users/g5/Dev/SctWorkspace/Build/MdeModule/RELEASE_XCODE5/X64/MdeModulePkg/Library/UefiBootManagerLib/UefiBootManagerLib/OUTPUT/UefiBootManagerLib.lib(BmBootDescription.obj)
[117] /Users/g5/Dev/SctWorkspace/Build/MdeModule/RELEASE_XCODE5/X64/MdeModulePkg/Library/UefiBootManagerLib/UefiBootManagerLib/OUTPUT/UefiBootManagerLib.lib(BmLoadOption.obj)
[118] /Users/g5/Dev/SctWorkspace/Build/MdeModule/RELEASE_XCODE5/X64/MdeModulePkg/Library/UefiBootManagerLib/UefiBootManagerLib/OUTPUT/UefiBootManagerLib.lib(BmHotkey.obj)
[119] /Users/g5/Dev/SctWorkspace/Build/MdeModule/RELEASE_XCODE5/X64/MdeModulePkg/Library/UefiBootManagerLib/UefiBootManagerLib/OUTPUT/UefiBootManagerLib.lib(BmDriverHealth.obj)
[120] /Users/g5/Dev/SctWorkspace/Build/MdeModule/RELEASE_XCODE5/X64/MdeModulePkg/Application/BootManagerMenuApp/BootManagerMenuApp/OUTPUT/BootManagerMenuApp.lib(BootManagerMenu.obj)
[121] /Users/g5/Dev/SctWorkspace/Build/MdeModule/RELEASE_XCODE5/X64/MdeModulePkg/Application/BootManagerMenuApp/BootManagerMenuApp/OUTPUT/BootManagerMenuApp.lib(AutoGen.obj)
# Sections:
# Address	Size    	Segment	Section
0x00000240	0x000108EB	__TEXT	__text
0x00010B2B	0x000026B0	__TEXT	__cstring
0x000131E0	0x000000B8	__TEXT	__const
0x00013298	0x0000153A	__TEXT	__ustring
0x000147E0	0x000004F0	__DATA	__const
0x00014CD0	0x0000076E	__DATA	__data
0x00015440	0x000000A8	__DATA	__common
# Symbols:
# Address	Size    	File  Name
0x00000240	0x00000000	[  0] ___dso_handle
0x00000240	0x0000000C	[  1] _GetDebugPrintErrorLevel
0x0000024C	0x000000EE	[  2] _InternalMemSetMem
0x0000033A	0x00000084	[  7] _ZeroMem
0x000003BE	0x000000F3	[  8] _CompareMem
0x000004B1	0x000000A4	[ 13] _CopyMem
0x00000555	0x0000000D	[ 15] _InternalMemZeroMem
0x00000562	0x0000002F	[ 15] _InternalMemCompareMem
0x00000591	0x00000048	[ 16] _CopyGuid
0x000005D9	0x00000055	[ 16] _CompareGuid
0x0000062E	0x0000002F	[ 16] _IsZeroGuid
0x0000065D	0x000001E2	[ 17] _InternalMemCopyMem
0x00000841	0x00000456	[ 18] _BasePrintLibConvertValueToStringS
0x00000C97	0x000011F9	[ 18] _BasePrintLibSPrintMarker
0x00001E90	0x0000002C	[ 18] _BasePrintLibSPrint
0x00001EBC	0x00000096	[ 19] _UnicodeVSPrint
0x00001F52	0x00000021	[ 19] _UnicodeSPrint
0x00001F73	0x0000006F	[ 19] _UnicodeVSPrintAsciiFormat
0x00001FE2	0x00000021	[ 19] _UnicodeSPrintAsciiFormat
0x00002003	0x00000072	[ 19] _UnicodeValueToStringS
0x00002075	0x0000005F	[ 19] _SPrintLength
0x000020D4	0x00000066	[ 26] _InternalAssertJumpBuffer
0x0000213A	0x0000000A	[ 31] _MultU64x32
0x00002144	0x00000049	[ 34] _LShiftU64
0x0000218D	0x0000004D	[ 44] _DivU64x32Remainder
0x000021DA	0x0000001A	[ 49] _CpuDeadLoop
0x000021F4	0x000000BB	[ 51] _InternalBaseLibIsListValid
0x000022AF	0x0000009D	[ 51] _IsNodeInList
0x0000234C	0x00000043	[ 51] _GetFirstNode
0x0000238F	0x00000074	[ 51] _GetNextNode
0x00002403	0x00000046	[ 51] _IsListEmpty
0x00002449	0x00000077	[ 51] _IsNull
0x000024C0	0x00000055	[ 51] _RemoveEntryList
0x00002515	0x00000071	[ 52] _StrnLenS
0x00002586	0x00000210	[ 52] _StrCpyS
0x00002796	0x00000266	[ 52] _StrCatS
0x000029FC	0x00000036	[ 52] _AsciiStrnLenS
0x00002A32	0x00000232	[ 52] _AsciiStrToUnicodeStrS
0x00002C64	0x000000BD	[ 53] _StrLen
0x00002D21	0x0000001A	[ 53] _StrSize
0x00002D3B	0x000000B2	[ 53] _StrCmp
0x00002DED	0x00000109	[ 53] _StrnCmp
0x00002EF6	0x00000094	[ 53] _AsciiStrLen
0x00002F8A	0x00000016	[ 53] _AsciiStrSize
0x00002FA0	0x000000F1	[ 53] _AsciiStrnCmp
0x00003098	0x00000000	[ 55] SavedGdt
0x00003098	0x0000000A	[ 55] _m16Start
0x000030A2	0x00000008	[ 55] _BackFromUserCode
0x000030AA	0x00000014	[ 55] _BackFromUserCode.Base
0x000030BE	0x0000000D	[ 55] _BackFromUserCode.ThunkAttrEnd
0x000030CB	0x0000000B	[ 55] _BackFromUserCode.1
0x000030D6	0x00000036	[ 55] _BackFromUserCode.2
0x0000310C	0x0000001C	[ 55] _BackFromUserCode.SavedCr4End
0x00003128	0x0000000B	[ 55] _BackFromUserCode.SavedCr0End
0x00003133	0x0000000B	[ 55] _BackFromUserCode.X64JmpEnd
0x0000313E	0x00000002	[ 55] _BackFromUserCode.SavedSpEnd
0x00003140	0x00000006	[ 55] _EntryPoint
0x00003146	0x00000002	[ 55] _16Gdtr
0x00003148	0x00000008	[ 55] _16GdtrBase
0x00003150	0x00000006	[ 55] _16Idtr
0x00003156	0x00000028	[ 55] _ToUserCode
0x0000317E	0x0000000F	[ 55] _ToUserCode.Base
0x0000318D	0x0000001B	[ 55] _ToUserCode.RealMode
0x000031A8	0x00000008	[ 55] _NullSeg
0x000031B0	0x00000008	[ 55] _16Code
0x000031B8	0x00000008	[ 55] _16Data
0x000031C0	0x00000008	[ 55] _32Data
0x000031C8	0x000000B4	[ 55] _InternalAsmThunk16
0x0000327C	0x00000020	[ 55] _InternalAsmThunk16.RetFromRealMode
0x0000329C	0x00000006	[ 56] _AsmWriteTr
0x000032A2	0x0000000E	[ 58] _InternalMathLShiftU64
0x000032B0	0x0000000C	[ 58] _InternalMathMultU64x32
0x000032BC	0x00000023	[ 58] _InternalMathDivRemU64x32
0x000032DF	0x0000003C	[ 59] _ReadUnaligned16
0x0000331B	0x00000042	[ 59] _WriteUnaligned16
0x0000335D	0x0000003B	[ 59] _ReadUnaligned32
0x00003398	0x00000041	[ 59] _WriteUnaligned32
0x000033D9	0x0000003C	[ 59] _ReadUnaligned64
0x00003415	0x00000044	[ 59] _WriteUnaligned64
0x00003459	0x00000007	[ 74] _CpuBreakpoint
0x00003460	0x0000000F	[ 75] _InternalSwitchStack
0x0000346F	0x0000008F	[ 76] _SetJump
0x000034FE	0x0000007C	[ 77] _InternalLongJump
0x0000357A	0x00000003	[ 78] _EnableDisableInterrupts
0x0000357D	0x0000003A	[ 79] _InternalX86DisablePaging64
0x000035B7	0x00000027	[ 79] _InternalX86DisablePaging64.0
0x000035DE	0x00000000	[ 79] mTransitionEnd
0x000035DE	0x0000000F	[ 80] _AsmCpuid
0x000035ED	0x00000005	[ 80] _AsmCpuid.0
0x000035F2	0x00000007	[ 80] _AsmCpuid.1
0x000035F9	0x00000009	[ 80] _AsmCpuid.2
0x00003602	0x00000003	[ 80] _AsmCpuid.3
0x00003605	0x00000015	[ 81] _AsmCpuidEx
0x0000361A	0x00000007	[ 81] _AsmCpuidEx.0
0x00003621	0x00000007	[ 81] _AsmCpuidEx.1
0x00003628	0x00000009	[ 81] _AsmCpuidEx.2
0x00003631	0x00000003	[ 81] _AsmCpuidEx.3
0x00003634	0x00000013	[ 82] _AsmEnableCache
0x00003647	0x00000013	[ 83] _AsmDisableCache
0x0000365A	0x00000009	[ 84] _InternalX86RdRand16
0x00003663	0x00000009	[ 84] rn16_ok
0x0000366C	0x00000009	[ 84] _InternalX86RdRand32
0x00003675	0x00000008	[ 84] rn32_ok
0x0000367D	0x0000000A	[ 84] _InternalX86RdRand64
0x00003687	0x00000009	[ 84] rn64_ok
0x00003690	0x00000094	[ 87] _DebugPrint
0x00003724	0x0000000E	[ 87] _DebugAssertEnabled
0x00003732	0x0000007C	[ 87] _DebugAssert
0x000037AE	0x00000010	[ 87] _DebugPrintEnabled
0x000037BE	0x00000011	[ 87] _DebugCodeEnabled
0x000037CF	0x0000000F	[ 87] _DebugPrintLevelEnabled
0x000037DE	0x000000B5	[ 88] _UefiBootServicesTableLibConstructor
0x00003893	0x00000040	[ 89] _AllocateReservedPages
0x000038D3	0x000000A9	[ 89] _FreePages
0x0000397C	0x0000003D	[ 89] _AllocatePool
0x000039B9	0x0000003B	[ 89] _InternalAllocateZeroPool
0x000039F4	0x00000015	[ 89] _AllocateZeroPool
0x00003A09	0x0000009E	[ 89] _InternalAllocateCopyPool
0x00003AA7	0x00000018	[ 89] _AllocateCopyPool
0x00003ABF	0x00000056	[ 89] _InternalReallocatePool
0x00003B15	0x00000074	[ 89] _FreePool
0x00003B89	0x0000001B	[ 89] _ReallocatePool
0x00003BA4	0x00000048	[ 90] _UefiRuntimeServicesTableLibConstructor
0x00003BEC	0x000000DA	[ 91] _IsDevicePathValid
0x00003CC6	0x00000056	[ 91] _IsDevicePathEnd
0x00003D1C	0x00000048	[ 91] _DevicePathNodeLength
0x00003D64	0x00000044	[ 91] _NextDevicePathNode
0x00003DA8	0x0000003B	[ 91] _DevicePathType
0x00003DE3	0x0000003C	[ 91] _DevicePathSubType
0x00003E1F	0x00000046	[ 91] _IsDevicePathEndType
0x00003E65	0x00000079	[ 91] _SetDevicePathNodeLength
0x00003EDE	0x0000004D	[ 91] _SetDevicePathEndNode
0x00003F2B	0x00000070	[ 91] _UefiDevicePathLibGetDevicePathSize
0x00003F9B	0x0000002C	[ 91] _UefiDevicePathLibDuplicateDevicePath
0x00003FC7	0x000000D4	[ 91] _UefiDevicePathLibAppendDevicePath
0x0000409B	0x00000097	[ 91] _UefiDevicePathLibAppendDevicePathNode
0x00004132	0x000000DC	[ 91] _UefiDevicePathLibAppendDevicePathInstance
0x0000420E	0x000000CF	[ 91] _UefiDevicePathLibGetNextDevicePathInstance
0x000042DD	0x0000003B	[ 91] _DevicePathFromHandle
0x00004318	0x000000CB	[ 91] _FileDevicePath
0x000043E4	0x000000BC	[ 92] _UefiDevicePathLibCatPrint
0x000044A0	0x00000024	[ 92] _DevPathToTextPci
0x000044C4	0x0000001F	[ 92] _DevPathToTextPccard
0x000044E3	0x0000002B	[ 92] _DevPathToTextMemMap
0x0000450E	0x000002C9	[ 92] _DevPathToTextVendor
0x000047D7	0x0000001E	[ 92] _DevPathToTextController
0x000047F5	0x00000037	[ 92] _DevPathToTextBmc
0x0000482C	0x000000D6	[ 92] _DevPathToTextAcpi
0x00004902	0x000001C1	[ 92] _DevPathToTextAcpiEx
0x00004AC3	0x00000093	[ 92] _DevPathToTextAcpiAdr
0x00004B56	0x00000066	[ 92] _DevPathToTextAtapi
0x00004BBC	0x00000024	[ 92] _DevPathToTextScsi
0x00004BE0	0x00000022	[ 92] _DevPathToTextFibre
0x00004C02	0x0000008E	[ 92] _DevPathToTextFibreEx
0x00004C90	0x0000016B	[ 92] _DevPathToTextSasEx
0x00004DFB	0x00000065	[ 92] _DevPathToTextNVMe
0x00004E60	0x00000024	[ 92] _DevPathToTextUfs
0x00004E84	0x0000001F	[ 92] _DevPathToTextSd
0x00004EA3	0x0000001F	[ 92] _DevPathToTextEmmc
0x00004EC2	0x0000001E	[ 92] _DevPathToText1394
0x00004EE0	0x00000024	[ 92] _DevPathToTextUsb
0x00004F04	0x000000A8	[ 92] _DevPathToTextUsbWWID
0x00004FAC	0x0000001F	[ 92] _DevPathToTextLogicalUnit
0x00004FCB	0x000001C5	[ 92] _DevPathToTextUsbClass
0x00005190	0x0000002C	[ 92] _DevPathToTextSata
0x000051BC	0x0000001E	[ 92] _DevPathToTextI2O
0x000051DA	0x00000076	[ 92] _DevPathToTextMacAddr
0x00005250	0x00000041	[ 92] _CatNetworkProtocol
0x00005294	0x000000D9	[ 92] _CatIPv6Address
0x0000536D	0x00000152	[ 92] _DevPathToTextIPv4
0x000054BF	0x000000D0	[ 92] _DevPathToTextIPv6
0x0000558F	0x0000003D	[ 92] _DevPathToTextInfiniBand
0x000055CC	0x000000F8	[ 92] _DevPathToTextUart
0x000056C4	0x000000E3	[ 92] _DevPathToTextiSCSI
0x000057A7	0x0000001F	[ 92] _DevPathToTextVlan
0x000057C6	0x00000048	[ 92] _DevPathToTextBluetooth
0x0000580E	0x00000041	[ 92] _DevPathToTextWiFi
0x0000584F	0x00000052	[ 92] _DevPathToTextBluetoothLE
0x000058A1	0x000000CF	[ 92] _DevPathToTextDns
0x00005970	0x0000008B	[ 92] _DevPathToTextUri
0x000059FB	0x00000093	[ 92] _DevPathToTextHardDrive
0x00005A8E	0x00000040	[ 92] _DevPathToTextCDROM
0x00005ACE	0x0000001E	[ 92] _DevPathToTextFilePath
0x00005AEC	0x0000001E	[ 92] _DevPathToTextMediaProtocol
0x00005B0A	0x0000001E	[ 92] _DevPathToTextFv
0x00005B28	0x0000001E	[ 92] _DevPathToTextFvFile
0x00005B46	0x00000022	[ 92] _DevPathRelativeOffsetRange
0x00005B68	0x0000017B	[ 92] _DevPathToTextRamDisk
0x00005CE3	0x0000008E	[ 92] _DevPathToTextBBS
0x00005D71	0x0000001A	[ 92] _DevPathToTextEndInstance
0x00005D8B	0x00000102	[ 92] _DevPathToTextNodeGeneric
0x00005E8E	0x00000127	[ 92] _UefiDevicePathLibConvertDevicePathToText
0x00005FB5	0x0000000A	[ 94] _GetDevicePathSize
0x00005FBF	0x0000000A	[ 94] _DuplicateDevicePath
0x00005FC9	0x0000000A	[ 94] _AppendDevicePath
0x00005FD3	0x0000000A	[ 94] _AppendDevicePathNode
0x00005FDD	0x0000000A	[ 94] _AppendDevicePathInstance
0x00005FE7	0x0000000A	[ 94] _GetNextDevicePathInstance
0x00005FF1	0x0000000A	[ 94] _ConvertDevicePathToText
0x00005FFB	0x0000010F	[ 95] _InternalPrint
0x0000610A	0x00000034	[ 95] _Print
0x0000613E	0x000000E9	[ 96] _EfiCreateEventLegacyBootEx
0x00006227	0x000000E9	[ 96] _EfiCreateEventReadyToBootEx
0x00006310	0x00000047	[ 96] _EfiSignalEventReadyToBoot
0x00006357	0x00000060	[ 96] _EfiGetNameGuidFromFwVolDevicePathNode
0x000063B7	0x00000084	[ 96] _EfiInitializeFwVolDevicepathNode
0x0000643B	0x00000008	[ 99] _UefiLibConstructor
0x00006443	0x000000C6	[ 99] _EfiGetSystemConfigurationTable
0x00006509	0x00000006	[ 99] _EfiEventEmptyFunction
0x0000650F	0x00000032	[ 99] _EfiGetCurrentTpl
0x00006541	0x00000078	[ 99] _EfiAcquireLock
0x000065B9	0x00000075	[ 99] _EfiReleaseLock
0x0000662E	0x0000012F	[ 99] _GetVariable2
0x0000675D	0x0000001A	[ 99] _GetEfiGlobalVariable2
0x00006777	0x0000014A	[ 99] _GetBestLanguage
0x000068C1	0x0000019F	[100] _UefiHiiServicesLibConstructor
0x00006A60	0x00000008	[102] _ReportStatusCode
0x00006A68	0x00000008	[102] _ReportStatusCodeEx
0x00006A70	0x00000008	[102] _ReportProgressCodeEnabled
0x00006A78	0x00000008	[102] _ReportErrorCodeEnabled
0x00006A80	0x00000008	[102] _ReportDebugCodeEnabled
0x00006A88	0x000000B0	[103] _InternalImageHandleToFvHandle
0x00006B38	0x00000147	[103] _InternalGetSectionFromFv
0x00006C7F	0x00000052	[103] _GetSectionFromFv
0x00006CD1	0x0000051D	[103] _GetFileBufferByFilePath
0x000071EE	0x000000A7	[104] _DxeServicesTableLibConstructor
0x00007295	0x00000008	[106] _StartPerformanceMeasurement
0x0000729D	0x00000008	[106] _EndPerformanceMeasurement
0x000072A5	0x00000008	[106] _StartPerformanceMeasurementEx
0x000072AD	0x00000008	[106] _EndPerformanceMeasurementEx
0x000072B5	0x0000000E	[106] _PerformanceMeasurementEnabled
0x000072C3	0x000000BD	[107] _GetHobList
0x00007380	0x00000015	[107] _HobLibConstructor
0x00007395	0x0000005F	[107] _GetNextHob
0x000073F4	0x00000053	[107] _GetNextGuidHob
0x00007447	0x00000022	[107] _GetFirstGuidHob
0x00007469	0x00000016	[107] _GetBootModeHob
0x00007480	0x00000140	[108] _InternalHiiExtractGuidFromHiiHandle
0x000075C0	0x00000140	[108] _HiiAddPackages
0x00007700	0x000000A0	[108] _HiiRemovePackages
0x000077A0	0x0000015F	[108] _HiiGetHiiHandles
0x000078FF	0x00000188	[109] _HiiSetString
0x00007A87	0x00000195	[109] _HiiGetString
0x00007C1C	0x0000009D	[110] _HiiGetSupportedLanguages
0x00007CB9	0x0000005C	[111] __ModuleEntryPoint
0x00007D15	0x00000087	[112] _BmConnectAllDriversToAllControllers
0x00007D9C	0x0000001C	[112] _EfiBootManagerConnectAll
0x00007DB8	0x00000142	[112] _EfiBootManagerConnectDevicePath
0x00007EFA	0x00000151	[112] _BmConnectUsbShortFormDevicePath
0x0000804B	0x000000E3	[113] _BmDelPartMatchInstance
0x0000812E	0x00000086	[113] _BmMatchDevicePaths
0x000081B4	0x0000033C	[113] _BmSetMemoryTypeInformationVariable
0x000084F0	0x00000108	[113] _BmSetVariableAndReportStatusCodeOnError
0x000085F8	0x0000005B	[113] _BmPrintDp
0x00008653	0x00000031	[113] _BmCharToUint
0x00008684	0x0000012D	[114] _EfiBootManagerUpdateConsoleVariable
0x000087B1	0x0000021D	[114] _BmUpdateSystemTableConsole
0x000089CE	0x00000221	[114] _EfiBootManagerConnectConsoleVariable
0x00008BEF	0x000001BD	[114] _EfiBootManagerConnectAllDefaultConsoles
0x00008DAC	0x00000030	[115] _BmEndOfBdsPerfCode
0x00008DDC	0x00000158	[115] _BmFindBootOptionInVariable
0x00008F34	0x00000169	[115] _BmAdjustFvFilePath
0x0000909D	0x0000008B	[115] _BmIsFvFilePath
0x00009128	0x000000B4	[115] _BmMatchUsbClass
0x000091DC	0x000001A0	[115] _BmMatchUsbWwid
0x0000937C	0x0000014E	[115] _BmFindUsbDevice
0x000094CA	0x000000DF	[115] _BmExpandUsbDevicePath
0x000095A9	0x0000020C	[115] _BmGetNextLoadOptionDevicePath
0x000097B5	0x00000173	[115] _BmExpandFileDevicePath
0x00009928	0x000000F7	[115] _BmExpandUriDevicePath
0x00009A1F	0x00000174	[115] _BmExpandLoadFile
0x00009B93	0x000000A7	[115] _BmGetRamDiskDevicePath
0x00009C3A	0x00000134	[115] _BmDestroyRamDisk
0x00009D6E	0x000000A6	[115] _BmCachePartitionDevicePath
0x00009E14	0x000002D9	[115] _BmExpandPartitionDevicePath
0x0000A0ED	0x000000A0	[115] _BmMatchPartitionDevicePathNode
0x0000A18D	0x000002BF	[115] _BmExpandMediaDevicePath
0x0000A44C	0x00000125	[115] _BmMatchHttpBootDevicePath
0x0000A571	0x00000124	[115] _BmExpandNetworkFileSystem
0x0000A695	0x00000135	[115] _BmGetRamDiskMemoryInfo
0x0000A7CA	0x000000F0	[115] _BmExpandLoadFiles
0x0000A8BA	0x00000053	[115] _BmIsBootManagerMenuFilePath
0x0000A90D	0x000006EE	[115] _EfiBootManagerBoot
0x0000AFFB	0x00000587	[115] _BmEnumerateBootOptions
0x0000B582	0x000001D1	[115] _EfiBootManagerRefreshAllBootOption
0x0000B753	0x00000344	[115] _BmRegisterBootManagerMenu
0x0000BA97	0x0000010B	[115] _EfiBootManagerGetBootManagerMenu
0x0000BBA4	0x00000124	[116] _BmDevicePathType
0x0000BCC8	0x000002EE	[116] _BmGetDescriptionFromDiskInfo
0x0000BFB6	0x000001F1	[116] _BmGetUsbDescription
0x0000C1A7	0x000002C8	[116] _BmGetNetworkDescription
0x0000C46F	0x000000A9	[116] _BmGetLoadFileDescription
0x0000C518	0x00000238	[116] _BmGetNvmeDescription
0x0000C750	0x00000188	[116] _BmGetMiscDescription
0x0000C8DA	0x0000018B	[116] _BmGetBootDescription
0x0000CA65	0x0000016F	[116] _BmMakeBootOptionDescriptionUnique
0x0000CBD4	0x00000159	[117] _BmForEachVariable
0x0000CD2D	0x000001A6	[117] _BmGetFreeOptionNumber
0x0000CED3	0x00000217	[117] _EfiBootManagerLoadOptionToVariable
0x0000D0EA	0x0000015D	[117] _BmAddOptionNumberToOrderVariable
0x0000D247	0x0000009D	[117] _EfiBootManagerAddLoadOptionVariable
0x0000D2E4	0x0000016E	[117] _EfiBootManagerDeleteLoadOptionVariable
0x0000D452	0x00000233	[117] _EfiBootManagerGetLoadOptions
0x0000D685	0x0000004E	[117] _EfiBootManagerFreeLoadOptions
0x0000D6D3	0x000000D8	[117] _EfiBootManagerInitializeLoadOption
0x0000D7AB	0x000000B3	[117] _EfiBootManagerFindLoadOption
0x0000D85E	0x00000089	[117] _BmGetDevicePathSizeEx
0x0000D8E7	0x000000AB	[117] _BmStrSizeEx
0x0000D992	0x0000006D	[117] _BmValidateOption
0x0000D9FF	0x000000C9	[117] _EfiBootManagerIsValidLoadOptionVariableName
0x0000DAC8	0x0000016E	[117] _EfiBootManagerVariableToLoadOptionEx
0x0000DC36	0x00000017	[117] _EfiBootManagerVariableToLoadOption
0x0000DC4D	0x00000121	[117] _BmCollectLoadOptions
0x0000DD6E	0x00000050	[117] _EfiBootManagerFreeLoadOption
0x0000DDBE	0x000000AA	[117] _BmIsLoadOptionPeHeaderValid
0x0000DE68	0x00000174	[117] _BmGetNextLoadOptionBuffer
0x0000DFDE	0x000002AA	[118] _BmHotkeyCallback
0x0000E288	0x000000B5	[118] _BmGetActiveConsoleIn
0x0000E33D	0x0000015C	[118] _BmUnregisterHotkeyNotify
0x0000E499	0x000000F3	[118] _BmStopHotkeyService
0x0000E58C	0x0000013A	[119] _BmGetControllerName
0x0000E6C6	0x00000120	[119] _BmDisplayMessages
0x0000E7E6	0x0000005A	[119] _BmRepairNotify
0x0000E840	0x00000234	[119] _BmGetSingleControllerHealthStatus
0x0000EA74	0x00000264	[119] _EfiBootManagerGetDriverHealthInfo
0x0000ECD8	0x00000046	[119] _EfiBootManagerFreeDriverHealthInfo
0x0000ED1E	0x00000382	[119] _BmRepairAllControllers
0x0000F0A0	0x0000007F	[120] _GetLineWidth
0x0000F11F	0x0000010E	[120] _InitializeBootMenuScreen
0x0000F22D	0x00000042	[120] _IsBootManagerMenu
0x0000F26F	0x000000CD	[120] _IgnoreBootOption
0x0000F33C	0x0000011B	[120] _InitializeBootMenuData
0x0000F457	0x000004CB	[120] _BootMenuSelectItem
0x0000F922	0x00000756	[120] _DrawBootPopupMenu
0x00010078	0x00000088	[120] _BootFromSelectOption
0x00010100	0x0000043D	[120] _BdsSetConsoleMode
0x0001053D	0x00000388	[120] _BootManagerMenuEntry
0x000108C5	0x00000256	[121] _ProcessLibraryConstructorList
0x00010B1B	0x00000006	[121] _ProcessLibraryDestructorList
0x00010B21	0x0000000A	[121] _ProcessModuleEntryPointList
0x00010B2B	0x00000017	[  3] literal string: Buffer != ((void *) 0)
0x00010B42	0x00000049	[  7] literal string: /Users/g5/Dev/SctWorkspace/MdePkg/Library/BaseMemoryLib/ZeroMemWrapper.c
0x00010B8B	0x00000036	[  7] literal string: Length <= (0xFFFFFFFFFFFFFFFFULL - (UINTN)Buffer + 1)
0x00010BC1	0x0000004C	[  8] literal string: /Users/g5/Dev/SctWorkspace/MdePkg/Library/BaseMemoryLib/CompareMemWrapper.c
0x00010C0D	0x00000022	[  8] literal string: DestinationBuffer != ((void *) 0)
0x00010C2F	0x0000001D	[  8] literal string: SourceBuffer != ((void *) 0)
0x00010C4C	0x00000043	[  8] literal string: (Length - 1) <= (0xFFFFFFFFFFFFFFFFULL - (UINTN)DestinationBuffer)
0x00010C8F	0x0000003E	[  8] literal string: (Length - 1) <= (0xFFFFFFFFFFFFFFFFULL - (UINTN)SourceBuffer)
0x00010CCD	0x00000049	[ 13] literal string: /Users/g5/Dev/SctWorkspace/MdePkg/Library/BaseMemoryLib/CopyMemWrapper.c
0x00010D16	0x00000008	[ 18] literal string: Success
0x00010D1E	0x00000016	[ 18] literal string: Warning Unknown Glyph
0x00010D34	0x00000017	[ 18] literal string: Warning Delete Failure
0x00010D4B	0x00000016	[ 18] literal string: Warning Write Failure
0x00010D61	0x00000019	[ 18] literal string: Warning Buffer Too Small
0x00010D7A	0x00000013	[ 18] literal string: Warning Stale Data
0x00010D8D	0x0000000B	[ 18] literal string: Load Error
0x00010D98	0x00000012	[ 18] literal string: Invalid Parameter
0x00010DAA	0x0000000C	[ 18] literal string: Unsupported
0x00010DB6	0x00000010	[ 18] literal string: Bad Buffer Size
0x00010DC6	0x00000011	[ 18] literal string: Buffer Too Small
0x00010DD7	0x0000000A	[ 18] literal string: Not Ready
0x00010DE1	0x0000000D	[ 18] literal string: Device Error
0x00010DEE	0x00000010	[ 18] literal string: Write Protected
0x00010DFE	0x00000011	[ 18] literal string: Out of Resources
0x00010E0F	0x0000000F	[ 18] literal string: Volume Corrupt
0x00010E1E	0x0000000C	[ 18] literal string: Volume Full
0x00010E2A	0x00000009	[ 18] literal string: No Media
0x00010E33	0x0000000E	[ 18] literal string: Media changed
0x00010E41	0x0000000A	[ 18] literal string: Not Found
0x00010E4B	0x0000000E	[ 18] literal string: Access Denied
0x00010E59	0x0000000C	[ 18] literal string: No Response
0x00010E65	0x0000000B	[ 18] literal string: No mapping
0x00010E70	0x00000009	[ 18] literal string: Time out
0x00010E79	0x0000000C	[ 18] literal string: Not started
0x00010E85	0x00000010	[ 18] literal string: Already started
0x00010E95	0x00000008	[ 18] literal string: Aborted
0x00010E9D	0x0000000B	[ 18] literal string: ICMP Error
0x00010EA8	0x0000000B	[ 18] literal string: TFTP Error
0x00010EB3	0x0000000F	[ 18] literal string: Protocol Error
0x00010EC2	0x00000015	[ 18] literal string: Incompatible Version
0x00010ED7	0x00000013	[ 18] literal string: Security Violation
0x00010EEA	0x0000000A	[ 18] literal string: CRC Error
0x00010EF4	0x0000000D	[ 18] literal string: End of Media
0x00010F01	0x0000000E	[ 18] literal string: Reserved (29)
0x00010F0F	0x0000000E	[ 18] literal string: Reserved (30)
0x00010F1D	0x0000000C	[ 18] literal string: End of File
0x00010F29	0x00000011	[ 18] literal string: Invalid Language
0x00010F3A	0x00000011	[ 18] literal string: Compromised Data
0x00010F4B	0x0000004A	[ 18] literal string: /Users/g5/Dev/SctWorkspace/MdePkg/Library/BasePrintLib/PrintLibInternal.c
0x00010F95	0x00000019	[ 18] literal string: (Buffer != ((void *) 0))
0x00010FAE	0x00000041	[ 18] literal string: (BufferSize <= (_gPcd_FixedAtBuild_PcdMaximumAsciiStringLength))
0x00010FEF	0x00000059	[ 18] literal string: (BufferSize <= (_gPcd_FixedAtBuild_PcdMaximumUnicodeStringLength) * sizeof (CHAR16) + 1)
0x00011048	0x0000002E	[ 18] literal string: ((Flags & ~(0x01 | 0x08 | 0x20 | 0x80)) == 0)
0x00011076	0x00000031	[ 18] literal string: (((Flags & 0x08) == 0) || ((Flags & 0x80) == 0))
0x000110A7	0x0000000D	[ 18] literal string: (Width < 38)
0x000110B4	0x00000028	[ 18] literal string: (BufferSize >= (Width + 1) * Increment)
0x000110DC	0x00000019	[ 18] literal string: (Format != ((void *) 0))
0x000110F5	0x00000043	[ 18] literal string: (BufferSize <= (_gPcd_FixedAtBuild_PcdMaximumUnicodeStringLength))
0x00011138	0x0000008C	[ 18] literal string: (StrnLenS ((CHAR16 *)Format, (_gPcd_FixedAtBuild_PcdMaximumUnicodeStringLength) + 1) <= (_gPcd_FixedAtBuild_PcdMaximumUnicodeStringLength))
0x000111C4	0x00000083	[ 18] literal string: (AsciiStrnLenS (Format, (_gPcd_FixedAtBuild_PcdMaximumAsciiStringLength) + 1) <= (_gPcd_FixedAtBuild_PcdMaximumAsciiStringLength))
0x00011247	0x0000000E	[ 18] literal string: <null string>
0x00011255	0x0000000C	[ 18] literal string: <null guid>
0x00011261	0x00000031	[ 18] literal string: %08x-%04x-%04x-%02x%02x-%02x%02x%02x%02x%02x%02x
0x00011292	0x0000000C	[ 18] literal string: <null time>
0x0001129E	0x0000001A	[ 18] literal string: %02d/%02d/%04d  %02d:%02d
0x000112B8	0x00000005	[ 18] literal string: %08X
0x000112BD	0x00000003	[ 18] literal string: \n
0x000112C0	0x00000002	[ 18] literal string: 
0x000112C2	0x00000042	[ 19] literal string: /Users/g5/Dev/SctWorkspace/MdePkg/Library/BasePrintLib/PrintLib.c
0x00011304	0x00000028	[ 19] literal string: (((UINTN) (StartOfBuffer)) & 0x01) == 0
0x0001132C	0x00000027	[ 19] literal string: (((UINTN) (FormatString)) & 0x01) == 0
0x00011353	0x00000021	[ 19] literal string: (((UINTN) (Buffer)) & 0x01) == 0
0x00011374	0x00000012	[ 21] literal string: ((BOOLEAN)(0==1))
0x00011386	0x0000003C	[ 26] literal string: /Users/g5/Dev/SctWorkspace/MdePkg/Library/BaseLib/SetJump.c
0x000113C2	0x0000001B	[ 26] literal string: JumpBuffer != ((void *) 0)
0x000113DD	0x00000023	[ 26] literal string: ((UINTN)JumpBuffer & (8 - 1)) == 0
0x00011400	0x0000000B	[ 27] literal string: Count < 64
0x0001140B	0x0000000D	[ 33] literal string: Divisor != 0
0x00011418	0x0000003E	[ 34] literal string: /Users/g5/Dev/SctWorkspace/MdePkg/Library/BaseLib/LShiftU64.c
0x00011456	0x00000047	[ 44] literal string: /Users/g5/Dev/SctWorkspace/MdePkg/Library/BaseLib/DivU64x32Remainder.c
0x0001149D	0x0000003F	[ 51] literal string: /Users/g5/Dev/SctWorkspace/MdePkg/Library/BaseLib/LinkedList.c
0x000114DC	0x00000015	[ 51] literal string: List != ((void *) 0)
0x000114F1	0x00000022	[ 51] literal string: List->ForwardLink != ((void *) 0)
0x00011513	0x0000001F	[ 51] literal string: List->BackLink != ((void *) 0)
0x00011532	0x00000028	[ 51] literal string: InternalBaseLibIsListValid (FirstEntry)
0x0001155A	0x0000001C	[ 51] literal string: SecondEntry != ((void *) 0)
0x00011576	0x00000026	[ 51] literal string: InternalBaseLibIsListValid (ListHead)
0x0001159C	0x00000022	[ 51] literal string: InternalBaseLibIsListValid (List)
0x000115BE	0x00000033	[ 51] literal string: ((BOOLEAN)(1==1)) == IsNodeInList ((List), (Node))
0x000115F1	0x00000015	[ 51] literal string: !IsListEmpty (Entry)
0x00011606	0x0000003F	[ 52] literal string: /Users/g5/Dev/SctWorkspace/MdePkg/Library/BaseLib/SafeString.c
0x00011645	0x00000023	[ 52] literal string: ((UINTN) String & 0x00000001) == 0
0x00011668	0x00000028	[ 52] literal string: ((UINTN) Destination & 0x00000001) == 0
0x00011690	0x00000023	[ 52] literal string: ((UINTN) Source & 0x00000001) == 0
0x000116B3	0x0000001E	[ 52] literal string: (Destination != ((void *) 0))
0x000116D1	0x00000019	[ 52] literal string: (Source != ((void *) 0))
0x000116EA	0x00000040	[ 52] literal string: (DestMax <= (_gPcd_FixedAtBuild_PcdMaximumUnicodeStringLength))
0x0001172A	0x0000000F	[ 52] literal string: (DestMax != 0)
0x00011739	0x00000016	[ 52] literal string: (DestMax > SourceLen)
0x0001174F	0x00000057	[ 52] literal string: InternalSafeStringNoStrOverlap (Destination, DestMax, (CHAR16 *)Source, SourceLen + 1)
0x000117A6	0x0000000F	[ 52] literal string: (CopyLen != 0)
0x000117B5	0x00000016	[ 52] literal string: (CopyLen > SourceLen)
0x000117CB	0x0000003E	[ 52] literal string: (DestMax <= (_gPcd_FixedAtBuild_PcdMaximumAsciiStringLength))
0x00011809	0x00000064	[ 52] literal string: !InternalSafeStringIsOverlap (Destination, DestMax * sizeof(CHAR16), (void *)Source, SourceLen + 1)
0x0001186D	0x0000003B	[ 53] literal string: /Users/g5/Dev/SctWorkspace/MdePkg/Library/BaseLib/String.c
0x000118A8	0x00000017	[ 53] literal string: String != ((void *) 0)
0x000118BF	0x0000003A	[ 53] literal string: Length < _gPcd_FixedAtBuild_PcdMaximumUnicodeStringLength
0x000118F9	0x0000001B	[ 53] literal string: StrSize (FirstString) != 0
0x00011914	0x0000001C	[ 53] literal string: StrSize (SecondString) != 0
0x00011930	0x0000003B	[ 53] literal string: Length <= _gPcd_FixedAtBuild_PcdMaximumUnicodeStringLength
0x0001196B	0x00000038	[ 53] literal string: Length < _gPcd_FixedAtBuild_PcdMaximumAsciiStringLength
0x000119A3	0x0000001B	[ 53] literal string: AsciiStrSize (FirstString)
0x000119BE	0x0000001C	[ 53] literal string: AsciiStrSize (SecondString)
0x000119DA	0x00000039	[ 53] literal string: Length <= _gPcd_FixedAtBuild_PcdMaximumAsciiStringLength
0x00011A13	0x0000003E	[ 59] literal string: /Users/g5/Dev/SctWorkspace/MdePkg/Library/BaseLib/Unaligned.c
0x00011A51	0x00000048	[ 87] literal string: /Users/g5/Dev/SctWorkspace/MdePkg/Library/UefiDebugLibStdErr/DebugLib.c
0x00011A99	0x00000017	[ 87] literal string: Format != ((void *) 0)
0x00011AB0	0x00000018	[ 87] literal string: ASSERT [%a] %a(%d): %a\n
0x00011AC8	0x0000005E	[ 88] literal string: /Users/g5/Dev/SctWorkspace/MdePkg/Library/UefiBootServicesTableLib/UefiBootServicesTableLib.c
0x00011B26	0x0000001D	[ 88] literal string: gImageHandle != ((void *) 0)
0x00011B43	0x00000014	[ 88] literal string: gST != ((void *) 0)
0x00011B57	0x00000014	[ 88] literal string: gBS != ((void *) 0)
0x00011B6B	0x00000058	[ 89] literal string: /Users/g5/Dev/SctWorkspace/MdePkg/Library/UefiMemoryAllocationLib/MemoryAllocationLib.c
0x00011BC3	0x0000000B	[ 89] literal string: Pages != 0
0x00011BCE	0x00000021	[ 89] literal string: \nASSERT_EFI_ERROR (Status = %r)\n
0x00011BEF	0x00000014	[ 89] literal string: !EFI_ERROR (Status)
0x00011C03	0x0000003F	[ 89] literal string: AllocationSize <= (0xFFFFFFFFFFFFFFFFULL - (UINTN) Buffer + 1)
0x00011C42	0x00000064	[ 90] literal string: /Users/g5/Dev/SctWorkspace/MdePkg/Library/UefiRuntimeServicesTableLib/UefiRuntimeServicesTableLib.c
0x00011CA6	0x00000014	[ 90] literal string: gRT != ((void *) 0)
0x00011CBA	0x00000052	[ 91] literal string: /Users/g5/Dev/SctWorkspace/MdePkg/Library/UefiDevicePathLib/DevicePathUtilities.c
0x00011D0C	0x0000001B	[ 91] literal string: DevicePath != ((void *) 0)
0x00011D27	0x00000015	[ 91] literal string: Node != ((void *) 0)
0x00011D3C	0x00000047	[ 91] literal string: (Length >= sizeof (EFI_DEVICE_PATH_PROTOCOL)) && (Length < 0x00010000)
0x00011D83	0x00000015	[ 91] literal string: Size != ((void *) 0)
0x00011D98	0x0000004F	[ 92] literal string: /Users/g5/Dev/SctWorkspace/MdePkg/Library/UefiDevicePathLib/DevicePathToText.c
0x00011DE7	0x00000019	[ 92] literal string: Str->Str != ((void *) 0)
0x00011E00	0x00000017	[ 92] literal string: NewStr != ((void *) 0)
0x00011E17	0x00000017	[ 92] literal string: UriStr != ((void *) 0)
0x00011E2E	0x00000041	[ 95] literal string: /Users/g5/Dev/SctWorkspace/MdePkg/Library/UefiLib/UefiLibPrint.c
0x00011E6F	0x00000023	[ 95] literal string: ((UINTN) Format & 0x00000001) == 0
0x00011E92	0x00000018	[ 95] literal string: Console != ((void *) 0)
0x00011EAA	0x0000001E	[ 95] literal string: ConsoleHandle != ((void *) 0)
0x00011EC8	0x00000041	[ 96] literal string: /Users/g5/Dev/SctWorkspace/MdePkg/Library/UefiLib/UefiNotTiano.c
0x00011F09	0x00000020	[ 96] literal string: LegacyBootEvent != ((void *) 0)
0x00011F29	0x00000026	[ 96] literal string: EFI1.1 can't support LegacyBootEvent!
0x00011F4F	0x00000021	[ 96] literal string: ReadyToBootEvent != ((void *) 0)
0x00011F70	0x00000027	[ 96] literal string: EFI1.1 can't support ReadyToBootEvent!
0x00011F97	0x00000021	[ 96] literal string: FvDevicePathNode != ((void *) 0)
0x00011FB8	0x00000019	[ 96] literal string: NameGuid != ((void *) 0)
0x00011FD1	0x0000003C	[ 99] literal string: /Users/g5/Dev/SctWorkspace/MdePkg/Library/UefiLib/UefiLib.c
0x0001200D	0x0000001A	[ 99] literal string: TableGuid != ((void *) 0)
0x00012027	0x00000016	[ 99] literal string: Table != ((void *) 0)
0x0001203D	0x00000015	[ 99] literal string: Name != ((void *) 0)
0x00012052	0x00000015	[ 99] literal string: Lock != ((void *) 0)
0x00012067	0x0000001E	[ 99] literal string: Lock->Lock == EfiLockReleased
0x00012085	0x0000001E	[ 99] literal string: Lock->Lock == EfiLockAcquired
0x000120A3	0x00000046	[ 99] literal string: Name != ((void *) 0) && Guid != ((void *) 0) && Value != ((void *) 0)
0x000120E9	0x00000017	[ 99] literal string: *Value != ((void *) 0)
0x00012100	0x00000023	[ 99] literal string: SupportedLanguages != ((void *) 0)
0x00012123	0x00000058	[100] literal string: /Users/g5/Dev/SctWorkspace/MdeModulePkg/Library/UefiHiiServicesLib/UefiHiiServicesLib.c
0x0001217B	0x0000004A	[103] literal string: /Users/g5/Dev/SctWorkspace/MdePkg/Library/DxeServicesLib/DxeServicesLib.c
0x000121C5	0x0000001C	[103] literal string: ImageHandle != ((void *) 0)
0x000121E1	0x00000054	[104] literal string: /Users/g5/Dev/SctWorkspace/MdePkg/Library/DxeServicesTableLib/DxeServicesTableLib.c
0x00012235	0x00000014	[104] literal string: gDS != ((void *) 0)
0x00012249	0x00000017	[106] literal string: Handle != ((void *) 0)
0x00012260	0x0000003D	[107] literal string: /Users/g5/Dev/SctWorkspace/MdePkg/Library/DxeHobLib/HobLib.c
0x0001229D	0x00000019	[107] literal string: mHobList != ((void *) 0)
0x000122B6	0x00000019	[107] literal string: HobStart != ((void *) 0)
0x000122CF	0x00000044	[108] literal string: /Users/g5/Dev/SctWorkspace/MdeModulePkg/Library/UefiHiiLib/HiiLib.c
0x00012313	0x00000015	[108] literal string: Guid != ((void *) 0)
0x00012328	0x0000003A	[108] literal string: Status != ((RETURN_STATUS)(0x8000000000000000ULL | (14)))
0x00012362	0x0000001F	[108] literal string: HiiPackageList != ((void *) 0)
0x00012381	0x00000020	[108] literal string: PackageListGuid != ((void *) 0)
0x000123A1	0x0000001A	[108] literal string: HiiHandle != ((void *) 0)
0x000123BB	0x00000047	[109] literal string: /Users/g5/Dev/SctWorkspace/MdeModulePkg/Library/UefiHiiLib/HiiString.c
0x00012402	0x00000007	[109] literal string: x-UEFI
0x00012409	0x0000000E	[109] literal string: StringId != 0
0x00012417	0x00000001	[109] literal string: 
0x00012418	0x00000049	[110] literal string: /Users/g5/Dev/SctWorkspace/MdeModulePkg/Library/UefiHiiLib/HiiLanguage.c
0x00012461	0x0000004F	[112] literal string: /Users/g5/Dev/SctWorkspace/MdeModulePkg/Library/UefiBootManagerLib/BmConnect.c
0x000124B0	0x0000004F	[112] literal string: (((INTN)(RETURN_STATUS)(Status)) < 0) || IsDevicePathEnd (RemainingDevicePath)
0x000124FF	0x00000026	[113] literal string: Memory  Previous  Current    Next   \n
0x00012525	0x00000026	[113] literal string:  Type    Pages     Pages     Pages  \n
0x0001254B	0x00000026	[113] literal string: ======  ========  ========  ========\n
0x00012571	0x0000001C	[113] literal string:   %02x    %08x  %08x  %08x\n
0x0001258D	0x0000002A	[113] literal string: Memory Type Information settings change.\n
0x000125B7	0x00000012	[113] literal string: ...Warm Reset!!!\n
0x000125C9	0x00000043	[113] literal string: Memory Type Information settings cannot be saved. OS S4 may fail!\n
0x0001260C	0x00000003	[113] literal string: %s
0x0001260F	0x0000004F	[114] literal string: /Users/g5/Dev/SctWorkspace/MdeModulePkg/Library/UefiBootManagerLib/BmConsole.c
0x0001265E	0x00000018	[114] literal string: VarName != ((void *) 0)
0x00012676	0x0000001C	[114] literal string: ConsoleGuid != ((void *) 0)
0x00012692	0x00000022	[114] literal string: ProtocolInterface != ((void *) 0)
0x000126B4	0x00000032	[114] literal string: [Bds] No valid console instance is found for %s!\n
0x000126E6	0x0000000C	[114] literal string: ConOutReady
0x000126F2	0x00000004	[114] literal string: BDS
0x000126F6	0x0000000B	[114] literal string: ConInReady
0x00012701	0x0000000C	[114] literal string: ErrOutReady
0x0001270D	0x0000004C	[115] literal string: /Users/g5/Dev/SctWorkspace/MdeModulePkg/Library/UefiBootManagerLib/BmBoot.c
0x00012759	0x00000036	[115] literal string: OptionToFind->OptionNumber == BootOption.OptionNumber
0x0001278F	0x00000021	[115] literal string: UsbIoHandleCount != ((void *) 0)
0x000127B0	0x00000021	[115] literal string: IsDevicePathEnd (TempDevicePath)
0x000127D1	0x00000022	[115] literal string: RamDiskDevicePath != ((void *) 0)
0x000127F3	0x00000060	[115] literal string: (DevicePathType (RamDiskDevicePath) == 0x04) && (DevicePathSubType (RamDiskDevicePath) == 0x09)
0x00012853	0x00000019	[115] literal string: FilePath != ((void *) 0)
0x0001286C	0x0000003C	[115] literal string: [Bds] Failed to create Boot#### for a temporary boot - %r!\n
0x000128A8	0x00000022	[115] literal string: [Bds] Booting Boot Manager Menu.\n
0x000128CA	0x0000000B	[115] literal string: BdsAttempt
0x000128D5	0x00000027	[115] literal string: [Bds]Booting from unknown device path\n
0x000128FC	0x00000011	[115] literal string: [Bds]Booting %s\n
0x0001290D	0x0000001A	[115] literal string: Image Return Status = %r\n
0x00012927	0x00000049	[115] literal string: Status == 0 || Status == ((RETURN_STATUS)(0x8000000000000000ULL | (14)))
0x00012970	0x00000020	[115] literal string: BootOptionCount != ((void *) 0)
0x00012990	0x0000001C	[115] literal string: BootOptions != ((void *) 0)
0x000129AC	0x00000056	[115] literal string: [Bds]BootManagerMenu FFS section can not be found, skip its boot option registration\n
0x00012A02	0x0000004E	[115] literal string: EfiBootManagerFindLoadOption (BootOption, BootOptions, BootOptionCount) == -1
0x00012A50	0x00000057	[116] literal string: /Users/g5/Dev/SctWorkspace/MdeModulePkg/Library/UefiBootManagerLib/BmBootDescription.c
0x00012AA7	0x0000001C	[116] literal string: Description != ((void *) 0)
0x00012AC3	0x00000015	[116] literal string: CR has Bad Signature
0x00012AD8	0x00000015	[116] literal string: Temp != ((void *) 0)
0x00012AED	0x00000023	[116] literal string: DefaultDescription != ((void *) 0)
0x00012B10	0x00000018	[116] literal string: Visited != ((void *) 0)
0x00012B28	0x00000052	[117] literal string: /Users/g5/Dev/SctWorkspace/MdeModulePkg/Library/UefiBootManagerLib/BmLoadOption.c
0x00012B7A	0x00000021	[117] literal string: FreeOptionNumber != ((void *) 0)
0x00012B9B	0x0000007A	[117] literal string: LoadOptionType == LoadOptionTypeDriver || LoadOptionType == LoadOptionTypeBoot || LoadOptionType == LoadOptionTypeSysPrep
0x00012C15	0x0000006F	[117] literal string: (OptionOrder != ((void *) 0) && OptionOrderSize != 0) || (OptionOrder == ((void *) 0) && OptionOrderSize == 0)
0x00012C84	0x00000018	[117] literal string: OptionNumber <= 0x10000
0x00012C9C	0x00000019	[117] literal string: Variable != ((void *) 0)
0x00012CB5	0x0000001F	[117] literal string: NewOptionOrder != ((void *) 0)
0x00012CD4	0x0000002C	[117] literal string: String != ((void *) 0) && MaxStringLen != 0
0x00012D00	0x0000001F	[117] literal string: Param->Options != ((void *) 0)
0x00012D1F	0x00000018	[117] literal string: Options != ((void *) 0)
0x00012D37	0x0000004D	[117] literal string: [Bds] %s doesn't exist - Update ****Order variable to remove the reference!!
0x00012D84	0x00000032	[117] literal string: Options[OptionIndex].OptionNumber == OptionNumber
0x00012DB6	0x0000000E	[117] literal string: [Bds] Expand 
0x00012DC4	0x00000005	[117] literal string:  -> 
0x00012DC9	0x00000002	[117] literal string: \n
0x00012DCB	0x0000004E	[118] literal string: /Users/g5/Dev/SctWorkspace/MdeModulePkg/Library/UefiBootManagerLib/BmHotkey.c
0x00012E19	0x00000022	[118] literal string: [Bds]BmHotkeyCallback: %04x:%04x\n
0x00012E3B	0x0000004E	[118] literal string: Hotkey->WaitingKey < (sizeof (Hotkey->KeyData) / sizeof (Hotkey->KeyData[0]))
0x00012E89	0x00000021	[118] literal string: [Bds]Hotkey for %s pressed - %r\n
0x00012EAA	0x0000001C	[118] literal string: [Bds]Continue key pressed!\n
0x00012EC6	0x00000028	[118] literal string: [Bds]UnregisterKeyNotify: %04x/%04x %r\n
0x00012EEE	0x0000001B	[118] literal string: [Bds]Stop Hotkey Service!\n
0x00012F09	0x00000004	[119] literal string: eng
0x00012F0D	0x00000006	[119] literal string: en-US
0x00012F13	0x00000010	[119] literal string: Controller: %s\n
0x00012F23	0x00000006	[119] literal string:   %s\n
0x00012F29	0x0000001A	[119] literal string: [BDS]RepairNotify: %d/%d\n
0x00012F43	0x00000054	[119] literal string: /Users/g5/Dev/SctWorkspace/MdeModulePkg/Library/UefiBootManagerLib/BmDriverHealth.c
0x00012F97	0x00000023	[119] literal string: DriverHealthHandle != ((void *) 0)
0x00012FBA	0x00000022	[119] literal string: *DriverHealthInfo != ((void *) 0)
0x00012FDC	0x00000024	[119] literal string: DriverHealthHandles != ((void *) 0)
0x00013000	0x0000000F	[119] literal string: %02d: %s - %s\n
0x0001300F	0x0000003E	[119] literal string: [BDS] One of the Driver Health instances requires rebooting.\n
0x0001304D	0x00000059	[120] literal string: /Users/g5/Dev/SctWorkspace/MdeModulePkg/Application/BootManagerMenuApp/BootManagerMenu.c
0x000130A6	0x00000028	[120] literal string: BootMenuData->PtrTokens != ((void *) 0)
0x000130CE	0x0000002E	[120] literal string: BootOption[Index].Description != ((void *) 0)
0x000130FC	0x0000001D	[120] literal string: BootMenuData->ItemCount != 0
0x00013119	0x00000022	[120] literal string: gStringPackHandle != ((void *) 0)
0x0001313B	0x00000013	[121] literal string: BootManagerMenuApp
0x0001314E	0x0000008D	[121] literal string: /Users/g5/Dev/SctWorkspace/Build/MdeModule/RELEASE_XCODE5/X64/MdeModulePkg/Application/BootManagerMenuApp/BootManagerMenuApp/DEBUG/AutoGen.c
0x000131E0	0x00000010	[ 18] _mHexStr
0x000131F0	0x00000004	[ 91] _mUefiDevicePathLibEndDevicePath
0x00013200	0x00000018	[ 92] l_switch.table.DevPathToTextUart
0x00013220	0x00000004	[108] _mEndOfPakageList
0x00013230	0x00000004	[121] __gPcd_FixedAtBuild_PcdDebugPrintErrorLevel
0x00013234	0x00000004	[121] __gPcd_FixedAtBuild_PcdMaximumAsciiStringLength
0x00013238	0x00000004	[121] __gPcd_FixedAtBuild_PcdMaximumUnicodeStringLength
0x0001323C	0x00000004	[121] __gPcd_FixedAtBuild_PcdVerifyNodeInList
0x00013240	0x00000004	[121] __gPcd_FixedAtBuild_PcdMaximumLinkedListLength
0x00013244	0x00000001	[121] __gPcd_FixedAtBuild_PcdDebugPropertyMask
0x00013248	0x00000004	[121] __gPcd_FixedAtBuild_PcdFixedDebugPrintErrorLevel
0x0001324C	0x00000004	[121] __gPcd_FixedAtBuild_PcdMaximumDevicePathNodeCount
0x00013258	0x00000004	[121] __gPcd_FixedAtBuild_PcdUefiLibMaxPrintBufferSize
0x0001325C	0x00000001	[121] __gPcd_FixedAtBuild_PcdPerformanceLibraryPropertyMask
0x0001325D	0x00000003	[121] __gPcd_FixedAtBuild_PcdResetOnMemoryTypeInformationChange
0x00013260	0x00000004	[121] __gPcd_FixedAtBuild_PcdProgressCodeOsLoaderLoad
0x00013264	0x00000004	[121] __gPcd_FixedAtBuild_PcdProgressCodeOsLoaderStart
0x00013268	0x00000008	[121] __gPcd_FixedAtBuild_PcdErrorCodeSetVariable
0x00013270	0x00000010	[121] __gPcd_FixedAtBuild_PcdBootManagerMenuFile
0x00013280	0x00000010	[121] __gPcd_FixedAtBuild_PcdDriverHealthConfigureForm
0x00013290	0x00000004	[121] __gPcd_FixedAtBuild_PcdMaxRepairCount
0x00013294	0x00000004	[121] __gUefiDriverRevision
0x00013298	0x0000001E	[ 92] l_.str.2
0x000132B6	0x0000001A	[ 92] l_.str.3
0x000132D0	0x0000003E	[ 92] l_.str.4
0x0001330E	0x00000006	[ 92] l_.str.5
0x00013314	0x00000008	[ 92] l_.str.6
0x0001331C	0x00000018	[ 92] l_.str.7
0x00013334	0x00000016	[ 92] l_.str.8
0x0001334A	0x0000001E	[ 92] l_.str.9
0x00013368	0x00000014	[ 92] l_.str.10
0x0001337C	0x00000022	[ 92] l_.str.11
0x0001339E	0x0000000A	[ 92] l_.str.12
0x000133A8	0x00000012	[ 92] l_.str.13
0x000133BA	0x00000010	[ 92] l_.str.14
0x000133CA	0x0000002C	[ 92] l_.str.15
0x000133F6	0x00000024	[ 92] l_.str.16
0x0001341A	0x00000014	[ 92] l_.str.17
0x0001342E	0x0000000A	[ 92] l_.str.18
0x00013438	0x00000008	[ 92] l_.str.19
0x00013440	0x00000012	[ 92] l_.str.20
0x00013452	0x00000012	[ 92] l_.str.21
0x00013464	0x00000012	[ 92] l_.str.22
0x00013476	0x0000000E	[ 92] l_.str.23
0x00013484	0x00000006	[ 92] l_.str.24
0x0001348A	0x0000000C	[ 92] l_.str.25
0x00013496	0x00000018	[ 92] l_.str.26
0x000134AE	0x0000000C	[ 92] l_.str.27
0x000134BA	0x00000018	[ 92] l_.str.28
0x000134D2	0x0000000C	[ 92] l_.str.29
0x000134DE	0x00000004	[ 92] l_.str.30
0x000134E2	0x00000012	[ 92] l_.str.31
0x000134F4	0x00000004	[ 92] l_.str.32
0x000134F8	0x0000000A	[ 92] l_.str.33
0x00013502	0x00000004	[ 92] l_.str.34
0x00013506	0x00000016	[ 92] l_.str.35
0x0001351C	0x00000020	[ 92] l_.str.36
0x0001353C	0x0000001C	[ 92] l_.str.37
0x00013558	0x0000001E	[ 92] l_.str.38
0x00013576	0x0000001A	[ 92] l_.str.39
0x00013590	0x0000001E	[ 92] l_.str.40
0x000135AE	0x0000001A	[ 92] l_.str.41
0x000135C8	0x00000026	[ 92] l_.str.42
0x000135EE	0x00000026	[ 92] l_.str.43
0x00013614	0x00000024	[ 92] l_.str.44
0x00013638	0x00000016	[ 92] l_.str.45
0x0001364E	0x00000024	[ 92] l_.str.46
0x00013672	0x00000016	[ 92] l_.str.47
0x00013688	0x00000016	[ 92] l_.str.48
0x0001369E	0x00000008	[ 92] l_.str.49
0x000136A6	0x00000008	[ 92] l_.str.50
0x000136AE	0x00000008	[ 92] l_.str.51
0x000136B6	0x00000038	[ 92] l_.str.52
0x000136EE	0x0000001A	[ 92] l_.str.53
0x00013708	0x0000000C	[ 92] l_.str.54
0x00013714	0x00000014	[ 92] l_.str.55
0x00013728	0x00000020	[ 92] l_.str.56
0x00013748	0x00000014	[ 92] l_.str.57
0x0001375C	0x00000010	[ 92] l_.str.58
0x0001376C	0x0000000C	[ 92] l_.str.59
0x00013778	0x0000000E	[ 92] l_.str.60
0x00013786	0x00000020	[ 92] l_.str.61
0x000137A6	0x00000026	[ 92] l_.str.62
0x000137CC	0x00000016	[ 92] l_.str.63
0x000137E2	0x00000008	[ 92] l_.str.64
0x000137EA	0x00000012	[ 92] l_.str.65
0x000137FC	0x0000000E	[ 92] l_.str.66
0x0001380A	0x00000022	[ 92] l_.str.67
0x0001382C	0x00000004	[ 92] l_.str.68
0x00013830	0x0000000A	[ 92] l_.str.69
0x0001383A	0x00000016	[ 92] l_.str.70
0x00013850	0x00000066	[ 92] l_.str.71
0x000138B6	0x0000001E	[ 92] l_.str.72
0x000138D4	0x00000012	[ 92] l_.str.73
0x000138E6	0x00000016	[ 92] l_.str.74
0x000138FC	0x0000001C	[ 92] l_.str.75
0x00013918	0x0000001E	[ 92] l_.str.76
0x00013936	0x0000003A	[ 92] l_.str.78
0x00013970	0x00000016	[ 92] l_.str.79
0x00013986	0x00000012	[ 92] l_.str.80
0x00013998	0x0000001C	[ 92] l_.str.81
0x000139B4	0x0000000E	[ 92] l_.str.82
0x000139C2	0x00000012	[ 92] l_.str.83
0x000139D4	0x00000016	[ 92] l_.str.84
0x000139EA	0x0000001E	[ 92] l_.str.85
0x00013A08	0x0000000E	[ 92] l_.str.86
0x00013A16	0x00000016	[ 92] l_.str.87
0x00013A2C	0x0000001A	[ 92] l_.str.88
0x00013A46	0x00000012	[ 92] l_.str.89
0x00013A58	0x0000001C	[ 92] l_.str.90
0x00013A74	0x00000018	[ 92] l_.str.91
0x00013A8C	0x0000002C	[ 92] l_.str.92
0x00013AB8	0x00000050	[ 92] l_.str.93
0x00013B08	0x0000003C	[ 92] l_.str.94
0x00013B44	0x0000004C	[ 92] l_.str.95
0x00013B90	0x00000046	[ 92] l_.str.96
0x00013BD6	0x0000002A	[ 92] l_.str.97
0x00013C00	0x00000014	[ 92] l_.str.98
0x00013C14	0x0000000A	[ 92] l_.str.99
0x00013C1E	0x0000000E	[ 92] l_.str.100
0x00013C2C	0x00000008	[ 92] l_.str.101
0x00013C34	0x00000008	[ 92] l_.str.102
0x00013C3C	0x00000018	[ 92] l_.str.103
0x00013C54	0x00000090	[ 92] l_.str.104
0x00013CE4	0x0000000C	[ 92] l_.str.105
0x00013CF0	0x0000000A	[ 92] l_.str.106
0x00013CFA	0x0000000E	[ 92] l_.str.107
0x00013D08	0x0000000A	[ 92] l_.str.108
0x00013D12	0x0000000C	[ 92] l_.str.109
0x00013D1E	0x00000012	[ 92] l_.str.110
0x00013D30	0x00000032	[ 92] l_.str.111
0x00013D62	0x00000030	[ 92] l_.str.112
0x00013D92	0x0000004C	[ 92] l_.str.113
0x00013DDE	0x0000001C	[ 92] l_.str.114
0x00013DFA	0x00000014	[ 92] l_.str.115
0x00013E0E	0x00000012	[ 92] l_.str.116
0x00013E20	0x00000008	[ 92] l_.str.117
0x00013E28	0x00000008	[ 92] l_.str.118
0x00013E30	0x00000006	[ 92] l_.str.119
0x00013E36	0x00000006	[ 92] l_.str.120
0x00013E3C	0x0000000A	[ 92] l_.str.121
0x00013E46	0x00000006	[ 92] l_.str.122
0x00013E4C	0x00000006	[ 92] l_.str.123
0x00013E52	0x0000002A	[ 92] l_.str.124
0x00013E7C	0x00000008	[ 92] l_.str.125
0x00013E84	0x0000000E	[ 92] l_.str.126
0x00013E92	0x00000012	[ 92] l_.str.127
0x00013EA4	0x00000010	[ 92] l_.str.128
0x00013EB4	0x00000012	[ 92] l_.str.129
0x00013EC6	0x00000012	[ 92] l_.str.130
0x00013ED8	0x00000048	[ 92] l_.str.131
0x00013F20	0x00000014	[ 92] l_.str.132
0x00013F34	0x0000005A	[ 92] l_.str.133
0x00013F8E	0x0000000A	[ 92] l_.str.134
0x00013F98	0x00000010	[ 92] l_.str.136
0x00013FA8	0x00000022	[ 92] l_.str.137
0x00013FCA	0x00000008	[ 92] l_.str.138
0x00013FD2	0x0000001A	[ 92] l_.str.139
0x00013FEC	0x00000008	[ 92] l_.str.140
0x00013FF4	0x00000018	[ 92] l_.str.141
0x0001400C	0x0000001A	[ 92] l_.str.142
0x00014026	0x00000018	[ 92] l_.str.143
0x0001403E	0x00000030	[ 92] l_.str.144
0x0001406E	0x00000006	[ 92] l_.str.145
0x00014074	0x00000014	[ 92] l_.str.146
0x00014088	0x0000000E	[ 92] l_.str.147
0x00014096	0x00000016	[ 92] l_.str.148
0x000140AC	0x00000028	[ 92] l_.str.149
0x000140D4	0x00000038	[ 92] l_.str.150
0x0001410C	0x00000034	[ 92] l_.str.151
0x00014140	0x0000004C	[ 92] l_.str.152
0x0001418C	0x00000048	[ 92] l_.str.153
0x000141D4	0x00000036	[ 92] l_.str.154
0x0001420A	0x0000000E	[ 92] l_.str.155
0x00014218	0x00000006	[ 92] l_.str.156
0x0001421E	0x0000000C	[ 92] l_.str.157
0x0001422A	0x0000000E	[ 92] l_.str.158
0x00014238	0x00000008	[ 92] l_.str.159
0x00014240	0x00000010	[ 92] l_.str.160
0x00014250	0x00000014	[ 92] l_.str.161
0x00014264	0x00000018	[ 92] l_.str.162
0x0001427C	0x0000001A	[ 92] l_.str.163
0x00014296	0x00000012	[ 92] l_.str.164
0x000142A8	0x00000014	[ 92] l_.str.165
0x000142BC	0x00000010	[ 92] l_.str.166
0x000142CC	0x00000016	[ 92] l_.str.167
0x000142E2	0x0000000C	[ 92] l_.str.168
0x000142EE	0x00000004	[ 92] l_.str.170
0x000142F2	0x0000001A	[109] l_.str.6
0x0001430C	0x0000002C	[113] l_.str
0x00014338	0x0000000C	[114] l_.str
0x00014344	0x0000000E	[114] l_.str.1
0x00014352	0x0000000E	[114] l_.str.2
0x00014360	0x00000012	[114] l_.str.3
0x00014372	0x00000014	[114] l_.str.4
0x00014386	0x00000014	[114] l_.str.5
0x0001439A	0x0000000E	[115] l_.str.1
0x000143A8	0x0000000A	[115] l_.str.5
0x000143B2	0x0000002C	[115] l_.str.9
0x000143DE	0x00000018	[115] l_.str.14
0x000143F6	0x00000024	[115] l_.str.25
0x0001441A	0x00000014	[116] l_.str.4
0x0001442E	0x00000018	[116] l_.str.5
0x00014446	0x00000004	[116] l_.str.6
0x0001444A	0x0000004A	[116] l_.str.7
0x00014494	0x00000058	[116] l_.str.8
0x000144EC	0x00000008	[116] l_.str.9
0x000144F4	0x0000000A	[116] l_.str.10
0x000144FE	0x0000000E	[116] l_.str.13
0x0001450C	0x00000014	[116] l_.str.14
0x00014520	0x00000016	[116] l_.str.15
0x00014536	0x00000016	[116] l_.str.16
0x0001454C	0x00000018	[116] l_.str.17
0x00014564	0x0000001E	[116] l_.str.18
0x00014582	0x00000018	[116] l_.str.19
0x0001459A	0x0000002C	[116] l_.str.20
0x000145C6	0x0000000C	[116] l_.str.25
0x000145D2	0x0000000E	[117] l_.str
0x000145E0	0x00000010	[117] l_.str.1
0x000145F0	0x0000000A	[117] l_.str.2
0x000145FA	0x00000022	[117] l_.str.3
0x0001461C	0x00000018	[117] l_.str.4
0x00014634	0x0000001A	[117] l_.str.5
0x0001464E	0x00000014	[117] l_.str.6
0x00014662	0x00000012	[117] l_.str.14
0x00014674	0x0000000E	[117] l_.str.17
0x00014682	0x0000000E	[118] l_.str
0x00014690	0x00000010	[119] l_.str
0x000146A0	0x00000020	[119] l_.str.1
0x000146C0	0x0000002E	[119] l_.str.2
0x000146EE	0x0000000E	[119] l_.str.3
0x000146FC	0x00000026	[119] l_.str.4
0x00014722	0x00000020	[119] l_.str.5
0x00014742	0x0000000A	[119] l_.str.6
0x0001474C	0x0000001A	[119] l_.str.7
0x00014766	0x00000020	[119] l_.str.12
0x00014786	0x0000000C	[119] l_.str.13
0x00014792	0x00000034	[119] l_.str.16
0x000147C6	0x00000006	[120] l_.str
0x000147CC	0x00000006	[120] l_.str.1
0x000147E0	0x00000138	[ 18] _mStatusString
0x00014920	0x00000060	[ 92] _mUefiDevicePathLibToTextTableGeneric
0x00014980	0x00000320	[ 92] _mUefiDevicePathLibToTextTable
0x00014CA0	0x00000030	[ 92] l_switch.table.DevPathToTextBBS
0x00014CD0	0x00000002	[ 55] _m16Size
0x00014CD2	0x00000002	[ 55] _mThunk16Attr
0x00014CD4	0x00000002	[ 55] _m16Gdt
0x00014CD6	0x00000002	[ 55] _m16GdtrBase
0x00014CD8	0x00000002	[ 55] _mTransition
0x00014CE0	0x00000030	[114] _mConVarName
0x00014D10	0x00000010	[115] _mBmHardDriveBootVariableGuid
0x00014D20	0x00000010	[115] _mBmAutoCreateBootOptionGuid
0x00014D30	0x00000010	[116] _mBmUefiPrefix
0x00014D40	0x00000010	[116] _mPlatformBootDescriptionHandlers
0x00014D50	0x00000030	[116] _mBmBootDescriptionHandlers
0x00014D80	0x00000020	[117] _mBmLoadOptionName
0x00014DA0	0x00000020	[117] _mBmLoadOptionOrderName
0x00014DC0	0x00000018	[118] _mBmHotkeyLock
0x00014DD8	0x00000010	[118] _mBmHotkeyList
0x00014DE8	0x00000058	[118] _mBmHotkeyBootOption
0x00014E40	0x00000030	[119] _mBmHealthStatusText
0x00014E70	0x00000010	[121] _gEfiCallerIdGuid
0x00014E80	0x00000008	[121] _gEfiCallerBaseName
0x00014E88	0x00000010	[121] _gEfiVTUTF8Guid
0x00014E98	0x00000010	[121] _gEfiVT100Guid
0x00014EA8	0x00000010	[121] _gEfiVT100PlusGuid
0x00014EB8	0x00000010	[121] _gEfiPcAnsiGuid
0x00014EC8	0x00000010	[121] _gEfiUartDevicePathGuid
0x00014ED8	0x00000010	[121] _gEfiSasDevicePathGuid
0x00014EE8	0x00000010	[121] _gEfiVirtualDiskGuid
0x00014EF8	0x00000010	[121] _gEfiVirtualCdGuid
0x00014F08	0x00000010	[121] _gEfiPersistentVirtualDiskGuid
0x00014F18	0x00000010	[121] _gEfiPersistentVirtualCdGuid
0x00014F28	0x00000010	[121] _gEfiEventReadyToBootGuid
0x00014F38	0x00000010	[121] _gEfiEventLegacyBootGuid
0x00014F48	0x00000010	[121] _gEfiGlobalVariableGuid
0x00014F58	0x00000010	[121] _gEfiFileInfoGuid
0x00014F68	0x00000010	[121] _gEfiDxeServicesTableGuid
0x00014F78	0x00000010	[121] _gEfiHobListGuid
0x00014F88	0x00000010	[121] _gEfiMemoryTypeInformationGuid
0x00014F98	0x00000010	[121] _gEdkiiStatusCodeDataTypeVariableGuid
0x00014FA8	0x00000010	[121] _gEfiDiskInfoAhciInterfaceGuid
0x00014FB8	0x00000010	[121] _gEfiDiskInfoIdeInterfaceGuid
0x00014FC8	0x00000010	[121] _gEfiDiskInfoScsiInterfaceGuid
0x00014FD8	0x00000010	[121] _gEfiDiskInfoSdMmcInterfaceGuid
0x00014FE8	0x00000010	[121] _gEfiBootLogoProtocolGuid
0x00014FF8	0x00000010	[121] _gEfiLoadedImageDevicePathProtocolGuid
0x00015008	0x00000010	[121] _gEfiDevicePathProtocolGuid
0x00015018	0x00000010	[121] _gEfiDebugPortProtocolGuid
0x00015028	0x00000010	[121] _gEfiSimpleTextOutProtocolGuid
0x00015038	0x00000010	[121] _gEfiGraphicsOutputProtocolGuid
0x00015048	0x00000010	[121] _gEfiHiiFontProtocolGuid
0x00015058	0x00000010	[121] _gEfiComponentNameProtocolGuid
0x00015068	0x00000010	[121] _gEfiComponentName2ProtocolGuid
0x00015078	0x00000010	[121] _gEfiHiiStringProtocolGuid
0x00015088	0x00000010	[121] _gEfiHiiImageProtocolGuid
0x00015098	0x00000010	[121] _gEfiHiiDatabaseProtocolGuid
0x000150A8	0x00000010	[121] _gEfiHiiConfigRoutingProtocolGuid
0x000150B8	0x00000010	[121] _gEfiFirmwareVolume2ProtocolGuid
0x000150C8	0x00000010	[121] _gEfiLoadedImageProtocolGuid
0x000150D8	0x00000010	[121] _gEfiLoadFileProtocolGuid
0x000150E8	0x00000010	[121] _gEfiLoadFile2ProtocolGuid
0x000150F8	0x00000010	[121] _gEfiSimpleFileSystemProtocolGuid
0x00015108	0x00000010	[121] _gEfiFormBrowser2ProtocolGuid
0x00015118	0x00000010	[121] _gEfiPciIoProtocolGuid
0x00015128	0x00000010	[121] _gEfiSimpleTextInProtocolGuid
0x00015138	0x00000010	[121] _gEfiBlockIoProtocolGuid
0x00015148	0x00000010	[121] _gEfiSimpleTextInputExProtocolGuid
0x00015158	0x00000010	[121] _gEdkiiVariableLockProtocolGuid
0x00015168	0x00000010	[121] _gEfiUsbIoProtocolGuid
0x00015178	0x00000010	[121] _gEfiNvmExpressPassThruProtocolGuid
0x00015188	0x00000010	[121] _gEfiDiskInfoProtocolGuid
0x00015198	0x00000010	[121] _gEfiDriverHealthProtocolGuid
0x000151A8	0x00000010	[121] _gEfiRamDiskProtocolGuid
0x000151B8	0x00000008	[121] __gPcd_BinaryPatch_PcdConOutRow
0x000151C8	0x00000008	[121] __gPcd_BinaryPatch_PcdConOutColumn
0x000151D8	0x00000008	[121] __gPcd_BinaryPatch_PcdVideoHorizontalResolution
0x000151E8	0x00000008	[121] __gPcd_BinaryPatch_PcdVideoVerticalResolution
0x000151F8	0x00000008	[121] __gPcd_BinaryPatch_PcdSetupConOutColumn
0x00015208	0x00000008	[121] __gPcd_BinaryPatch_PcdSetupConOutRow
0x00015218	0x00000008	[121] __gPcd_BinaryPatch_PcdSetupVideoHorizontalResolution
0x00015228	0x00000008	[121] __gPcd_BinaryPatch_PcdSetupVideoVerticalResolution
0x00015230	0x0000020E	[121] _BootManagerMenuAppStrings
0x00015440	0x00000008	[ 88] _gImageHandle
0x00015448	0x00000008	[ 88] _gST
0x00015450	0x00000008	[ 88] _gBS
0x00015458	0x00000008	[ 90] _gRT
0x00015460	0x00000008	[100] _gHiiFont
0x00015468	0x00000008	[100] _gHiiString
0x00015470	0x00000008	[100] _gHiiImage
0x00015478	0x00000008	[100] _gHiiDatabase
0x00015480	0x00000008	[100] _gHiiConfigRouting
0x00015488	0x00000008	[104] _gDS
0x00015490	0x00000008	[107] _mHobList
0x00015498	0x00000008	[115] _mRamDisk
0x000154A0	0x00000008	[115] _mBmRefreshLegacyBootOption
0x000154A8	0x00000008	[115] _mBmLegacyBoot
0x000154B0	0x00000008	[118] _mBmHotkeyTriggered
0x000154B8	0x00000004	[120] _mModeInitialized
0x000154BC	0x00000004	[120] _mBootHorizontalResolution
0x000154C0	0x00000004	[120] _mBootVerticalResolution
0x000154C4	0x00000004	[120] _mBootTextModeColumn
0x000154C8	0x00000004	[120] _mBootTextModeRow
0x000154CC	0x00000004	[120] _mSetupTextModeColumn
0x000154D0	0x00000004	[120] _mSetupTextModeRow
0x000154D4	0x00000004	[120] _mSetupHorizontalResolution
0x000154D8	0x00000004	[120] _mSetupVerticalResolution
0x000154E0	0x00000008	[120] _gStringPackHandle
