# Path: /Users/g5/Dev/SctWorkspace/Build/MdeModule/RELEASE_XCODE5/X64/MdeModulePkg/Universal/StatusCodeHandler/RuntimeDxe/StatusCodeHandlerRuntimeDxe/DEBUG/StatusCodeHandlerRuntimeDxe.dll
# Arch: x86_64
# Object files:
[  0] linker synthesized
[  1] /Users/g5/Dev/SctWorkspace/Build/MdeModule/RELEASE_XCODE5/X64/MdePkg/Library/BaseDebugPrintErrorLevelLib/BaseDebugPrintErrorLevelLib/OUTPUT/BaseDebugPrintErrorLevelLib.lib(BaseDebugPrintErrorLevelLib.obj)
[  2] /Users/g5/Dev/SctWorkspace/Build/MdeModule/RELEASE_XCODE5/X64/MdePkg/Library/BaseLib/BaseLib/OUTPUT/BaseLib.lib(CheckSum.obj)
[  3] /Users/g5/Dev/SctWorkspace/Build/MdeModule/RELEASE_XCODE5/X64/MdePkg/Library/BaseLib/BaseLib/OUTPUT/BaseLib.lib(SwitchStack.obj)
[  4] /Users/g5/Dev/SctWorkspace/Build/MdeModule/RELEASE_XCODE5/X64/MdePkg/Library/BaseLib/BaseLib/OUTPUT/BaseLib.lib(SwapBytes64.obj)
[  5] /Users/g5/Dev/SctWorkspace/Build/MdeModule/RELEASE_XCODE5/X64/MdePkg/Library/BaseLib/BaseLib/OUTPUT/BaseLib.lib(SwapBytes32.obj)
[  6] /Users/g5/Dev/SctWorkspace/Build/MdeModule/RELEASE_XCODE5/X64/MdePkg/Library/BaseLib/BaseLib/OUTPUT/BaseLib.lib(SwapBytes16.obj)
[  7] /Users/g5/Dev/SctWorkspace/Build/MdeModule/RELEASE_XCODE5/X64/MdePkg/Library/BaseLib/BaseLib/OUTPUT/BaseLib.lib(LongJump.obj)
[  8] /Users/g5/Dev/SctWorkspace/Build/MdeModule/RELEASE_XCODE5/X64/MdePkg/Library/BaseLib/BaseLib/OUTPUT/BaseLib.lib(SetJump.obj)
[  9] /Users/g5/Dev/SctWorkspace/Build/MdeModule/RELEASE_XCODE5/X64/MdePkg/Library/BaseLib/BaseLib/OUTPUT/BaseLib.lib(RShiftU64.obj)
[ 10] /Users/g5/Dev/SctWorkspace/Build/MdeModule/RELEASE_XCODE5/X64/MdePkg/Library/BaseLib/BaseLib/OUTPUT/BaseLib.lib(RRotU64.obj)
[ 11] /Users/g5/Dev/SctWorkspace/Build/MdeModule/RELEASE_XCODE5/X64/MdePkg/Library/BaseLib/BaseLib/OUTPUT/BaseLib.lib(RRotU32.obj)
[ 12] /Users/g5/Dev/SctWorkspace/Build/MdeModule/RELEASE_XCODE5/X64/MdePkg/Library/BaseLib/BaseLib/OUTPUT/BaseLib.lib(MultU64x64.obj)
[ 13] /Users/g5/Dev/SctWorkspace/Build/MdeModule/RELEASE_XCODE5/X64/MdePkg/Library/BaseLib/BaseLib/OUTPUT/BaseLib.lib(MultU64x32.obj)
[ 14] /Users/g5/Dev/SctWorkspace/Build/MdeModule/RELEASE_XCODE5/X64/MdePkg/Library/BaseLib/BaseLib/OUTPUT/BaseLib.lib(MultS64x64.obj)
[ 15] /Users/g5/Dev/SctWorkspace/Build/MdeModule/RELEASE_XCODE5/X64/MdePkg/Library/BaseLib/BaseLib/OUTPUT/BaseLib.lib(ModU64x32.obj)
[ 16] /Users/g5/Dev/SctWorkspace/Build/MdeModule/RELEASE_XCODE5/X64/MdePkg/Library/BaseLib/BaseLib/OUTPUT/BaseLib.lib(LShiftU64.obj)
[ 17] /Users/g5/Dev/SctWorkspace/Build/MdeModule/RELEASE_XCODE5/X64/MdePkg/Library/BaseLib/BaseLib/OUTPUT/BaseLib.lib(LRotU64.obj)
[ 18] /Users/g5/Dev/SctWorkspace/Build/MdeModule/RELEASE_XCODE5/X64/MdePkg/Library/BaseLib/BaseLib/OUTPUT/BaseLib.lib(LRotU32.obj)
[ 19] /Users/g5/Dev/SctWorkspace/Build/MdeModule/RELEASE_XCODE5/X64/MdePkg/Library/BaseLib/BaseLib/OUTPUT/BaseLib.lib(LowBitSet64.obj)
[ 20] /Users/g5/Dev/SctWorkspace/Build/MdeModule/RELEASE_XCODE5/X64/MdePkg/Library/BaseLib/BaseLib/OUTPUT/BaseLib.lib(LowBitSet32.obj)
[ 21] /Users/g5/Dev/SctWorkspace/Build/MdeModule/RELEASE_XCODE5/X64/MdePkg/Library/BaseLib/BaseLib/OUTPUT/BaseLib.lib(HighBitSet64.obj)
[ 22] /Users/g5/Dev/SctWorkspace/Build/MdeModule/RELEASE_XCODE5/X64/MdePkg/Library/BaseLib/BaseLib/OUTPUT/BaseLib.lib(HighBitSet32.obj)
[ 23] /Users/g5/Dev/SctWorkspace/Build/MdeModule/RELEASE_XCODE5/X64/MdePkg/Library/BaseLib/BaseLib/OUTPUT/BaseLib.lib(GetPowerOfTwo64.obj)
[ 24] /Users/g5/Dev/SctWorkspace/Build/MdeModule/RELEASE_XCODE5/X64/MdePkg/Library/BaseLib/BaseLib/OUTPUT/BaseLib.lib(GetPowerOfTwo32.obj)
[ 25] /Users/g5/Dev/SctWorkspace/Build/MdeModule/RELEASE_XCODE5/X64/MdePkg/Library/BaseLib/BaseLib/OUTPUT/BaseLib.lib(DivU64x64Remainder.obj)
[ 26] /Users/g5/Dev/SctWorkspace/Build/MdeModule/RELEASE_XCODE5/X64/MdePkg/Library/BaseLib/BaseLib/OUTPUT/BaseLib.lib(DivU64x32Remainder.obj)
[ 27] /Users/g5/Dev/SctWorkspace/Build/MdeModule/RELEASE_XCODE5/X64/MdePkg/Library/BaseLib/BaseLib/OUTPUT/BaseLib.lib(DivU64x32.obj)
[ 28] /Users/g5/Dev/SctWorkspace/Build/MdeModule/RELEASE_XCODE5/X64/MdePkg/Library/BaseLib/BaseLib/OUTPUT/BaseLib.lib(DivS64x64Remainder.obj)
[ 29] /Users/g5/Dev/SctWorkspace/Build/MdeModule/RELEASE_XCODE5/X64/MdePkg/Library/BaseLib/BaseLib/OUTPUT/BaseLib.lib(ARShiftU64.obj)
[ 30] /Users/g5/Dev/SctWorkspace/Build/MdeModule/RELEASE_XCODE5/X64/MdePkg/Library/BaseLib/BaseLib/OUTPUT/BaseLib.lib(BitField.obj)
[ 31] /Users/g5/Dev/SctWorkspace/Build/MdeModule/RELEASE_XCODE5/X64/MdePkg/Library/BaseLib/BaseLib/OUTPUT/BaseLib.lib(CpuDeadLoop.obj)
[ 32] /Users/g5/Dev/SctWorkspace/Build/MdeModule/RELEASE_XCODE5/X64/MdePkg/Library/BaseLib/BaseLib/OUTPUT/BaseLib.lib(Cpu.obj)
[ 33] /Users/g5/Dev/SctWorkspace/Build/MdeModule/RELEASE_XCODE5/X64/MdePkg/Library/BaseLib/BaseLib/OUTPUT/BaseLib.lib(LinkedList.obj)
[ 34] /Users/g5/Dev/SctWorkspace/Build/MdeModule/RELEASE_XCODE5/X64/MdePkg/Library/BaseLib/BaseLib/OUTPUT/BaseLib.lib(SafeString.obj)
[ 35] /Users/g5/Dev/SctWorkspace/Build/MdeModule/RELEASE_XCODE5/X64/MdePkg/Library/BaseLib/BaseLib/OUTPUT/BaseLib.lib(String.obj)
[ 36] /Users/g5/Dev/SctWorkspace/Build/MdeModule/RELEASE_XCODE5/X64/MdePkg/Library/BaseLib/BaseLib/OUTPUT/BaseLib.lib(FilePaths.obj)
[ 37] /Users/g5/Dev/SctWorkspace/Build/MdeModule/RELEASE_XCODE5/X64/MdePkg/Library/BaseLib/BaseLib/OUTPUT/BaseLib.lib(Thunk16.obj)
[ 38] /Users/g5/Dev/SctWorkspace/Build/MdeModule/RELEASE_XCODE5/X64/MdePkg/Library/BaseLib/BaseLib/OUTPUT/BaseLib.lib(WriteTr.obj)
[ 39] /Users/g5/Dev/SctWorkspace/Build/MdeModule/RELEASE_XCODE5/X64/MdePkg/Library/BaseLib/BaseLib/OUTPUT/BaseLib.lib(Non-existing.obj)
[ 40] /Users/g5/Dev/SctWorkspace/Build/MdeModule/RELEASE_XCODE5/X64/MdePkg/Library/BaseLib/BaseLib/OUTPUT/BaseLib.lib(Math64.obj)
[ 41] /Users/g5/Dev/SctWorkspace/Build/MdeModule/RELEASE_XCODE5/X64/MdePkg/Library/BaseLib/BaseLib/OUTPUT/BaseLib.lib(Unaligned.obj)
[ 42] /Users/g5/Dev/SctWorkspace/Build/MdeModule/RELEASE_XCODE5/X64/MdePkg/Library/BaseLib/BaseLib/OUTPUT/BaseLib.lib(X86WriteIdtr.obj)
[ 43] /Users/g5/Dev/SctWorkspace/Build/MdeModule/RELEASE_XCODE5/X64/MdePkg/Library/BaseLib/BaseLib/OUTPUT/BaseLib.lib(X86WriteGdtr.obj)
[ 44] /Users/g5/Dev/SctWorkspace/Build/MdeModule/RELEASE_XCODE5/X64/MdePkg/Library/BaseLib/BaseLib/OUTPUT/BaseLib.lib(X86Thunk.obj)
[ 45] /Users/g5/Dev/SctWorkspace/Build/MdeModule/RELEASE_XCODE5/X64/MdePkg/Library/BaseLib/BaseLib/OUTPUT/BaseLib.lib(X86ReadIdtr.obj)
[ 46] /Users/g5/Dev/SctWorkspace/Build/MdeModule/RELEASE_XCODE5/X64/MdePkg/Library/BaseLib/BaseLib/OUTPUT/BaseLib.lib(X86ReadGdtr.obj)
[ 47] /Users/g5/Dev/SctWorkspace/Build/MdeModule/RELEASE_XCODE5/X64/MdePkg/Library/BaseLib/BaseLib/OUTPUT/BaseLib.lib(X86Msr.obj)
[ 48] /Users/g5/Dev/SctWorkspace/Build/MdeModule/RELEASE_XCODE5/X64/MdePkg/Library/BaseLib/BaseLib/OUTPUT/BaseLib.lib(X86GetInterruptState.obj)
[ 49] /Users/g5/Dev/SctWorkspace/Build/MdeModule/RELEASE_XCODE5/X64/MdePkg/Library/BaseLib/BaseLib/OUTPUT/BaseLib.lib(X86FxSave.obj)
[ 50] /Users/g5/Dev/SctWorkspace/Build/MdeModule/RELEASE_XCODE5/X64/MdePkg/Library/BaseLib/BaseLib/OUTPUT/BaseLib.lib(X86FxRestore.obj)
[ 51] /Users/g5/Dev/SctWorkspace/Build/MdeModule/RELEASE_XCODE5/X64/MdePkg/Library/BaseLib/BaseLib/OUTPUT/BaseLib.lib(X86EnablePaging64.obj)
[ 52] /Users/g5/Dev/SctWorkspace/Build/MdeModule/RELEASE_XCODE5/X64/MdePkg/Library/BaseLib/BaseLib/OUTPUT/BaseLib.lib(X86EnablePaging32.obj)
[ 53] /Users/g5/Dev/SctWorkspace/Build/MdeModule/RELEASE_XCODE5/X64/MdePkg/Library/BaseLib/BaseLib/OUTPUT/BaseLib.lib(X86DisablePaging64.obj)
[ 54] /Users/g5/Dev/SctWorkspace/Build/MdeModule/RELEASE_XCODE5/X64/MdePkg/Library/BaseLib/BaseLib/OUTPUT/BaseLib.lib(X86DisablePaging32.obj)
[ 55] /Users/g5/Dev/SctWorkspace/Build/MdeModule/RELEASE_XCODE5/X64/MdePkg/Library/BaseLib/BaseLib/OUTPUT/BaseLib.lib(X86RdRand.obj)
[ 56] /Users/g5/Dev/SctWorkspace/Build/MdeModule/RELEASE_XCODE5/X64/MdePkg/Library/BaseLib/BaseLib/OUTPUT/BaseLib.lib(GccInline.obj)
[ 57] /Users/g5/Dev/SctWorkspace/Build/MdeModule/RELEASE_XCODE5/X64/MdePkg/Library/BaseLib/BaseLib/OUTPUT/BaseLib.lib(SwitchStack.obj)
[ 58] /Users/g5/Dev/SctWorkspace/Build/MdeModule/RELEASE_XCODE5/X64/MdePkg/Library/BaseLib/BaseLib/OUTPUT/BaseLib.lib(SetJump.obj)
[ 59] /Users/g5/Dev/SctWorkspace/Build/MdeModule/RELEASE_XCODE5/X64/MdePkg/Library/BaseLib/BaseLib/OUTPUT/BaseLib.lib(LongJump.obj)
[ 60] /Users/g5/Dev/SctWorkspace/Build/MdeModule/RELEASE_XCODE5/X64/MdePkg/Library/BaseLib/BaseLib/OUTPUT/BaseLib.lib(EnableDisableInterrupts.obj)
[ 61] /Users/g5/Dev/SctWorkspace/Build/MdeModule/RELEASE_XCODE5/X64/MdePkg/Library/BaseLib/BaseLib/OUTPUT/BaseLib.lib(DisablePaging64.obj)
[ 62] /Users/g5/Dev/SctWorkspace/Build/MdeModule/RELEASE_XCODE5/X64/MdePkg/Library/BaseLib/BaseLib/OUTPUT/BaseLib.lib(CpuId.obj)
[ 63] /Users/g5/Dev/SctWorkspace/Build/MdeModule/RELEASE_XCODE5/X64/MdePkg/Library/BaseLib/BaseLib/OUTPUT/BaseLib.lib(CpuIdEx.obj)
[ 64] /Users/g5/Dev/SctWorkspace/Build/MdeModule/RELEASE_XCODE5/X64/MdePkg/Library/BaseLib/BaseLib/OUTPUT/BaseLib.lib(EnableCache.obj)
[ 65] /Users/g5/Dev/SctWorkspace/Build/MdeModule/RELEASE_XCODE5/X64/MdePkg/Library/BaseLib/BaseLib/OUTPUT/BaseLib.lib(DisableCache.obj)
[ 66] /Users/g5/Dev/SctWorkspace/Build/MdeModule/RELEASE_XCODE5/X64/MdePkg/Library/BaseLib/BaseLib/OUTPUT/BaseLib.lib(RdRand.obj)
[ 67] /Users/g5/Dev/SctWorkspace/Build/MdeModule/RELEASE_XCODE5/X64/MdePkg/Library/BaseLib/BaseLib/OUTPUT/BaseLib.lib(ChkStkGcc.obj)
[ 68] /Users/g5/Dev/SctWorkspace/Build/MdeModule/RELEASE_XCODE5/X64/MdePkg/Library/BaseMemoryLib/BaseMemoryLib/OUTPUT/BaseMemoryLib.lib(SetMem.obj)
[ 69] /Users/g5/Dev/SctWorkspace/Build/MdeModule/RELEASE_XCODE5/X64/MdePkg/Library/BaseMemoryLib/BaseMemoryLib/OUTPUT/BaseMemoryLib.lib(ScanMem64Wrapper.obj)
[ 70] /Users/g5/Dev/SctWorkspace/Build/MdeModule/RELEASE_XCODE5/X64/MdePkg/Library/BaseMemoryLib/BaseMemoryLib/OUTPUT/BaseMemoryLib.lib(ScanMem32Wrapper.obj)
[ 71] /Users/g5/Dev/SctWorkspace/Build/MdeModule/RELEASE_XCODE5/X64/MdePkg/Library/BaseMemoryLib/BaseMemoryLib/OUTPUT/BaseMemoryLib.lib(ScanMem16Wrapper.obj)
[ 72] /Users/g5/Dev/SctWorkspace/Build/MdeModule/RELEASE_XCODE5/X64/MdePkg/Library/BaseMemoryLib/BaseMemoryLib/OUTPUT/BaseMemoryLib.lib(ScanMem8Wrapper.obj)
[ 73] /Users/g5/Dev/SctWorkspace/Build/MdeModule/RELEASE_XCODE5/X64/MdePkg/Library/BaseMemoryLib/BaseMemoryLib/OUTPUT/BaseMemoryLib.lib(ZeroMemWrapper.obj)
[ 74] /Users/g5/Dev/SctWorkspace/Build/MdeModule/RELEASE_XCODE5/X64/MdePkg/Library/BaseMemoryLib/BaseMemoryLib/OUTPUT/BaseMemoryLib.lib(CompareMemWrapper.obj)
[ 75] /Users/g5/Dev/SctWorkspace/Build/MdeModule/RELEASE_XCODE5/X64/MdePkg/Library/BaseMemoryLib/BaseMemoryLib/OUTPUT/BaseMemoryLib.lib(SetMem64Wrapper.obj)
[ 76] /Users/g5/Dev/SctWorkspace/Build/MdeModule/RELEASE_XCODE5/X64/MdePkg/Library/BaseMemoryLib/BaseMemoryLib/OUTPUT/BaseMemoryLib.lib(SetMem32Wrapper.obj)
[ 77] /Users/g5/Dev/SctWorkspace/Build/MdeModule/RELEASE_XCODE5/X64/MdePkg/Library/BaseMemoryLib/BaseMemoryLib/OUTPUT/BaseMemoryLib.lib(SetMem16Wrapper.obj)
[ 78] /Users/g5/Dev/SctWorkspace/Build/MdeModule/RELEASE_XCODE5/X64/MdePkg/Library/BaseMemoryLib/BaseMemoryLib/OUTPUT/BaseMemoryLib.lib(SetMemWrapper.obj)
[ 79] /Users/g5/Dev/SctWorkspace/Build/MdeModule/RELEASE_XCODE5/X64/MdePkg/Library/BaseMemoryLib/BaseMemoryLib/OUTPUT/BaseMemoryLib.lib(CopyMemWrapper.obj)
[ 80] /Users/g5/Dev/SctWorkspace/Build/MdeModule/RELEASE_XCODE5/X64/MdePkg/Library/BaseMemoryLib/BaseMemoryLib/OUTPUT/BaseMemoryLib.lib(IsZeroBufferWrapper.obj)
[ 81] /Users/g5/Dev/SctWorkspace/Build/MdeModule/RELEASE_XCODE5/X64/MdePkg/Library/BaseMemoryLib/BaseMemoryLib/OUTPUT/BaseMemoryLib.lib(MemLibGeneric.obj)
[ 82] /Users/g5/Dev/SctWorkspace/Build/MdeModule/RELEASE_XCODE5/X64/MdePkg/Library/BaseMemoryLib/BaseMemoryLib/OUTPUT/BaseMemoryLib.lib(MemLibGuid.obj)
[ 83] /Users/g5/Dev/SctWorkspace/Build/MdeModule/RELEASE_XCODE5/X64/MdePkg/Library/BaseMemoryLib/BaseMemoryLib/OUTPUT/BaseMemoryLib.lib(CopyMem.obj)
[ 84] /Users/g5/Dev/SctWorkspace/Build/MdeModule/RELEASE_XCODE5/X64/MdePkg/Library/UefiDebugLibConOut/UefiDebugLibConOut/OUTPUT/UefiDebugLibConOut.lib(DebugLib.obj)
[ 85] /Users/g5/Dev/SctWorkspace/Build/MdeModule/RELEASE_XCODE5/X64/MdePkg/Library/BasePrintLib/BasePrintLib/OUTPUT/BasePrintLib.lib(PrintLibInternal.obj)
[ 86] /Users/g5/Dev/SctWorkspace/Build/MdeModule/RELEASE_XCODE5/X64/MdePkg/Library/BasePrintLib/BasePrintLib/OUTPUT/BasePrintLib.lib(PrintLib.obj)
[ 87] /Users/g5/Dev/SctWorkspace/Build/MdeModule/RELEASE_XCODE5/X64/MdePkg/Library/BasePcdLibNull/BasePcdLibNull/OUTPUT/BasePcdLibNull.lib(PcdLib.obj)
[ 88] /Users/g5/Dev/SctWorkspace/Build/MdeModule/RELEASE_XCODE5/X64/MdePkg/Library/UefiBootServicesTableLib/UefiBootServicesTableLib/OUTPUT/UefiBootServicesTableLib.lib(UefiBootServicesTableLib.obj)
[ 89] /Users/g5/Dev/SctWorkspace/Build/MdeModule/RELEASE_XCODE5/X64/MdePkg/Library/UefiMemoryAllocationLib/UefiMemoryAllocationLib/OUTPUT/UefiMemoryAllocationLib.lib(MemoryAllocationLib.obj)
[ 90] /Users/g5/Dev/SctWorkspace/Build/MdeModule/RELEASE_XCODE5/X64/MdePkg/Library/UefiRuntimeServicesTableLib/UefiRuntimeServicesTableLib/OUTPUT/UefiRuntimeServicesTableLib.lib(UefiRuntimeServicesTableLib.obj)
[ 91] /Users/g5/Dev/SctWorkspace/Build/MdeModule/RELEASE_XCODE5/X64/MdePkg/Library/UefiDevicePathLib/UefiDevicePathLib/OUTPUT/UefiDevicePathLib.lib(DevicePathUtilities.obj)
[ 92] /Users/g5/Dev/SctWorkspace/Build/MdeModule/RELEASE_XCODE5/X64/MdePkg/Library/UefiDevicePathLib/UefiDevicePathLib/OUTPUT/UefiDevicePathLib.lib(DevicePathToText.obj)
[ 93] /Users/g5/Dev/SctWorkspace/Build/MdeModule/RELEASE_XCODE5/X64/MdePkg/Library/UefiDevicePathLib/UefiDevicePathLib/OUTPUT/UefiDevicePathLib.lib(DevicePathFromText.obj)
[ 94] /Users/g5/Dev/SctWorkspace/Build/MdeModule/RELEASE_XCODE5/X64/MdePkg/Library/UefiDevicePathLib/UefiDevicePathLib/OUTPUT/UefiDevicePathLib.lib(UefiDevicePathLib.obj)
[ 95] /Users/g5/Dev/SctWorkspace/Build/MdeModule/RELEASE_XCODE5/X64/MdePkg/Library/UefiLib/UefiLib/OUTPUT/UefiLib.lib(UefiLibPrint.obj)
[ 96] /Users/g5/Dev/SctWorkspace/Build/MdeModule/RELEASE_XCODE5/X64/MdePkg/Library/UefiLib/UefiLib/OUTPUT/UefiLib.lib(UefiNotTiano.obj)
[ 97] /Users/g5/Dev/SctWorkspace/Build/MdeModule/RELEASE_XCODE5/X64/MdePkg/Library/UefiLib/UefiLib/OUTPUT/UefiLib.lib(UefiDriverModel.obj)
[ 98] /Users/g5/Dev/SctWorkspace/Build/MdeModule/RELEASE_XCODE5/X64/MdePkg/Library/UefiLib/UefiLib/OUTPUT/UefiLib.lib(Console.obj)
[ 99] /Users/g5/Dev/SctWorkspace/Build/MdeModule/RELEASE_XCODE5/X64/MdePkg/Library/UefiLib/UefiLib/OUTPUT/UefiLib.lib(UefiLib.obj)
[100] /Users/g5/Dev/SctWorkspace/Build/MdeModule/RELEASE_XCODE5/X64/MdePkg/Library/BaseSerialPortLibNull/BaseSerialPortLibNull/OUTPUT/BaseSerialPortLibNull.lib(BaseSerialPortLibNull.obj)
[101] /Users/g5/Dev/SctWorkspace/Build/MdeModule/RELEASE_XCODE5/X64/MdePkg/Library/UefiRuntimeLib/UefiRuntimeLib/OUTPUT/UefiRuntimeLib.lib(RuntimeLib.obj)
[102] /Users/g5/Dev/SctWorkspace/Build/MdeModule/RELEASE_XCODE5/X64/MdePkg/Library/UefiDriverEntryPoint/UefiDriverEntryPoint/OUTPUT/UefiDriverEntryPoint.lib(DriverEntryPoint.obj)
[103] /Users/g5/Dev/SctWorkspace/Build/MdeModule/RELEASE_XCODE5/X64/MdePkg/Library/DxeHobLib/DxeHobLib/OUTPUT/DxeHobLib.lib(HobLib.obj)
[104] /Users/g5/Dev/SctWorkspace/Build/MdeModule/RELEASE_XCODE5/X64/MdePkg/Library/BaseReportStatusCodeLibNull/BaseReportStatusCodeLibNull/OUTPUT/BaseReportStatusCodeLibNull.lib(BaseReportStatusCodeLib.obj)
[105] /Users/g5/Dev/SctWorkspace/Build/MdeModule/RELEASE_XCODE5/X64/MdeModulePkg/Universal/StatusCodeHandler/RuntimeDxe/StatusCodeHandlerRuntimeDxe/OUTPUT/StatusCodeHandlerRuntimeDxe.lib(StatusCodeHandlerRuntimeDxe.obj)
[106] /Users/g5/Dev/SctWorkspace/Build/MdeModule/RELEASE_XCODE5/X64/MdeModulePkg/Universal/StatusCodeHandler/RuntimeDxe/StatusCodeHandlerRuntimeDxe/OUTPUT/StatusCodeHandlerRuntimeDxe.lib(SerialStatusCodeWorker.obj)
[107] /Users/g5/Dev/SctWorkspace/Build/MdeModule/RELEASE_XCODE5/X64/MdeModulePkg/Universal/StatusCodeHandler/RuntimeDxe/StatusCodeHandlerRuntimeDxe/OUTPUT/StatusCodeHandlerRuntimeDxe.lib(MemoryStatusCodeWorker.obj)
[108] /Users/g5/Dev/SctWorkspace/Build/MdeModule/RELEASE_XCODE5/X64/MdeModulePkg/Universal/StatusCodeHandler/RuntimeDxe/StatusCodeHandlerRuntimeDxe/OUTPUT/StatusCodeHandlerRuntimeDxe.lib(AutoGen.obj)
# Sections:
# Address	Size    	Segment	Section
0x00000240	0x00002C6F	__TEXT	__text
0x00002EAF	0x00000D39	__TEXT	__cstring
0x00003BF0	0x00000031	__TEXT	__const
0x00003C40	0x00000138	__DATA	__const
0x00003D78	0x00000088	__DATA	__data
0x00003E00	0x00000088	__DATA	__common
# Symbols:
# Address	Size    	File  Name
0x00000240	0x00000000	[  0] ___dso_handle
0x00000240	0x0000000C	[  1] _GetDebugPrintErrorLevel
0x0000024C	0x00000066	[  8] _InternalAssertJumpBuffer
0x000002B2	0x0000004D	[ 26] _DivU64x32Remainder
0x000002FF	0x0000001A	[ 31] _CpuDeadLoop
0x00000319	0x00000071	[ 34] _StrnLenS
0x0000038A	0x00000036	[ 34] _AsciiStrnLenS
0x000003C0	0x00000000	[ 37] SavedGdt
0x000003C0	0x0000000A	[ 37] _m16Start
0x000003CA	0x00000008	[ 37] _BackFromUserCode
0x000003D2	0x00000014	[ 37] _BackFromUserCode.Base
0x000003E6	0x0000000D	[ 37] _BackFromUserCode.ThunkAttrEnd
0x000003F3	0x0000000B	[ 37] _BackFromUserCode.1
0x000003FE	0x00000036	[ 37] _BackFromUserCode.2
0x00000434	0x0000001C	[ 37] _BackFromUserCode.SavedCr4End
0x00000450	0x0000000B	[ 37] _BackFromUserCode.SavedCr0End
0x0000045B	0x0000000B	[ 37] _BackFromUserCode.X64JmpEnd
0x00000466	0x00000002	[ 37] _BackFromUserCode.SavedSpEnd
0x00000468	0x00000006	[ 37] _EntryPoint
0x0000046E	0x00000002	[ 37] _16Gdtr
0x00000470	0x00000008	[ 37] _16GdtrBase
0x00000478	0x00000006	[ 37] _16Idtr
0x0000047E	0x00000028	[ 37] _ToUserCode
0x000004A6	0x0000000F	[ 37] _ToUserCode.Base
0x000004B5	0x0000001B	[ 37] _ToUserCode.RealMode
0x000004D0	0x00000008	[ 37] _NullSeg
0x000004D8	0x00000008	[ 37] _16Code
0x000004E0	0x00000008	[ 37] _16Data
0x000004E8	0x00000008	[ 37] _32Data
0x000004F0	0x000000B4	[ 37] _InternalAsmThunk16
0x000005A4	0x00000020	[ 37] _InternalAsmThunk16.RetFromRealMode
0x000005C4	0x00000006	[ 38] _AsmWriteTr
0x000005CA	0x00000023	[ 40] _InternalMathDivRemU64x32
0x000005ED	0x0000003C	[ 41] _ReadUnaligned16
0x00000629	0x0000003B	[ 41] _ReadUnaligned32
0x00000664	0x0000003C	[ 41] _ReadUnaligned64
0x000006A0	0x00000007	[ 56] _CpuBreakpoint
0x000006A7	0x0000000F	[ 57] _InternalSwitchStack
0x000006B6	0x0000008F	[ 58] _SetJump
0x00000745	0x0000007C	[ 59] _InternalLongJump
0x000007C1	0x00000003	[ 60] _EnableDisableInterrupts
0x000007C4	0x0000003A	[ 61] _InternalX86DisablePaging64
0x000007FE	0x00000027	[ 61] _InternalX86DisablePaging64.0
0x00000825	0x00000000	[ 61] mTransitionEnd
0x00000825	0x0000000F	[ 62] _AsmCpuid
0x00000834	0x00000005	[ 62] _AsmCpuid.0
0x00000839	0x00000007	[ 62] _AsmCpuid.1
0x00000840	0x00000009	[ 62] _AsmCpuid.2
0x00000849	0x00000003	[ 62] _AsmCpuid.3
0x0000084C	0x00000015	[ 63] _AsmCpuidEx
0x00000861	0x00000007	[ 63] _AsmCpuidEx.0
0x00000868	0x00000007	[ 63] _AsmCpuidEx.1
0x0000086F	0x00000009	[ 63] _AsmCpuidEx.2
0x00000878	0x00000003	[ 63] _AsmCpuidEx.3
0x0000087B	0x00000013	[ 64] _AsmEnableCache
0x0000088E	0x00000013	[ 65] _AsmDisableCache
0x000008A1	0x00000009	[ 66] _InternalX86RdRand16
0x000008AA	0x00000009	[ 66] rn16_ok
0x000008B3	0x00000009	[ 66] _InternalX86RdRand32
0x000008BC	0x00000008	[ 66] rn32_ok
0x000008C4	0x0000000A	[ 66] _InternalX86RdRand64
0x000008CE	0x00000009	[ 66] rn64_ok
0x000008D7	0x00000055	[ 82] _CompareGuid
0x0000092C	0x00000094	[ 84] _DebugPrint
0x000009C0	0x0000000E	[ 84] _DebugAssertEnabled
0x000009CE	0x0000007C	[ 84] _DebugAssert
0x00000A4A	0x00000010	[ 84] _DebugPrintEnabled
0x00000A5A	0x0000000F	[ 84] _DebugPrintLevelEnabled
0x00000A6B	0x000011F9	[ 85] _BasePrintLibSPrintMarker
0x00001C64	0x0000002C	[ 85] _BasePrintLibSPrint
0x00001C90	0x0000006F	[ 86] _UnicodeVSPrintAsciiFormat
0x00001CFF	0x00000021	[ 86] _UnicodeSPrintAsciiFormat
0x00001D20	0x0000002D	[ 86] _AsciiBSPrint
0x00001D4D	0x00000038	[ 86] _AsciiSPrint
0x00001D85	0x000000B5	[ 88] _UefiBootServicesTableLibConstructor
0x00001E3A	0x0000003D	[ 89] _AllocateRuntimePool
0x00001E77	0x00000048	[ 90] _UefiRuntimeServicesTableLibConstructor
0x00001EBF	0x00000008	[ 99] _UefiLibConstructor
0x00001EC7	0x000000C6	[ 99] _EfiGetSystemConfigurationTable
0x00001F8D	0x00000008	[100] _SerialPortInitialize
0x00001F95	0x00000008	[100] _SerialPortWrite
0x00001F9D	0x0000000D	[101] _RuntimeLibExitBootServicesEvent
0x00001FAA	0x00000028	[101] _RuntimeLibVirtualNotifyEvent
0x00001FD2	0x00000013	[101] _EfiConvertPointer
0x00001FE5	0x00000195	[101] _RuntimeDriverLibConstruct
0x0000217A	0x0000010A	[101] _RuntimeDriverLibDeconstruct
0x00002284	0x00000034	[102] __DriverUnloadHandler
0x000022B8	0x000000EB	[102] __ModuleEntryPoint
0x000023A3	0x000000BD	[103] _GetHobList
0x00002460	0x00000015	[103] _HobLibConstructor
0x00002475	0x0000005F	[103] _GetNextHob
0x000024D4	0x00000053	[103] _GetNextGuidHob
0x00002527	0x00000022	[103] _GetFirstGuidHob
0x00002549	0x00000008	[104] _ReportStatusCodeExtractAssertInfo
0x00002551	0x000000BE	[104] _ReportStatusCodeExtractDebugInfo
0x0000260F	0x00000022	[105] _UnregisterBootTimeHandlers
0x00002631	0x00000013	[105] _VirtualAddressChangeCallBack
0x00002644	0x00000175	[105] _InitializationDispatcherWorker
0x000027B9	0x0000018A	[105] _StatusCodeHandlerRuntimeDxeEntry
0x00002943	0x00000226	[106] _SerialStatusCodeReportWorker
0x00002B69	0x00000093	[107] _RtMemoryStatusCodeInitializeWorker
0x00002BFC	0x0000003B	[107] _RtMemoryStatusCodeReportWorker
0x00002C37	0x000001F7	[108] _ProcessLibraryConstructorList
0x00002E2E	0x0000006F	[108] _ProcessLibraryDestructorList
0x00002E9D	0x0000000A	[108] _ProcessModuleEntryPointList
0x00002EA7	0x00000008	[108] _ProcessModuleUnloadList
0x00002EAF	0x00000017	[  2] literal string: Buffer != ((void *) 0)
0x00002EC6	0x0000003C	[  8] literal string: /Users/g5/Dev/SctWorkspace/MdePkg/Library/BaseLib/SetJump.c
0x00002F02	0x0000001B	[  8] literal string: JumpBuffer != ((void *) 0)
0x00002F1D	0x00000023	[  8] literal string: ((UINTN)JumpBuffer & (8 - 1)) == 0
0x00002F40	0x0000000D	[ 15] literal string: Divisor != 0
0x00002F4D	0x00000047	[ 26] literal string: /Users/g5/Dev/SctWorkspace/MdePkg/Library/BaseLib/DivU64x32Remainder.c
0x00002F94	0x0000003F	[ 34] literal string: /Users/g5/Dev/SctWorkspace/MdePkg/Library/BaseLib/SafeString.c
0x00002FD3	0x00000023	[ 34] literal string: ((UINTN) String & 0x00000001) == 0
0x00002FF6	0x00000019	[ 34] literal string: (Buffer != ((void *) 0))
0x0000300F	0x0000003E	[ 41] literal string: /Users/g5/Dev/SctWorkspace/MdePkg/Library/BaseLib/Unaligned.c
0x0000304D	0x00000048	[ 84] literal string: /Users/g5/Dev/SctWorkspace/MdePkg/Library/UefiDebugLibConOut/DebugLib.c
0x00003095	0x00000017	[ 84] literal string: Format != ((void *) 0)
0x000030AC	0x00000018	[ 84] literal string: ASSERT [%a] %a(%d): %a\n
0x000030C4	0x00000008	[ 85] literal string: Success
0x000030CC	0x00000016	[ 85] literal string: Warning Unknown Glyph
0x000030E2	0x00000017	[ 85] literal string: Warning Delete Failure
0x000030F9	0x00000016	[ 85] literal string: Warning Write Failure
0x0000310F	0x00000019	[ 85] literal string: Warning Buffer Too Small
0x00003128	0x00000013	[ 85] literal string: Warning Stale Data
0x0000313B	0x0000000B	[ 85] literal string: Load Error
0x00003146	0x00000012	[ 85] literal string: Invalid Parameter
0x00003158	0x0000000C	[ 85] literal string: Unsupported
0x00003164	0x00000010	[ 85] literal string: Bad Buffer Size
0x00003174	0x00000011	[ 85] literal string: Buffer Too Small
0x00003185	0x0000000A	[ 85] literal string: Not Ready
0x0000318F	0x0000000D	[ 85] literal string: Device Error
0x0000319C	0x00000010	[ 85] literal string: Write Protected
0x000031AC	0x00000011	[ 85] literal string: Out of Resources
0x000031BD	0x0000000F	[ 85] literal string: Volume Corrupt
0x000031CC	0x0000000C	[ 85] literal string: Volume Full
0x000031D8	0x00000009	[ 85] literal string: No Media
0x000031E1	0x0000000E	[ 85] literal string: Media changed
0x000031EF	0x0000000A	[ 85] literal string: Not Found
0x000031F9	0x0000000E	[ 85] literal string: Access Denied
0x00003207	0x0000000C	[ 85] literal string: No Response
0x00003213	0x0000000B	[ 85] literal string: No mapping
0x0000321E	0x00000009	[ 85] literal string: Time out
0x00003227	0x0000000C	[ 85] literal string: Not started
0x00003233	0x00000010	[ 85] literal string: Already started
0x00003243	0x00000008	[ 85] literal string: Aborted
0x0000324B	0x0000000B	[ 85] literal string: ICMP Error
0x00003256	0x0000000B	[ 85] literal string: TFTP Error
0x00003261	0x0000000F	[ 85] literal string: Protocol Error
0x00003270	0x00000015	[ 85] literal string: Incompatible Version
0x00003285	0x00000013	[ 85] literal string: Security Violation
0x00003298	0x0000000A	[ 85] literal string: CRC Error
0x000032A2	0x0000000D	[ 85] literal string: End of Media
0x000032AF	0x0000000E	[ 85] literal string: Reserved (29)
0x000032BD	0x0000000E	[ 85] literal string: Reserved (30)
0x000032CB	0x0000000C	[ 85] literal string: End of File
0x000032D7	0x00000011	[ 85] literal string: Invalid Language
0x000032E8	0x00000011	[ 85] literal string: Compromised Data
0x000032F9	0x0000004A	[ 85] literal string: /Users/g5/Dev/SctWorkspace/MdePkg/Library/BasePrintLib/PrintLibInternal.c
0x00003343	0x00000041	[ 85] literal string: (BufferSize <= (_gPcd_FixedAtBuild_PcdMaximumAsciiStringLength))
0x00003384	0x00000019	[ 85] literal string: (Format != ((void *) 0))
0x0000339D	0x00000043	[ 85] literal string: (BufferSize <= (_gPcd_FixedAtBuild_PcdMaximumUnicodeStringLength))
0x000033E0	0x0000008C	[ 85] literal string: (StrnLenS ((CHAR16 *)Format, (_gPcd_FixedAtBuild_PcdMaximumUnicodeStringLength) + 1) <= (_gPcd_FixedAtBuild_PcdMaximumUnicodeStringLength))
0x0000346C	0x00000083	[ 85] literal string: (AsciiStrnLenS (Format, (_gPcd_FixedAtBuild_PcdMaximumAsciiStringLength) + 1) <= (_gPcd_FixedAtBuild_PcdMaximumAsciiStringLength))
0x000034EF	0x0000000E	[ 85] literal string: <null string>
0x000034FD	0x0000000C	[ 85] literal string: <null guid>
0x00003509	0x00000031	[ 85] literal string: %08x-%04x-%04x-%02x%02x-%02x%02x%02x%02x%02x%02x
0x0000353A	0x0000000C	[ 85] literal string: <null time>
0x00003546	0x0000001A	[ 85] literal string: %02d/%02d/%04d  %02d:%02d
0x00003560	0x00000005	[ 85] literal string: %08X
0x00003565	0x00000003	[ 85] literal string: \n
0x00003568	0x00000002	[ 85] literal string: 
0x0000356A	0x00000042	[ 86] literal string: /Users/g5/Dev/SctWorkspace/MdePkg/Library/BasePrintLib/PrintLib.c
0x000035AC	0x00000028	[ 86] literal string: (((UINTN) (StartOfBuffer)) & 0x01) == 0
0x000035D4	0x0000005E	[ 88] literal string: /Users/g5/Dev/SctWorkspace/MdePkg/Library/UefiBootServicesTableLib/UefiBootServicesTableLib.c
0x00003632	0x0000001D	[ 88] literal string: gImageHandle != ((void *) 0)
0x0000364F	0x00000014	[ 88] literal string: gST != ((void *) 0)
0x00003663	0x00000014	[ 88] literal string: gBS != ((void *) 0)
0x00003677	0x00000021	[ 89] literal string: \nASSERT_EFI_ERROR (Status = %r)\n
0x00003698	0x00000014	[ 89] literal string: !EFI_ERROR (Status)
0x000036AC	0x00000064	[ 90] literal string: /Users/g5/Dev/SctWorkspace/MdePkg/Library/UefiRuntimeServicesTableLib/UefiRuntimeServicesTableLib.c
0x00003710	0x00000014	[ 90] literal string: gRT != ((void *) 0)
0x00003724	0x0000003C	[ 99] literal string: /Users/g5/Dev/SctWorkspace/MdePkg/Library/UefiLib/UefiLib.c
0x00003760	0x0000001A	[ 99] literal string: TableGuid != ((void *) 0)
0x0000377A	0x00000016	[ 99] literal string: Table != ((void *) 0)
0x00003790	0x00000046	[101] literal string: /Users/g5/Dev/SctWorkspace/MdePkg/Library/UefiRuntimeLib/RuntimeLib.c
0x000037D6	0x00000052	[102] literal string: /Users/g5/Dev/SctWorkspace/MdePkg/Library/UefiDriverEntryPoint/DriverEntryPoint.c
0x00003828	0x0000003D	[103] literal string: /Users/g5/Dev/SctWorkspace/MdePkg/Library/DxeHobLib/HobLib.c
0x00003865	0x00000019	[103] literal string: mHobList != ((void *) 0)
0x0000387E	0x00000019	[103] literal string: HobStart != ((void *) 0)
0x00003897	0x00000060	[104] literal string: /Users/g5/Dev/SctWorkspace/MdePkg/Library/BaseReportStatusCodeLibNull/BaseReportStatusCodeLib.c
0x000038F7	0x00000015	[104] literal string: Data != ((void *) 0)
0x0000390C	0x0000001B	[104] literal string: ErrorLevel != ((void *) 0)
0x00003927	0x00000017	[104] literal string: Marker != ((void *) 0)
0x0000393E	0x0000006D	[105] literal string: /Users/g5/Dev/SctWorkspace/MdeModulePkg/Universal/StatusCodeHandler/RuntimeDxe/StatusCodeHandlerRuntimeDxe.c
0x000039AB	0x0000001D	[106] literal string: \nDXE_ASSERT!: %a (%d): %a\n
0x000039C8	0x00000017	[106] literal string: ERROR: C%08x:V%08x I%x
0x000039DF	0x00000068	[106] literal string: /Users/g5/Dev/SctWorkspace/MdeModulePkg/Universal/StatusCodeHandler/RuntimeDxe/SerialStatusCodeWorker.c
0x00003A47	0x0000000E	[106] literal string: CharCount > 0
0x00003A55	0x00000004	[106] literal string:  %g
0x00003A59	0x00000004	[106] literal string:  %x
0x00003A5D	0x00000003	[106] literal string: \n
0x00003A60	0x0000001B	[106] literal string: PROGRESS CODE: V%08x I%x\n
0x00003A7B	0x00000005	[106] literal string: %a\n
0x00003A80	0x0000001D	[106] literal string: Undefined: C%08x:V%08x I%x\n
0x00003A9D	0x00000068	[107] literal string: /Users/g5/Dev/SctWorkspace/MdeModulePkg/Universal/StatusCodeHandler/RuntimeDxe/MemoryStatusCodeWorker.c
0x00003B05	0x00000029	[107] literal string: mRtMemoryStatusCodeTable != ((void *) 0)
0x00003B2E	0x0000001C	[108] literal string: StatusCodeHandlerRuntimeDxe
0x00003B4A	0x0000009E	[108] literal string: /Users/g5/Dev/SctWorkspace/Build/MdeModule/RELEASE_XCODE5/X64/MdeModulePkg/Universal/StatusCodeHandler/RuntimeDxe/StatusCodeHandlerRuntimeDxe/DEBUG/AutoGen.c
0x00003BF0	0x00000010	[ 85] _mHexStr
0x00003C00	0x00000001	[108] __gPcd_FixedAtBuild_PcdStatusCodeReplayIn
0x00003C01	0x00000001	[108] __gPcd_FixedAtBuild_PcdStatusCodeUseMemory
0x00003C02	0x00000002	[108] __gPcd_FixedAtBuild_PcdStatusCodeUseSerial
0x00003C04	0x00000004	[108] __gPcd_FixedAtBuild_PcdStatusCodeMemorySize
0x00003C08	0x00000004	[108] __gPcd_FixedAtBuild_PcdDebugPrintErrorLevel
0x00003C0C	0x00000004	[108] __gPcd_FixedAtBuild_PcdMaximumAsciiStringLength
0x00003C10	0x00000004	[108] __gPcd_FixedAtBuild_PcdMaximumUnicodeStringLength
0x00003C14	0x00000001	[108] __gPcd_FixedAtBuild_PcdDebugPropertyMask
0x00003C18	0x00000004	[108] __gPcd_FixedAtBuild_PcdFixedDebugPrintErrorLevel
0x00003C1C	0x00000004	[108] __gUefiDriverRevision
0x00003C20	0x00000001	[108] __gDriverUnloadImageCount
0x00003C40	0x00000138	[ 85] _mStatusString
0x00003D78	0x00000002	[ 37] _m16Size
0x00003D7A	0x00000002	[ 37] _mThunk16Attr
0x00003D7C	0x00000002	[ 37] _m16Gdt
0x00003D7E	0x00000002	[ 37] _m16GdtrBase
0x00003D80	0x00000002	[ 37] _mTransition
0x00003D88	0x00000008	[108] _gEfiCallerBaseName
0x00003D90	0x00000010	[108] _gMemoryStatusCodeRecordGuid
0x00003DA0	0x00000010	[108] _gEfiStatusCodeDataTypeStringGuid
0x00003DB0	0x00000010	[108] _gEfiEventVirtualAddressChangeGuid
0x00003DC0	0x00000010	[108] _gEfiEventExitBootServicesGuid
0x00003DD0	0x00000010	[108] _gEfiHobListGuid
0x00003DE0	0x00000010	[108] _gEfiRscHandlerProtocolGuid
0x00003DF0	0x00000010	[108] _gEfiLoadedImageProtocolGuid
0x00003E00	0x00000008	[ 88] _gImageHandle
0x00003E08	0x00000008	[ 88] _gST
0x00003E10	0x00000008	[ 88] _gBS
0x00003E18	0x00000008	[ 90] _gRT
0x00003E20	0x00000001	[101] _mEfiGoneVirtual
0x00003E21	0x00000001	[101] _mEfiAtRuntime
0x00003E28	0x00000008	[103] _mHobList
0x00003E30	0x00000008	[105] _mVirtualAddressChangeEvent
0x00003E38	0x00000008	[105] _mExitBootServicesEvent
0x00003E40	0x00000008	[105] _mRscHandlerProtocol
0x00003E50	0x00000018	[ 86] _gNullVaList
0x00003E68	0x00000008	[101] _mEfiExitBootServicesEvent
0x00003E70	0x00000008	[101] _mEfiVirtualNotifyEvent
0x00003E78	0x00000008	[101] _mInternalRT
0x00003E80	0x00000008	[107] _mRtMemoryStatusCodeTable
