# Path: /Users/g5/Dev/SctWorkspace/Build/MdeModule/RELEASE_XCODE5/X64/MdeModulePkg/Bus/I2c/I2cDxe/I2cBusDxe/DEBUG/I2cBusDxe.dll
# Arch: x86_64
# Object files:
[  0] linker synthesized
[  1] /Users/g5/Dev/SctWorkspace/Build/MdeModule/RELEASE_XCODE5/X64/MdePkg/Library/BaseDebugPrintErrorLevelLib/BaseDebugPrintErrorLevelLib/OUTPUT/BaseDebugPrintErrorLevelLib.lib(BaseDebugPrintErrorLevelLib.obj)
[  2] /Users/g5/Dev/SctWorkspace/Build/MdeModule/RELEASE_XCODE5/X64/MdePkg/Library/BaseLib/BaseLib/OUTPUT/BaseLib.lib(CheckSum.obj)
[  3] /Users/g5/Dev/SctWorkspace/Build/MdeModule/RELEASE_XCODE5/X64/MdePkg/Library/BaseLib/BaseLib/OUTPUT/BaseLib.lib(SwitchStack.obj)
[  4] /Users/g5/Dev/SctWorkspace/Build/MdeModule/RELEASE_XCODE5/X64/MdePkg/Library/BaseLib/BaseLib/OUTPUT/BaseLib.lib(SwapBytes64.obj)
[  5] /Users/g5/Dev/SctWorkspace/Build/MdeModule/RELEASE_XCODE5/X64/MdePkg/Library/BaseLib/BaseLib/OUTPUT/BaseLib.lib(SwapBytes32.obj)
[  6] /Users/g5/Dev/SctWorkspace/Build/MdeModule/RELEASE_XCODE5/X64/MdePkg/Library/BaseLib/BaseLib/OUTPUT/BaseLib.lib(SwapBytes16.obj)
[  7] /Users/g5/Dev/SctWorkspace/Build/MdeModule/RELEASE_XCODE5/X64/MdePkg/Library/BaseLib/BaseLib/OUTPUT/BaseLib.lib(LongJump.obj)
[  8] /Users/g5/Dev/SctWorkspace/Build/MdeModule/RELEASE_XCODE5/X64/MdePkg/Library/BaseLib/BaseLib/OUTPUT/BaseLib.lib(SetJump.obj)
[  9] /Users/g5/Dev/SctWorkspace/Build/MdeModule/RELEASE_XCODE5/X64/MdePkg/Library/BaseLib/BaseLib/OUTPUT/BaseLib.lib(RShiftU64.obj)
[ 10] /Users/g5/Dev/SctWorkspace/Build/MdeModule/RELEASE_XCODE5/X64/MdePkg/Library/BaseLib/BaseLib/OUTPUT/BaseLib.lib(RRotU64.obj)
[ 11] /Users/g5/Dev/SctWorkspace/Build/MdeModule/RELEASE_XCODE5/X64/MdePkg/Library/BaseLib/BaseLib/OUTPUT/BaseLib.lib(RRotU32.obj)
[ 12] /Users/g5/Dev/SctWorkspace/Build/MdeModule/RELEASE_XCODE5/X64/MdePkg/Library/BaseLib/BaseLib/OUTPUT/BaseLib.lib(MultU64x64.obj)
[ 13] /Users/g5/Dev/SctWorkspace/Build/MdeModule/RELEASE_XCODE5/X64/MdePkg/Library/BaseLib/BaseLib/OUTPUT/BaseLib.lib(MultU64x32.obj)
[ 14] /Users/g5/Dev/SctWorkspace/Build/MdeModule/RELEASE_XCODE5/X64/MdePkg/Library/BaseLib/BaseLib/OUTPUT/BaseLib.lib(MultS64x64.obj)
[ 15] /Users/g5/Dev/SctWorkspace/Build/MdeModule/RELEASE_XCODE5/X64/MdePkg/Library/BaseLib/BaseLib/OUTPUT/BaseLib.lib(ModU64x32.obj)
[ 16] /Users/g5/Dev/SctWorkspace/Build/MdeModule/RELEASE_XCODE5/X64/MdePkg/Library/BaseLib/BaseLib/OUTPUT/BaseLib.lib(LShiftU64.obj)
[ 17] /Users/g5/Dev/SctWorkspace/Build/MdeModule/RELEASE_XCODE5/X64/MdePkg/Library/BaseLib/BaseLib/OUTPUT/BaseLib.lib(LRotU64.obj)
[ 18] /Users/g5/Dev/SctWorkspace/Build/MdeModule/RELEASE_XCODE5/X64/MdePkg/Library/BaseLib/BaseLib/OUTPUT/BaseLib.lib(LRotU32.obj)
[ 19] /Users/g5/Dev/SctWorkspace/Build/MdeModule/RELEASE_XCODE5/X64/MdePkg/Library/BaseLib/BaseLib/OUTPUT/BaseLib.lib(LowBitSet64.obj)
[ 20] /Users/g5/Dev/SctWorkspace/Build/MdeModule/RELEASE_XCODE5/X64/MdePkg/Library/BaseLib/BaseLib/OUTPUT/BaseLib.lib(LowBitSet32.obj)
[ 21] /Users/g5/Dev/SctWorkspace/Build/MdeModule/RELEASE_XCODE5/X64/MdePkg/Library/BaseLib/BaseLib/OUTPUT/BaseLib.lib(HighBitSet64.obj)
[ 22] /Users/g5/Dev/SctWorkspace/Build/MdeModule/RELEASE_XCODE5/X64/MdePkg/Library/BaseLib/BaseLib/OUTPUT/BaseLib.lib(HighBitSet32.obj)
[ 23] /Users/g5/Dev/SctWorkspace/Build/MdeModule/RELEASE_XCODE5/X64/MdePkg/Library/BaseLib/BaseLib/OUTPUT/BaseLib.lib(GetPowerOfTwo64.obj)
[ 24] /Users/g5/Dev/SctWorkspace/Build/MdeModule/RELEASE_XCODE5/X64/MdePkg/Library/BaseLib/BaseLib/OUTPUT/BaseLib.lib(GetPowerOfTwo32.obj)
[ 25] /Users/g5/Dev/SctWorkspace/Build/MdeModule/RELEASE_XCODE5/X64/MdePkg/Library/BaseLib/BaseLib/OUTPUT/BaseLib.lib(DivU64x64Remainder.obj)
[ 26] /Users/g5/Dev/SctWorkspace/Build/MdeModule/RELEASE_XCODE5/X64/MdePkg/Library/BaseLib/BaseLib/OUTPUT/BaseLib.lib(DivU64x32Remainder.obj)
[ 27] /Users/g5/Dev/SctWorkspace/Build/MdeModule/RELEASE_XCODE5/X64/MdePkg/Library/BaseLib/BaseLib/OUTPUT/BaseLib.lib(DivU64x32.obj)
[ 28] /Users/g5/Dev/SctWorkspace/Build/MdeModule/RELEASE_XCODE5/X64/MdePkg/Library/BaseLib/BaseLib/OUTPUT/BaseLib.lib(DivS64x64Remainder.obj)
[ 29] /Users/g5/Dev/SctWorkspace/Build/MdeModule/RELEASE_XCODE5/X64/MdePkg/Library/BaseLib/BaseLib/OUTPUT/BaseLib.lib(ARShiftU64.obj)
[ 30] /Users/g5/Dev/SctWorkspace/Build/MdeModule/RELEASE_XCODE5/X64/MdePkg/Library/BaseLib/BaseLib/OUTPUT/BaseLib.lib(BitField.obj)
[ 31] /Users/g5/Dev/SctWorkspace/Build/MdeModule/RELEASE_XCODE5/X64/MdePkg/Library/BaseLib/BaseLib/OUTPUT/BaseLib.lib(CpuDeadLoop.obj)
[ 32] /Users/g5/Dev/SctWorkspace/Build/MdeModule/RELEASE_XCODE5/X64/MdePkg/Library/BaseLib/BaseLib/OUTPUT/BaseLib.lib(Cpu.obj)
[ 33] /Users/g5/Dev/SctWorkspace/Build/MdeModule/RELEASE_XCODE5/X64/MdePkg/Library/BaseLib/BaseLib/OUTPUT/BaseLib.lib(LinkedList.obj)
[ 34] /Users/g5/Dev/SctWorkspace/Build/MdeModule/RELEASE_XCODE5/X64/MdePkg/Library/BaseLib/BaseLib/OUTPUT/BaseLib.lib(SafeString.obj)
[ 35] /Users/g5/Dev/SctWorkspace/Build/MdeModule/RELEASE_XCODE5/X64/MdePkg/Library/BaseLib/BaseLib/OUTPUT/BaseLib.lib(String.obj)
[ 36] /Users/g5/Dev/SctWorkspace/Build/MdeModule/RELEASE_XCODE5/X64/MdePkg/Library/BaseLib/BaseLib/OUTPUT/BaseLib.lib(FilePaths.obj)
[ 37] /Users/g5/Dev/SctWorkspace/Build/MdeModule/RELEASE_XCODE5/X64/MdePkg/Library/BaseLib/BaseLib/OUTPUT/BaseLib.lib(Thunk16.obj)
[ 38] /Users/g5/Dev/SctWorkspace/Build/MdeModule/RELEASE_XCODE5/X64/MdePkg/Library/BaseLib/BaseLib/OUTPUT/BaseLib.lib(WriteTr.obj)
[ 39] /Users/g5/Dev/SctWorkspace/Build/MdeModule/RELEASE_XCODE5/X64/MdePkg/Library/BaseLib/BaseLib/OUTPUT/BaseLib.lib(Non-existing.obj)
[ 40] /Users/g5/Dev/SctWorkspace/Build/MdeModule/RELEASE_XCODE5/X64/MdePkg/Library/BaseLib/BaseLib/OUTPUT/BaseLib.lib(Math64.obj)
[ 41] /Users/g5/Dev/SctWorkspace/Build/MdeModule/RELEASE_XCODE5/X64/MdePkg/Library/BaseLib/BaseLib/OUTPUT/BaseLib.lib(Unaligned.obj)
[ 42] /Users/g5/Dev/SctWorkspace/Build/MdeModule/RELEASE_XCODE5/X64/MdePkg/Library/BaseLib/BaseLib/OUTPUT/BaseLib.lib(X86WriteIdtr.obj)
[ 43] /Users/g5/Dev/SctWorkspace/Build/MdeModule/RELEASE_XCODE5/X64/MdePkg/Library/BaseLib/BaseLib/OUTPUT/BaseLib.lib(X86WriteGdtr.obj)
[ 44] /Users/g5/Dev/SctWorkspace/Build/MdeModule/RELEASE_XCODE5/X64/MdePkg/Library/BaseLib/BaseLib/OUTPUT/BaseLib.lib(X86Thunk.obj)
[ 45] /Users/g5/Dev/SctWorkspace/Build/MdeModule/RELEASE_XCODE5/X64/MdePkg/Library/BaseLib/BaseLib/OUTPUT/BaseLib.lib(X86ReadIdtr.obj)
[ 46] /Users/g5/Dev/SctWorkspace/Build/MdeModule/RELEASE_XCODE5/X64/MdePkg/Library/BaseLib/BaseLib/OUTPUT/BaseLib.lib(X86ReadGdtr.obj)
[ 47] /Users/g5/Dev/SctWorkspace/Build/MdeModule/RELEASE_XCODE5/X64/MdePkg/Library/BaseLib/BaseLib/OUTPUT/BaseLib.lib(X86Msr.obj)
[ 48] /Users/g5/Dev/SctWorkspace/Build/MdeModule/RELEASE_XCODE5/X64/MdePkg/Library/BaseLib/BaseLib/OUTPUT/BaseLib.lib(X86GetInterruptState.obj)
[ 49] /Users/g5/Dev/SctWorkspace/Build/MdeModule/RELEASE_XCODE5/X64/MdePkg/Library/BaseLib/BaseLib/OUTPUT/BaseLib.lib(X86FxSave.obj)
[ 50] /Users/g5/Dev/SctWorkspace/Build/MdeModule/RELEASE_XCODE5/X64/MdePkg/Library/BaseLib/BaseLib/OUTPUT/BaseLib.lib(X86FxRestore.obj)
[ 51] /Users/g5/Dev/SctWorkspace/Build/MdeModule/RELEASE_XCODE5/X64/MdePkg/Library/BaseLib/BaseLib/OUTPUT/BaseLib.lib(X86EnablePaging64.obj)
[ 52] /Users/g5/Dev/SctWorkspace/Build/MdeModule/RELEASE_XCODE5/X64/MdePkg/Library/BaseLib/BaseLib/OUTPUT/BaseLib.lib(X86EnablePaging32.obj)
[ 53] /Users/g5/Dev/SctWorkspace/Build/MdeModule/RELEASE_XCODE5/X64/MdePkg/Library/BaseLib/BaseLib/OUTPUT/BaseLib.lib(X86DisablePaging64.obj)
[ 54] /Users/g5/Dev/SctWorkspace/Build/MdeModule/RELEASE_XCODE5/X64/MdePkg/Library/BaseLib/BaseLib/OUTPUT/BaseLib.lib(X86DisablePaging32.obj)
[ 55] /Users/g5/Dev/SctWorkspace/Build/MdeModule/RELEASE_XCODE5/X64/MdePkg/Library/BaseLib/BaseLib/OUTPUT/BaseLib.lib(X86RdRand.obj)
[ 56] /Users/g5/Dev/SctWorkspace/Build/MdeModule/RELEASE_XCODE5/X64/MdePkg/Library/BaseLib/BaseLib/OUTPUT/BaseLib.lib(GccInline.obj)
[ 57] /Users/g5/Dev/SctWorkspace/Build/MdeModule/RELEASE_XCODE5/X64/MdePkg/Library/BaseLib/BaseLib/OUTPUT/BaseLib.lib(SwitchStack.obj)
[ 58] /Users/g5/Dev/SctWorkspace/Build/MdeModule/RELEASE_XCODE5/X64/MdePkg/Library/BaseLib/BaseLib/OUTPUT/BaseLib.lib(SetJump.obj)
[ 59] /Users/g5/Dev/SctWorkspace/Build/MdeModule/RELEASE_XCODE5/X64/MdePkg/Library/BaseLib/BaseLib/OUTPUT/BaseLib.lib(LongJump.obj)
[ 60] /Users/g5/Dev/SctWorkspace/Build/MdeModule/RELEASE_XCODE5/X64/MdePkg/Library/BaseLib/BaseLib/OUTPUT/BaseLib.lib(EnableDisableInterrupts.obj)
[ 61] /Users/g5/Dev/SctWorkspace/Build/MdeModule/RELEASE_XCODE5/X64/MdePkg/Library/BaseLib/BaseLib/OUTPUT/BaseLib.lib(DisablePaging64.obj)
[ 62] /Users/g5/Dev/SctWorkspace/Build/MdeModule/RELEASE_XCODE5/X64/MdePkg/Library/BaseLib/BaseLib/OUTPUT/BaseLib.lib(CpuId.obj)
[ 63] /Users/g5/Dev/SctWorkspace/Build/MdeModule/RELEASE_XCODE5/X64/MdePkg/Library/BaseLib/BaseLib/OUTPUT/BaseLib.lib(CpuIdEx.obj)
[ 64] /Users/g5/Dev/SctWorkspace/Build/MdeModule/RELEASE_XCODE5/X64/MdePkg/Library/BaseLib/BaseLib/OUTPUT/BaseLib.lib(EnableCache.obj)
[ 65] /Users/g5/Dev/SctWorkspace/Build/MdeModule/RELEASE_XCODE5/X64/MdePkg/Library/BaseLib/BaseLib/OUTPUT/BaseLib.lib(DisableCache.obj)
[ 66] /Users/g5/Dev/SctWorkspace/Build/MdeModule/RELEASE_XCODE5/X64/MdePkg/Library/BaseLib/BaseLib/OUTPUT/BaseLib.lib(RdRand.obj)
[ 67] /Users/g5/Dev/SctWorkspace/Build/MdeModule/RELEASE_XCODE5/X64/MdePkg/Library/BaseLib/BaseLib/OUTPUT/BaseLib.lib(ChkStkGcc.obj)
[ 68] /Users/g5/Dev/SctWorkspace/Build/MdeModule/RELEASE_XCODE5/X64/MdePkg/Library/BasePcdLibNull/BasePcdLibNull/OUTPUT/BasePcdLibNull.lib(PcdLib.obj)
[ 69] /Users/g5/Dev/SctWorkspace/Build/MdeModule/RELEASE_XCODE5/X64/MdePkg/Library/BasePrintLib/BasePrintLib/OUTPUT/BasePrintLib.lib(PrintLibInternal.obj)
[ 70] /Users/g5/Dev/SctWorkspace/Build/MdeModule/RELEASE_XCODE5/X64/MdePkg/Library/BasePrintLib/BasePrintLib/OUTPUT/BasePrintLib.lib(PrintLib.obj)
[ 71] /Users/g5/Dev/SctWorkspace/Build/MdeModule/RELEASE_XCODE5/X64/MdePkg/Library/UefiDebugLibConOut/UefiDebugLibConOut/OUTPUT/UefiDebugLibConOut.lib(DebugLib.obj)
[ 72] /Users/g5/Dev/SctWorkspace/Build/MdeModule/RELEASE_XCODE5/X64/MdePkg/Library/BaseMemoryLib/BaseMemoryLib/OUTPUT/BaseMemoryLib.lib(SetMem.obj)
[ 73] /Users/g5/Dev/SctWorkspace/Build/MdeModule/RELEASE_XCODE5/X64/MdePkg/Library/BaseMemoryLib/BaseMemoryLib/OUTPUT/BaseMemoryLib.lib(ScanMem64Wrapper.obj)
[ 74] /Users/g5/Dev/SctWorkspace/Build/MdeModule/RELEASE_XCODE5/X64/MdePkg/Library/BaseMemoryLib/BaseMemoryLib/OUTPUT/BaseMemoryLib.lib(ScanMem32Wrapper.obj)
[ 75] /Users/g5/Dev/SctWorkspace/Build/MdeModule/RELEASE_XCODE5/X64/MdePkg/Library/BaseMemoryLib/BaseMemoryLib/OUTPUT/BaseMemoryLib.lib(ScanMem16Wrapper.obj)
[ 76] /Users/g5/Dev/SctWorkspace/Build/MdeModule/RELEASE_XCODE5/X64/MdePkg/Library/BaseMemoryLib/BaseMemoryLib/OUTPUT/BaseMemoryLib.lib(ScanMem8Wrapper.obj)
[ 77] /Users/g5/Dev/SctWorkspace/Build/MdeModule/RELEASE_XCODE5/X64/MdePkg/Library/BaseMemoryLib/BaseMemoryLib/OUTPUT/BaseMemoryLib.lib(ZeroMemWrapper.obj)
[ 78] /Users/g5/Dev/SctWorkspace/Build/MdeModule/RELEASE_XCODE5/X64/MdePkg/Library/BaseMemoryLib/BaseMemoryLib/OUTPUT/BaseMemoryLib.lib(CompareMemWrapper.obj)
[ 79] /Users/g5/Dev/SctWorkspace/Build/MdeModule/RELEASE_XCODE5/X64/MdePkg/Library/BaseMemoryLib/BaseMemoryLib/OUTPUT/BaseMemoryLib.lib(SetMem64Wrapper.obj)
[ 80] /Users/g5/Dev/SctWorkspace/Build/MdeModule/RELEASE_XCODE5/X64/MdePkg/Library/BaseMemoryLib/BaseMemoryLib/OUTPUT/BaseMemoryLib.lib(SetMem32Wrapper.obj)
[ 81] /Users/g5/Dev/SctWorkspace/Build/MdeModule/RELEASE_XCODE5/X64/MdePkg/Library/BaseMemoryLib/BaseMemoryLib/OUTPUT/BaseMemoryLib.lib(SetMem16Wrapper.obj)
[ 82] /Users/g5/Dev/SctWorkspace/Build/MdeModule/RELEASE_XCODE5/X64/MdePkg/Library/BaseMemoryLib/BaseMemoryLib/OUTPUT/BaseMemoryLib.lib(SetMemWrapper.obj)
[ 83] /Users/g5/Dev/SctWorkspace/Build/MdeModule/RELEASE_XCODE5/X64/MdePkg/Library/BaseMemoryLib/BaseMemoryLib/OUTPUT/BaseMemoryLib.lib(CopyMemWrapper.obj)
[ 84] /Users/g5/Dev/SctWorkspace/Build/MdeModule/RELEASE_XCODE5/X64/MdePkg/Library/BaseMemoryLib/BaseMemoryLib/OUTPUT/BaseMemoryLib.lib(IsZeroBufferWrapper.obj)
[ 85] /Users/g5/Dev/SctWorkspace/Build/MdeModule/RELEASE_XCODE5/X64/MdePkg/Library/BaseMemoryLib/BaseMemoryLib/OUTPUT/BaseMemoryLib.lib(MemLibGeneric.obj)
[ 86] /Users/g5/Dev/SctWorkspace/Build/MdeModule/RELEASE_XCODE5/X64/MdePkg/Library/BaseMemoryLib/BaseMemoryLib/OUTPUT/BaseMemoryLib.lib(MemLibGuid.obj)
[ 87] /Users/g5/Dev/SctWorkspace/Build/MdeModule/RELEASE_XCODE5/X64/MdePkg/Library/BaseMemoryLib/BaseMemoryLib/OUTPUT/BaseMemoryLib.lib(CopyMem.obj)
[ 88] /Users/g5/Dev/SctWorkspace/Build/MdeModule/RELEASE_XCODE5/X64/MdePkg/Library/UefiBootServicesTableLib/UefiBootServicesTableLib/OUTPUT/UefiBootServicesTableLib.lib(UefiBootServicesTableLib.obj)
[ 89] /Users/g5/Dev/SctWorkspace/Build/MdeModule/RELEASE_XCODE5/X64/MdePkg/Library/UefiMemoryAllocationLib/UefiMemoryAllocationLib/OUTPUT/UefiMemoryAllocationLib.lib(MemoryAllocationLib.obj)
[ 90] /Users/g5/Dev/SctWorkspace/Build/MdeModule/RELEASE_XCODE5/X64/MdePkg/Library/UefiRuntimeServicesTableLib/UefiRuntimeServicesTableLib/OUTPUT/UefiRuntimeServicesTableLib.lib(UefiRuntimeServicesTableLib.obj)
[ 91] /Users/g5/Dev/SctWorkspace/Build/MdeModule/RELEASE_XCODE5/X64/MdePkg/Library/UefiDevicePathLib/UefiDevicePathLib/OUTPUT/UefiDevicePathLib.lib(DevicePathUtilities.obj)
[ 92] /Users/g5/Dev/SctWorkspace/Build/MdeModule/RELEASE_XCODE5/X64/MdePkg/Library/UefiDevicePathLib/UefiDevicePathLib/OUTPUT/UefiDevicePathLib.lib(DevicePathToText.obj)
[ 93] /Users/g5/Dev/SctWorkspace/Build/MdeModule/RELEASE_XCODE5/X64/MdePkg/Library/UefiDevicePathLib/UefiDevicePathLib/OUTPUT/UefiDevicePathLib.lib(DevicePathFromText.obj)
[ 94] /Users/g5/Dev/SctWorkspace/Build/MdeModule/RELEASE_XCODE5/X64/MdePkg/Library/UefiDevicePathLib/UefiDevicePathLib/OUTPUT/UefiDevicePathLib.lib(UefiDevicePathLib.obj)
[ 95] /Users/g5/Dev/SctWorkspace/Build/MdeModule/RELEASE_XCODE5/X64/MdePkg/Library/UefiDriverEntryPoint/UefiDriverEntryPoint/OUTPUT/UefiDriverEntryPoint.lib(DriverEntryPoint.obj)
[ 96] /Users/g5/Dev/SctWorkspace/Build/MdeModule/RELEASE_XCODE5/X64/MdePkg/Library/UefiLib/UefiLib/OUTPUT/UefiLib.lib(UefiLibPrint.obj)
[ 97] /Users/g5/Dev/SctWorkspace/Build/MdeModule/RELEASE_XCODE5/X64/MdePkg/Library/UefiLib/UefiLib/OUTPUT/UefiLib.lib(UefiNotTiano.obj)
[ 98] /Users/g5/Dev/SctWorkspace/Build/MdeModule/RELEASE_XCODE5/X64/MdePkg/Library/UefiLib/UefiLib/OUTPUT/UefiLib.lib(UefiDriverModel.obj)
[ 99] /Users/g5/Dev/SctWorkspace/Build/MdeModule/RELEASE_XCODE5/X64/MdePkg/Library/UefiLib/UefiLib/OUTPUT/UefiLib.lib(Console.obj)
[100] /Users/g5/Dev/SctWorkspace/Build/MdeModule/RELEASE_XCODE5/X64/MdePkg/Library/UefiLib/UefiLib/OUTPUT/UefiLib.lib(UefiLib.obj)
[101] /Users/g5/Dev/SctWorkspace/Build/MdeModule/RELEASE_XCODE5/X64/MdeModulePkg/Bus/I2c/I2cDxe/I2cBusDxe/OUTPUT/I2cBusDxe.lib(I2cBus.obj)
[102] /Users/g5/Dev/SctWorkspace/Build/MdeModule/RELEASE_XCODE5/X64/MdeModulePkg/Bus/I2c/I2cDxe/I2cBusDxe/OUTPUT/I2cBusDxe.lib(AutoGen.obj)
# Sections:
# Address	Size    	Segment	Section
0x00000240	0x0000407D	__TEXT	__text
0x000042BD	0x0000103C	__TEXT	__cstring
0x00005300	0x00000035	__TEXT	__const
0x00005336	0x0000001E	__TEXT	__ustring
0x00005360	0x00000138	__DATA	__const
0x000054A0	0x00000198	__DATA	__data
0x00005638	0x00000020	__DATA	__common
# Symbols:
# Address	Size    	File  Name
0x00000240	0x00000000	[  0] ___dso_handle
0x00000240	0x0000000C	[  1] _GetDebugPrintErrorLevel
0x0000024C	0x00000066	[  8] _InternalAssertJumpBuffer
0x000002B2	0x00000049	[ 16] _LShiftU64
0x000002FB	0x0000004D	[ 26] _DivU64x32Remainder
0x00000348	0x0000001A	[ 31] _CpuDeadLoop
0x00000362	0x00000071	[ 34] _StrnLenS
0x000003D3	0x00000036	[ 34] _AsciiStrnLenS
0x00000409	0x00000094	[ 35] _AsciiStrLen
0x0000049D	0x000000F1	[ 35] _AsciiStrnCmp
0x00000590	0x00000000	[ 37] SavedGdt
0x00000590	0x0000000A	[ 37] _m16Start
0x0000059A	0x00000008	[ 37] _BackFromUserCode
0x000005A2	0x00000014	[ 37] _BackFromUserCode.Base
0x000005B6	0x0000000D	[ 37] _BackFromUserCode.ThunkAttrEnd
0x000005C3	0x0000000B	[ 37] _BackFromUserCode.1
0x000005CE	0x00000036	[ 37] _BackFromUserCode.2
0x00000604	0x0000001C	[ 37] _BackFromUserCode.SavedCr4End
0x00000620	0x0000000B	[ 37] _BackFromUserCode.SavedCr0End
0x0000062B	0x0000000B	[ 37] _BackFromUserCode.X64JmpEnd
0x00000636	0x00000002	[ 37] _BackFromUserCode.SavedSpEnd
0x00000638	0x00000006	[ 37] _EntryPoint
0x0000063E	0x00000002	[ 37] _16Gdtr
0x00000640	0x00000008	[ 37] _16GdtrBase
0x00000648	0x00000006	[ 37] _16Idtr
0x0000064E	0x00000028	[ 37] _ToUserCode
0x00000676	0x0000000F	[ 37] _ToUserCode.Base
0x00000685	0x0000001B	[ 37] _ToUserCode.RealMode
0x000006A0	0x00000008	[ 37] _NullSeg
0x000006A8	0x00000008	[ 37] _16Code
0x000006B0	0x00000008	[ 37] _16Data
0x000006B8	0x00000008	[ 37] _32Data
0x000006C0	0x000000B4	[ 37] _InternalAsmThunk16
0x00000774	0x00000020	[ 37] _InternalAsmThunk16.RetFromRealMode
0x00000794	0x00000006	[ 38] _AsmWriteTr
0x0000079A	0x0000000E	[ 40] _InternalMathLShiftU64
0x000007A8	0x00000023	[ 40] _InternalMathDivRemU64x32
0x000007CB	0x0000003C	[ 41] _ReadUnaligned16
0x00000807	0x00000040	[ 41] _ReadUnaligned24
0x00000847	0x0000003B	[ 41] _ReadUnaligned32
0x00000882	0x0000003C	[ 41] _ReadUnaligned64
0x000008BE	0x00000007	[ 56] _CpuBreakpoint
0x000008C5	0x0000000F	[ 57] _InternalSwitchStack
0x000008D4	0x0000008F	[ 58] _SetJump
0x00000963	0x0000007C	[ 59] _InternalLongJump
0x000009DF	0x00000003	[ 60] _EnableDisableInterrupts
0x000009E2	0x0000003A	[ 61] _InternalX86DisablePaging64
0x00000A1C	0x00000027	[ 61] _InternalX86DisablePaging64.0
0x00000A43	0x00000000	[ 61] mTransitionEnd
0x00000A43	0x0000000F	[ 62] _AsmCpuid
0x00000A52	0x00000005	[ 62] _AsmCpuid.0
0x00000A57	0x00000007	[ 62] _AsmCpuid.1
0x00000A5E	0x00000009	[ 62] _AsmCpuid.2
0x00000A67	0x00000003	[ 62] _AsmCpuid.3
0x00000A6A	0x00000015	[ 63] _AsmCpuidEx
0x00000A7F	0x00000007	[ 63] _AsmCpuidEx.0
0x00000A86	0x00000007	[ 63] _AsmCpuidEx.1
0x00000A8D	0x00000009	[ 63] _AsmCpuidEx.2
0x00000A96	0x00000003	[ 63] _AsmCpuidEx.3
0x00000A99	0x00000013	[ 64] _AsmEnableCache
0x00000AAC	0x00000013	[ 65] _AsmDisableCache
0x00000ABF	0x00000009	[ 66] _InternalX86RdRand16
0x00000AC8	0x00000009	[ 66] rn16_ok
0x00000AD1	0x00000009	[ 66] _InternalX86RdRand32
0x00000ADA	0x00000008	[ 66] rn32_ok
0x00000AE2	0x0000000A	[ 66] _InternalX86RdRand64
0x00000AEC	0x00000009	[ 66] rn64_ok
0x00000AF7	0x000011F9	[ 69] _BasePrintLibSPrintMarker
0x00001CF0	0x0000002C	[ 69] _BasePrintLibSPrint
0x00001D1C	0x0000006F	[ 70] _UnicodeVSPrintAsciiFormat
0x00001D8B	0x00000021	[ 70] _UnicodeSPrintAsciiFormat
0x00001DAC	0x00000094	[ 71] _DebugPrint
0x00001E40	0x0000000E	[ 71] _DebugAssertEnabled
0x00001E4E	0x0000007C	[ 71] _DebugAssert
0x00001ECA	0x00000010	[ 71] _DebugPrintEnabled
0x00001EDA	0x0000000F	[ 71] _DebugPrintLevelEnabled
0x00001EE9	0x000000EE	[ 72] _InternalMemSetMem
0x00001FD7	0x00000084	[ 77] _ZeroMem
0x0000205B	0x000000F3	[ 78] _CompareMem
0x0000214E	0x000000A4	[ 83] _CopyMem
0x000021F2	0x0000000D	[ 85] _InternalMemZeroMem
0x000021FF	0x0000002F	[ 85] _InternalMemCompareMem
0x0000222E	0x00000055	[ 86] _CompareGuid
0x00002283	0x000001E2	[ 87] _InternalMemCopyMem
0x00002465	0x000000B5	[ 88] _UefiBootServicesTableLibConstructor
0x0000251A	0x0000003D	[ 89] _AllocatePool
0x00002557	0x0000003B	[ 89] _InternalAllocateZeroPool
0x00002592	0x00000015	[ 89] _AllocateZeroPool
0x000025A7	0x0000009E	[ 89] _InternalAllocateCopyPool
0x00002645	0x00000018	[ 89] _AllocateCopyPool
0x0000265D	0x00000074	[ 89] _FreePool
0x000026D1	0x00000048	[ 90] _UefiRuntimeServicesTableLibConstructor
0x00002719	0x000000DA	[ 91] _IsDevicePathValid
0x000027F3	0x00000056	[ 91] _IsDevicePathEnd
0x00002849	0x00000048	[ 91] _DevicePathNodeLength
0x00002891	0x00000044	[ 91] _NextDevicePathNode
0x000028D5	0x0000003B	[ 91] _DevicePathType
0x00002910	0x0000003C	[ 91] _DevicePathSubType
0x0000294C	0x00000046	[ 91] _IsDevicePathEndType
0x00002992	0x0000004D	[ 91] _SetDevicePathEndNode
0x000029DF	0x00000070	[ 91] _UefiDevicePathLibGetDevicePathSize
0x00002A4F	0x0000002C	[ 91] _UefiDevicePathLibDuplicateDevicePath
0x00002A7B	0x000000D4	[ 91] _UefiDevicePathLibAppendDevicePath
0x00002B4F	0x00000097	[ 91] _UefiDevicePathLibAppendDevicePathNode
0x00002BE6	0x0000000A	[ 94] _GetDevicePathSize
0x00002BF0	0x0000000A	[ 94] _DuplicateDevicePath
0x00002BFA	0x0000000A	[ 94] _AppendDevicePath
0x00002C04	0x0000000A	[ 94] _AppendDevicePathNode
0x00002C0E	0x00000034	[ 95] __DriverUnloadHandler
0x00002C42	0x000000EB	[ 95] __ModuleEntryPoint
0x00002D2D	0x00000159	[ 98] _EfiLibInstallDriverBindingComponentName2
0x00002E86	0x00000008	[100] _UefiLibConstructor
0x00002E8E	0x00000153	[100] _LookupUnicodeString2
0x00002FE1	0x00000215	[101] _I2cBusDriverSupported
0x000031F6	0x000003BB	[101] _I2cBusDriverStart
0x000035B1	0x00000129	[101] _I2cBusDriverStop
0x000036DA	0x00000097	[101] _I2cBusQueueRequest
0x00003771	0x00000036	[101] _I2cBusComponentNameGetDriverName
0x000037A7	0x00000010	[101] _I2cBusComponentNameGetControllerName
0x000037B7	0x000001D1	[101] _CheckRemainingDevicePath
0x00003988	0x00000373	[101] _RegisterI2cDevice
0x00003CFB	0x00000130	[101] _UnRegisterI2cDevice
0x00003E2B	0x000000EB	[101] _I2cBusDevicePathAppend
0x00003F16	0x0000002E	[101] _ReleaseI2cDeviceContext
0x00003F44	0x0000008E	[101] _InitializeI2cBus
0x00003FD2	0x00000198	[101] _I2cBusUnload
0x0000416A	0x00000139	[102] _ProcessLibraryConstructorList
0x000042A3	0x00000006	[102] _ProcessLibraryDestructorList
0x000042A9	0x0000000A	[102] _ProcessModuleEntryPointList
0x000042B3	0x0000000A	[102] _ProcessModuleUnloadList
0x000042BD	0x00000017	[  2] literal string: Buffer != ((void *) 0)
0x000042D4	0x0000003C	[  8] literal string: /Users/g5/Dev/SctWorkspace/MdePkg/Library/BaseLib/SetJump.c
0x00004310	0x0000001B	[  8] literal string: JumpBuffer != ((void *) 0)
0x0000432B	0x00000023	[  8] literal string: ((UINTN)JumpBuffer & (8 - 1)) == 0
0x0000434E	0x0000000B	[  9] literal string: Count < 64
0x00004359	0x0000000D	[ 15] literal string: Divisor != 0
0x00004366	0x0000003E	[ 16] literal string: /Users/g5/Dev/SctWorkspace/MdePkg/Library/BaseLib/LShiftU64.c
0x000043A4	0x00000047	[ 26] literal string: /Users/g5/Dev/SctWorkspace/MdePkg/Library/BaseLib/DivU64x32Remainder.c
0x000043EB	0x0000003F	[ 34] literal string: /Users/g5/Dev/SctWorkspace/MdePkg/Library/BaseLib/SafeString.c
0x0000442A	0x00000023	[ 34] literal string: ((UINTN) String & 0x00000001) == 0
0x0000444D	0x00000019	[ 34] literal string: (Buffer != ((void *) 0))
0x00004466	0x0000003B	[ 35] literal string: /Users/g5/Dev/SctWorkspace/MdePkg/Library/BaseLib/String.c
0x000044A1	0x00000017	[ 35] literal string: String != ((void *) 0)
0x000044B8	0x00000038	[ 35] literal string: Length < _gPcd_FixedAtBuild_PcdMaximumAsciiStringLength
0x000044F0	0x0000001B	[ 35] literal string: AsciiStrSize (FirstString)
0x0000450B	0x0000001C	[ 35] literal string: AsciiStrSize (SecondString)
0x00004527	0x00000039	[ 35] literal string: Length <= _gPcd_FixedAtBuild_PcdMaximumAsciiStringLength
0x00004560	0x0000003E	[ 41] literal string: /Users/g5/Dev/SctWorkspace/MdePkg/Library/BaseLib/Unaligned.c
0x0000459E	0x00000008	[ 69] literal string: Success
0x000045A6	0x00000016	[ 69] literal string: Warning Unknown Glyph
0x000045BC	0x00000017	[ 69] literal string: Warning Delete Failure
0x000045D3	0x00000016	[ 69] literal string: Warning Write Failure
0x000045E9	0x00000019	[ 69] literal string: Warning Buffer Too Small
0x00004602	0x00000013	[ 69] literal string: Warning Stale Data
0x00004615	0x0000000B	[ 69] literal string: Load Error
0x00004620	0x00000012	[ 69] literal string: Invalid Parameter
0x00004632	0x0000000C	[ 69] literal string: Unsupported
0x0000463E	0x00000010	[ 69] literal string: Bad Buffer Size
0x0000464E	0x00000011	[ 69] literal string: Buffer Too Small
0x0000465F	0x0000000A	[ 69] literal string: Not Ready
0x00004669	0x0000000D	[ 69] literal string: Device Error
0x00004676	0x00000010	[ 69] literal string: Write Protected
0x00004686	0x00000011	[ 69] literal string: Out of Resources
0x00004697	0x0000000F	[ 69] literal string: Volume Corrupt
0x000046A6	0x0000000C	[ 69] literal string: Volume Full
0x000046B2	0x00000009	[ 69] literal string: No Media
0x000046BB	0x0000000E	[ 69] literal string: Media changed
0x000046C9	0x0000000A	[ 69] literal string: Not Found
0x000046D3	0x0000000E	[ 69] literal string: Access Denied
0x000046E1	0x0000000C	[ 69] literal string: No Response
0x000046ED	0x0000000B	[ 69] literal string: No mapping
0x000046F8	0x00000009	[ 69] literal string: Time out
0x00004701	0x0000000C	[ 69] literal string: Not started
0x0000470D	0x00000010	[ 69] literal string: Already started
0x0000471D	0x00000008	[ 69] literal string: Aborted
0x00004725	0x0000000B	[ 69] literal string: ICMP Error
0x00004730	0x0000000B	[ 69] literal string: TFTP Error
0x0000473B	0x0000000F	[ 69] literal string: Protocol Error
0x0000474A	0x00000015	[ 69] literal string: Incompatible Version
0x0000475F	0x00000013	[ 69] literal string: Security Violation
0x00004772	0x0000000A	[ 69] literal string: CRC Error
0x0000477C	0x0000000D	[ 69] literal string: End of Media
0x00004789	0x0000000E	[ 69] literal string: Reserved (29)
0x00004797	0x0000000E	[ 69] literal string: Reserved (30)
0x000047A5	0x0000000C	[ 69] literal string: End of File
0x000047B1	0x00000011	[ 69] literal string: Invalid Language
0x000047C2	0x00000011	[ 69] literal string: Compromised Data
0x000047D3	0x0000004A	[ 69] literal string: /Users/g5/Dev/SctWorkspace/MdePkg/Library/BasePrintLib/PrintLibInternal.c
0x0000481D	0x00000041	[ 69] literal string: (BufferSize <= (_gPcd_FixedAtBuild_PcdMaximumAsciiStringLength))
0x0000485E	0x00000019	[ 69] literal string: (Format != ((void *) 0))
0x00004877	0x00000043	[ 69] literal string: (BufferSize <= (_gPcd_FixedAtBuild_PcdMaximumUnicodeStringLength))
0x000048BA	0x0000008C	[ 69] literal string: (StrnLenS ((CHAR16 *)Format, (_gPcd_FixedAtBuild_PcdMaximumUnicodeStringLength) + 1) <= (_gPcd_FixedAtBuild_PcdMaximumUnicodeStringLength))
0x00004946	0x00000083	[ 69] literal string: (AsciiStrnLenS (Format, (_gPcd_FixedAtBuild_PcdMaximumAsciiStringLength) + 1) <= (_gPcd_FixedAtBuild_PcdMaximumAsciiStringLength))
0x000049C9	0x0000000E	[ 69] literal string: <null string>
0x000049D7	0x0000000C	[ 69] literal string: <null guid>
0x000049E3	0x00000031	[ 69] literal string: %08x-%04x-%04x-%02x%02x-%02x%02x%02x%02x%02x%02x
0x00004A14	0x0000000C	[ 69] literal string: <null time>
0x00004A20	0x0000001A	[ 69] literal string: %02d/%02d/%04d  %02d:%02d
0x00004A3A	0x00000005	[ 69] literal string: %08X
0x00004A3F	0x00000003	[ 69] literal string: \n
0x00004A42	0x00000002	[ 69] literal string: 
0x00004A44	0x00000042	[ 70] literal string: /Users/g5/Dev/SctWorkspace/MdePkg/Library/BasePrintLib/PrintLib.c
0x00004A86	0x00000028	[ 70] literal string: (((UINTN) (StartOfBuffer)) & 0x01) == 0
0x00004AAE	0x00000048	[ 71] literal string: /Users/g5/Dev/SctWorkspace/MdePkg/Library/UefiDebugLibConOut/DebugLib.c
0x00004AF6	0x00000017	[ 71] literal string: Format != ((void *) 0)
0x00004B0D	0x00000018	[ 71] literal string: ASSERT [%a] %a(%d): %a\n
0x00004B25	0x00000049	[ 77] literal string: /Users/g5/Dev/SctWorkspace/MdePkg/Library/BaseMemoryLib/ZeroMemWrapper.c
0x00004B6E	0x00000036	[ 77] literal string: Length <= (0xFFFFFFFFFFFFFFFFULL - (UINTN)Buffer + 1)
0x00004BA4	0x0000004C	[ 78] literal string: /Users/g5/Dev/SctWorkspace/MdePkg/Library/BaseMemoryLib/CompareMemWrapper.c
0x00004BF0	0x00000022	[ 78] literal string: DestinationBuffer != ((void *) 0)
0x00004C12	0x0000001D	[ 78] literal string: SourceBuffer != ((void *) 0)
0x00004C2F	0x00000043	[ 78] literal string: (Length - 1) <= (0xFFFFFFFFFFFFFFFFULL - (UINTN)DestinationBuffer)
0x00004C72	0x0000003E	[ 78] literal string: (Length - 1) <= (0xFFFFFFFFFFFFFFFFULL - (UINTN)SourceBuffer)
0x00004CB0	0x00000049	[ 83] literal string: /Users/g5/Dev/SctWorkspace/MdePkg/Library/BaseMemoryLib/CopyMemWrapper.c
0x00004CF9	0x0000005E	[ 88] literal string: /Users/g5/Dev/SctWorkspace/MdePkg/Library/UefiBootServicesTableLib/UefiBootServicesTableLib.c
0x00004D57	0x0000001D	[ 88] literal string: gImageHandle != ((void *) 0)
0x00004D74	0x00000014	[ 88] literal string: gST != ((void *) 0)
0x00004D88	0x00000014	[ 88] literal string: gBS != ((void *) 0)
0x00004D9C	0x00000058	[ 89] literal string: /Users/g5/Dev/SctWorkspace/MdePkg/Library/UefiMemoryAllocationLib/MemoryAllocationLib.c
0x00004DF4	0x00000021	[ 89] literal string: \nASSERT_EFI_ERROR (Status = %r)\n
0x00004E15	0x00000014	[ 89] literal string: !EFI_ERROR (Status)
0x00004E29	0x0000003F	[ 89] literal string: AllocationSize <= (0xFFFFFFFFFFFFFFFFULL - (UINTN) Buffer + 1)
0x00004E68	0x00000064	[ 90] literal string: /Users/g5/Dev/SctWorkspace/MdePkg/Library/UefiRuntimeServicesTableLib/UefiRuntimeServicesTableLib.c
0x00004ECC	0x00000014	[ 90] literal string: gRT != ((void *) 0)
0x00004EE0	0x00000052	[ 91] literal string: /Users/g5/Dev/SctWorkspace/MdePkg/Library/UefiDevicePathLib/DevicePathUtilities.c
0x00004F32	0x0000001B	[ 91] literal string: DevicePath != ((void *) 0)
0x00004F4D	0x00000015	[ 91] literal string: Node != ((void *) 0)
0x00004F62	0x00000052	[ 95] literal string: /Users/g5/Dev/SctWorkspace/MdePkg/Library/UefiDriverEntryPoint/DriverEntryPoint.c
0x00004FB4	0x00000044	[ 98] literal string: /Users/g5/Dev/SctWorkspace/MdePkg/Library/UefiLib/UefiDriverModel.c
0x00004FF8	0x0000001E	[ 98] literal string: DriverBinding != ((void *) 0)
0x00005016	0x00000007	[101] literal string: eng;en
0x0000501D	0x00000004	[101] literal string: eng
0x00005021	0x00000003	[101] literal string: en
0x00005024	0x0000002B	[101] literal string: This I2C device has been already started.\n
0x0000504F	0x0000002A	[101] literal string: I2cBus: open I2C host error, Status = %r\n
0x00005079	0x00000033	[101] literal string: I2cBus: open private protocol error, Status = %r.\n
0x000050AC	0x0000002F	[101] literal string: I2cBus: open I2C enumerate error, Status = %r\n
0x000050DB	0x0000002D	[101] literal string: I2cBus: open device path error, Status = %r\n
0x00005108	0x00000030	[101] literal string: I2cBus: there is no enough memory to allocate.\n
0x00005138	0x00000036	[101] literal string: I2cBus: install private protocol error, Status = %r.\n
0x0000516E	0x0000002E	[101] literal string: I2cBus: Start() function failed, Status = %r\n
0x0000519C	0x0000003C	[101] literal string: Invalid EFI_I2C_DEVICE reported by I2c Enumerate protocol.\n
0x000051D8	0x00000040	[101] literal string: /Users/g5/Dev/SctWorkspace/MdeModulePkg/Bus/I2c/I2cDxe/I2cBus.c
0x00005218	0x00000021	[101] literal string: I2cDeviceContext != ((void *) 0)
0x00005239	0x00000015	[101] literal string: CR has Bad Signature
0x0000524E	0x0000002D	[101] literal string: I2cDeviceContext->DevicePath != ((void *) 0)
0x0000527B	0x0000000A	[102] literal string: I2cBusDxe
0x00005285	0x00000074	[102] literal string: /Users/g5/Dev/SctWorkspace/Build/MdeModule/RELEASE_XCODE5/X64/MdeModulePkg/Bus/I2c/I2cDxe/I2cBusDxe/DEBUG/AutoGen.c
0x00005300	0x00000010	[ 69] _mHexStr
0x00005310	0x00000004	[ 91] _mUefiDevicePathLibEndDevicePath
0x00005314	0x00000004	[102] __gPcd_FixedAtBuild_PcdDebugPrintErrorLevel
0x00005318	0x00000004	[102] __gPcd_FixedAtBuild_PcdMaximumAsciiStringLength
0x0000531C	0x00000004	[102] __gPcd_FixedAtBuild_PcdMaximumUnicodeStringLength
0x00005320	0x00000001	[102] __gPcd_FixedAtBuild_PcdDebugPropertyMask
0x00005324	0x00000004	[102] __gPcd_FixedAtBuild_PcdFixedDebugPrintErrorLevel
0x00005328	0x00000004	[102] __gPcd_FixedAtBuild_PcdMaximumDevicePathNodeCount
0x0000532D	0x00000001	[102] __gPcd_FixedAtBuild_PcdComponentNameDisable
0x0000532F	0x00000001	[102] __gPcd_FixedAtBuild_PcdComponentName2Disable
0x00005330	0x00000004	[102] __gUefiDriverRevision
0x00005334	0x00000001	[102] __gDriverUnloadImageCount
0x00005336	0x0000001E	[101] l_.str.1
0x00005360	0x00000138	[ 69] _mStatusString
0x000054A0	0x00000002	[ 37] _m16Size
0x000054A2	0x00000002	[ 37] _mThunk16Attr
0x000054A4	0x00000002	[ 37] _m16Gdt
0x000054A6	0x00000002	[ 37] _m16GdtrBase
0x000054A8	0x00000002	[ 37] _mTransition
0x000054B0	0x00000030	[101] _gI2cBusDriverBinding
0x000054E0	0x00000048	[101] _gI2cDeviceContextTemplate
0x00005528	0x00000008	[101] _gControllerDevicePathTemplate
0x00005530	0x00000020	[101] _gVendorDevicePathTemplate
0x00005550	0x00000020	[101] _mI2cBusDriverNameTable
0x00005570	0x00000018	[101] _gI2cBusComponentName
0x00005588	0x00000018	[101] _gI2cBusComponentName2
0x000055A0	0x00000010	[102] _gEfiCallerIdGuid
0x000055B0	0x00000008	[102] _gEfiCallerBaseName
0x000055B8	0x00000010	[102] _gEfiI2cIoProtocolGuid
0x000055C8	0x00000010	[102] _gEfiDevicePathProtocolGuid
0x000055D8	0x00000010	[102] _gEfiI2cEnumerateProtocolGuid
0x000055E8	0x00000010	[102] _gEfiI2cHostProtocolGuid
0x000055F8	0x00000010	[102] _gEfiLoadedImageProtocolGuid
0x00005608	0x00000010	[102] _gEfiDriverBindingProtocolGuid
0x00005618	0x00000010	[102] _gEfiComponentNameProtocolGuid
0x00005628	0x00000010	[102] _gEfiComponentName2ProtocolGuid
0x00005638	0x00000008	[ 88] _gImageHandle
0x00005640	0x00000008	[ 88] _gST
0x00005648	0x00000008	[ 88] _gBS
0x00005650	0x00000008	[ 90] _gRT
