# Path: /Users/g5/Dev/SctWorkspace/Build/MdeModule/RELEASE_XCODE5/X64/MdeModulePkg/Universal/WatchdogTimerDxe/WatchdogTimer/DEBUG/WatchdogTimer.dll
# Arch: x86_64
# Object files:
[  0] linker synthesized
[  1] /Users/g5/Dev/SctWorkspace/Build/MdeModule/RELEASE_XCODE5/X64/MdePkg/Library/BaseMemoryLib/BaseMemoryLib/OUTPUT/BaseMemoryLib.lib(SetMem.obj)
[  2] /Users/g5/Dev/SctWorkspace/Build/MdeModule/RELEASE_XCODE5/X64/MdePkg/Library/BaseMemoryLib/BaseMemoryLib/OUTPUT/BaseMemoryLib.lib(ScanMem64Wrapper.obj)
[  3] /Users/g5/Dev/SctWorkspace/Build/MdeModule/RELEASE_XCODE5/X64/MdePkg/Library/BaseMemoryLib/BaseMemoryLib/OUTPUT/BaseMemoryLib.lib(ScanMem32Wrapper.obj)
[  4] /Users/g5/Dev/SctWorkspace/Build/MdeModule/RELEASE_XCODE5/X64/MdePkg/Library/BaseMemoryLib/BaseMemoryLib/OUTPUT/BaseMemoryLib.lib(ScanMem16Wrapper.obj)
[  5] /Users/g5/Dev/SctWorkspace/Build/MdeModule/RELEASE_XCODE5/X64/MdePkg/Library/BaseMemoryLib/BaseMemoryLib/OUTPUT/BaseMemoryLib.lib(ScanMem8Wrapper.obj)
[  6] /Users/g5/Dev/SctWorkspace/Build/MdeModule/RELEASE_XCODE5/X64/MdePkg/Library/BaseMemoryLib/BaseMemoryLib/OUTPUT/BaseMemoryLib.lib(ZeroMemWrapper.obj)
[  7] /Users/g5/Dev/SctWorkspace/Build/MdeModule/RELEASE_XCODE5/X64/MdePkg/Library/BaseMemoryLib/BaseMemoryLib/OUTPUT/BaseMemoryLib.lib(CompareMemWrapper.obj)
[  8] /Users/g5/Dev/SctWorkspace/Build/MdeModule/RELEASE_XCODE5/X64/MdePkg/Library/BaseMemoryLib/BaseMemoryLib/OUTPUT/BaseMemoryLib.lib(SetMem64Wrapper.obj)
[  9] /Users/g5/Dev/SctWorkspace/Build/MdeModule/RELEASE_XCODE5/X64/MdePkg/Library/BaseMemoryLib/BaseMemoryLib/OUTPUT/BaseMemoryLib.lib(SetMem32Wrapper.obj)
[ 10] /Users/g5/Dev/SctWorkspace/Build/MdeModule/RELEASE_XCODE5/X64/MdePkg/Library/BaseMemoryLib/BaseMemoryLib/OUTPUT/BaseMemoryLib.lib(SetMem16Wrapper.obj)
[ 11] /Users/g5/Dev/SctWorkspace/Build/MdeModule/RELEASE_XCODE5/X64/MdePkg/Library/BaseMemoryLib/BaseMemoryLib/OUTPUT/BaseMemoryLib.lib(SetMemWrapper.obj)
[ 12] /Users/g5/Dev/SctWorkspace/Build/MdeModule/RELEASE_XCODE5/X64/MdePkg/Library/BaseMemoryLib/BaseMemoryLib/OUTPUT/BaseMemoryLib.lib(CopyMemWrapper.obj)
[ 13] /Users/g5/Dev/SctWorkspace/Build/MdeModule/RELEASE_XCODE5/X64/MdePkg/Library/BaseMemoryLib/BaseMemoryLib/OUTPUT/BaseMemoryLib.lib(IsZeroBufferWrapper.obj)
[ 14] /Users/g5/Dev/SctWorkspace/Build/MdeModule/RELEASE_XCODE5/X64/MdePkg/Library/BaseMemoryLib/BaseMemoryLib/OUTPUT/BaseMemoryLib.lib(MemLibGeneric.obj)
[ 15] /Users/g5/Dev/SctWorkspace/Build/MdeModule/RELEASE_XCODE5/X64/MdePkg/Library/BaseMemoryLib/BaseMemoryLib/OUTPUT/BaseMemoryLib.lib(MemLibGuid.obj)
[ 16] /Users/g5/Dev/SctWorkspace/Build/MdeModule/RELEASE_XCODE5/X64/MdePkg/Library/BaseMemoryLib/BaseMemoryLib/OUTPUT/BaseMemoryLib.lib(CopyMem.obj)
[ 17] /Users/g5/Dev/SctWorkspace/Build/MdeModule/RELEASE_XCODE5/X64/MdePkg/Library/BasePcdLibNull/BasePcdLibNull/OUTPUT/BasePcdLibNull.lib(PcdLib.obj)
[ 18] /Users/g5/Dev/SctWorkspace/Build/MdeModule/RELEASE_XCODE5/X64/MdePkg/Library/BaseLib/BaseLib/OUTPUT/BaseLib.lib(CheckSum.obj)
[ 19] /Users/g5/Dev/SctWorkspace/Build/MdeModule/RELEASE_XCODE5/X64/MdePkg/Library/BaseLib/BaseLib/OUTPUT/BaseLib.lib(SwitchStack.obj)
[ 20] /Users/g5/Dev/SctWorkspace/Build/MdeModule/RELEASE_XCODE5/X64/MdePkg/Library/BaseLib/BaseLib/OUTPUT/BaseLib.lib(SwapBytes64.obj)
[ 21] /Users/g5/Dev/SctWorkspace/Build/MdeModule/RELEASE_XCODE5/X64/MdePkg/Library/BaseLib/BaseLib/OUTPUT/BaseLib.lib(SwapBytes32.obj)
[ 22] /Users/g5/Dev/SctWorkspace/Build/MdeModule/RELEASE_XCODE5/X64/MdePkg/Library/BaseLib/BaseLib/OUTPUT/BaseLib.lib(SwapBytes16.obj)
[ 23] /Users/g5/Dev/SctWorkspace/Build/MdeModule/RELEASE_XCODE5/X64/MdePkg/Library/BaseLib/BaseLib/OUTPUT/BaseLib.lib(LongJump.obj)
[ 24] /Users/g5/Dev/SctWorkspace/Build/MdeModule/RELEASE_XCODE5/X64/MdePkg/Library/BaseLib/BaseLib/OUTPUT/BaseLib.lib(SetJump.obj)
[ 25] /Users/g5/Dev/SctWorkspace/Build/MdeModule/RELEASE_XCODE5/X64/MdePkg/Library/BaseLib/BaseLib/OUTPUT/BaseLib.lib(RShiftU64.obj)
[ 26] /Users/g5/Dev/SctWorkspace/Build/MdeModule/RELEASE_XCODE5/X64/MdePkg/Library/BaseLib/BaseLib/OUTPUT/BaseLib.lib(RRotU64.obj)
[ 27] /Users/g5/Dev/SctWorkspace/Build/MdeModule/RELEASE_XCODE5/X64/MdePkg/Library/BaseLib/BaseLib/OUTPUT/BaseLib.lib(RRotU32.obj)
[ 28] /Users/g5/Dev/SctWorkspace/Build/MdeModule/RELEASE_XCODE5/X64/MdePkg/Library/BaseLib/BaseLib/OUTPUT/BaseLib.lib(MultU64x64.obj)
[ 29] /Users/g5/Dev/SctWorkspace/Build/MdeModule/RELEASE_XCODE5/X64/MdePkg/Library/BaseLib/BaseLib/OUTPUT/BaseLib.lib(MultU64x32.obj)
[ 30] /Users/g5/Dev/SctWorkspace/Build/MdeModule/RELEASE_XCODE5/X64/MdePkg/Library/BaseLib/BaseLib/OUTPUT/BaseLib.lib(MultS64x64.obj)
[ 31] /Users/g5/Dev/SctWorkspace/Build/MdeModule/RELEASE_XCODE5/X64/MdePkg/Library/BaseLib/BaseLib/OUTPUT/BaseLib.lib(ModU64x32.obj)
[ 32] /Users/g5/Dev/SctWorkspace/Build/MdeModule/RELEASE_XCODE5/X64/MdePkg/Library/BaseLib/BaseLib/OUTPUT/BaseLib.lib(LShiftU64.obj)
[ 33] /Users/g5/Dev/SctWorkspace/Build/MdeModule/RELEASE_XCODE5/X64/MdePkg/Library/BaseLib/BaseLib/OUTPUT/BaseLib.lib(LRotU64.obj)
[ 34] /Users/g5/Dev/SctWorkspace/Build/MdeModule/RELEASE_XCODE5/X64/MdePkg/Library/BaseLib/BaseLib/OUTPUT/BaseLib.lib(LRotU32.obj)
[ 35] /Users/g5/Dev/SctWorkspace/Build/MdeModule/RELEASE_XCODE5/X64/MdePkg/Library/BaseLib/BaseLib/OUTPUT/BaseLib.lib(LowBitSet64.obj)
[ 36] /Users/g5/Dev/SctWorkspace/Build/MdeModule/RELEASE_XCODE5/X64/MdePkg/Library/BaseLib/BaseLib/OUTPUT/BaseLib.lib(LowBitSet32.obj)
[ 37] /Users/g5/Dev/SctWorkspace/Build/MdeModule/RELEASE_XCODE5/X64/MdePkg/Library/BaseLib/BaseLib/OUTPUT/BaseLib.lib(HighBitSet64.obj)
[ 38] /Users/g5/Dev/SctWorkspace/Build/MdeModule/RELEASE_XCODE5/X64/MdePkg/Library/BaseLib/BaseLib/OUTPUT/BaseLib.lib(HighBitSet32.obj)
[ 39] /Users/g5/Dev/SctWorkspace/Build/MdeModule/RELEASE_XCODE5/X64/MdePkg/Library/BaseLib/BaseLib/OUTPUT/BaseLib.lib(GetPowerOfTwo64.obj)
[ 40] /Users/g5/Dev/SctWorkspace/Build/MdeModule/RELEASE_XCODE5/X64/MdePkg/Library/BaseLib/BaseLib/OUTPUT/BaseLib.lib(GetPowerOfTwo32.obj)
[ 41] /Users/g5/Dev/SctWorkspace/Build/MdeModule/RELEASE_XCODE5/X64/MdePkg/Library/BaseLib/BaseLib/OUTPUT/BaseLib.lib(DivU64x64Remainder.obj)
[ 42] /Users/g5/Dev/SctWorkspace/Build/MdeModule/RELEASE_XCODE5/X64/MdePkg/Library/BaseLib/BaseLib/OUTPUT/BaseLib.lib(DivU64x32Remainder.obj)
[ 43] /Users/g5/Dev/SctWorkspace/Build/MdeModule/RELEASE_XCODE5/X64/MdePkg/Library/BaseLib/BaseLib/OUTPUT/BaseLib.lib(DivU64x32.obj)
[ 44] /Users/g5/Dev/SctWorkspace/Build/MdeModule/RELEASE_XCODE5/X64/MdePkg/Library/BaseLib/BaseLib/OUTPUT/BaseLib.lib(DivS64x64Remainder.obj)
[ 45] /Users/g5/Dev/SctWorkspace/Build/MdeModule/RELEASE_XCODE5/X64/MdePkg/Library/BaseLib/BaseLib/OUTPUT/BaseLib.lib(ARShiftU64.obj)
[ 46] /Users/g5/Dev/SctWorkspace/Build/MdeModule/RELEASE_XCODE5/X64/MdePkg/Library/BaseLib/BaseLib/OUTPUT/BaseLib.lib(BitField.obj)
[ 47] /Users/g5/Dev/SctWorkspace/Build/MdeModule/RELEASE_XCODE5/X64/MdePkg/Library/BaseLib/BaseLib/OUTPUT/BaseLib.lib(CpuDeadLoop.obj)
[ 48] /Users/g5/Dev/SctWorkspace/Build/MdeModule/RELEASE_XCODE5/X64/MdePkg/Library/BaseLib/BaseLib/OUTPUT/BaseLib.lib(Cpu.obj)
[ 49] /Users/g5/Dev/SctWorkspace/Build/MdeModule/RELEASE_XCODE5/X64/MdePkg/Library/BaseLib/BaseLib/OUTPUT/BaseLib.lib(LinkedList.obj)
[ 50] /Users/g5/Dev/SctWorkspace/Build/MdeModule/RELEASE_XCODE5/X64/MdePkg/Library/BaseLib/BaseLib/OUTPUT/BaseLib.lib(SafeString.obj)
[ 51] /Users/g5/Dev/SctWorkspace/Build/MdeModule/RELEASE_XCODE5/X64/MdePkg/Library/BaseLib/BaseLib/OUTPUT/BaseLib.lib(String.obj)
[ 52] /Users/g5/Dev/SctWorkspace/Build/MdeModule/RELEASE_XCODE5/X64/MdePkg/Library/BaseLib/BaseLib/OUTPUT/BaseLib.lib(FilePaths.obj)
[ 53] /Users/g5/Dev/SctWorkspace/Build/MdeModule/RELEASE_XCODE5/X64/MdePkg/Library/BaseLib/BaseLib/OUTPUT/BaseLib.lib(Thunk16.obj)
[ 54] /Users/g5/Dev/SctWorkspace/Build/MdeModule/RELEASE_XCODE5/X64/MdePkg/Library/BaseLib/BaseLib/OUTPUT/BaseLib.lib(WriteTr.obj)
[ 55] /Users/g5/Dev/SctWorkspace/Build/MdeModule/RELEASE_XCODE5/X64/MdePkg/Library/BaseLib/BaseLib/OUTPUT/BaseLib.lib(Non-existing.obj)
[ 56] /Users/g5/Dev/SctWorkspace/Build/MdeModule/RELEASE_XCODE5/X64/MdePkg/Library/BaseLib/BaseLib/OUTPUT/BaseLib.lib(Math64.obj)
[ 57] /Users/g5/Dev/SctWorkspace/Build/MdeModule/RELEASE_XCODE5/X64/MdePkg/Library/BaseLib/BaseLib/OUTPUT/BaseLib.lib(Unaligned.obj)
[ 58] /Users/g5/Dev/SctWorkspace/Build/MdeModule/RELEASE_XCODE5/X64/MdePkg/Library/BaseLib/BaseLib/OUTPUT/BaseLib.lib(X86WriteIdtr.obj)
[ 59] /Users/g5/Dev/SctWorkspace/Build/MdeModule/RELEASE_XCODE5/X64/MdePkg/Library/BaseLib/BaseLib/OUTPUT/BaseLib.lib(X86WriteGdtr.obj)
[ 60] /Users/g5/Dev/SctWorkspace/Build/MdeModule/RELEASE_XCODE5/X64/MdePkg/Library/BaseLib/BaseLib/OUTPUT/BaseLib.lib(X86Thunk.obj)
[ 61] /Users/g5/Dev/SctWorkspace/Build/MdeModule/RELEASE_XCODE5/X64/MdePkg/Library/BaseLib/BaseLib/OUTPUT/BaseLib.lib(X86ReadIdtr.obj)
[ 62] /Users/g5/Dev/SctWorkspace/Build/MdeModule/RELEASE_XCODE5/X64/MdePkg/Library/BaseLib/BaseLib/OUTPUT/BaseLib.lib(X86ReadGdtr.obj)
[ 63] /Users/g5/Dev/SctWorkspace/Build/MdeModule/RELEASE_XCODE5/X64/MdePkg/Library/BaseLib/BaseLib/OUTPUT/BaseLib.lib(X86Msr.obj)
[ 64] /Users/g5/Dev/SctWorkspace/Build/MdeModule/RELEASE_XCODE5/X64/MdePkg/Library/BaseLib/BaseLib/OUTPUT/BaseLib.lib(X86GetInterruptState.obj)
[ 65] /Users/g5/Dev/SctWorkspace/Build/MdeModule/RELEASE_XCODE5/X64/MdePkg/Library/BaseLib/BaseLib/OUTPUT/BaseLib.lib(X86FxSave.obj)
[ 66] /Users/g5/Dev/SctWorkspace/Build/MdeModule/RELEASE_XCODE5/X64/MdePkg/Library/BaseLib/BaseLib/OUTPUT/BaseLib.lib(X86FxRestore.obj)
[ 67] /Users/g5/Dev/SctWorkspace/Build/MdeModule/RELEASE_XCODE5/X64/MdePkg/Library/BaseLib/BaseLib/OUTPUT/BaseLib.lib(X86EnablePaging64.obj)
[ 68] /Users/g5/Dev/SctWorkspace/Build/MdeModule/RELEASE_XCODE5/X64/MdePkg/Library/BaseLib/BaseLib/OUTPUT/BaseLib.lib(X86EnablePaging32.obj)
[ 69] /Users/g5/Dev/SctWorkspace/Build/MdeModule/RELEASE_XCODE5/X64/MdePkg/Library/BaseLib/BaseLib/OUTPUT/BaseLib.lib(X86DisablePaging64.obj)
[ 70] /Users/g5/Dev/SctWorkspace/Build/MdeModule/RELEASE_XCODE5/X64/MdePkg/Library/BaseLib/BaseLib/OUTPUT/BaseLib.lib(X86DisablePaging32.obj)
[ 71] /Users/g5/Dev/SctWorkspace/Build/MdeModule/RELEASE_XCODE5/X64/MdePkg/Library/BaseLib/BaseLib/OUTPUT/BaseLib.lib(X86RdRand.obj)
[ 72] /Users/g5/Dev/SctWorkspace/Build/MdeModule/RELEASE_XCODE5/X64/MdePkg/Library/BaseLib/BaseLib/OUTPUT/BaseLib.lib(GccInline.obj)
[ 73] /Users/g5/Dev/SctWorkspace/Build/MdeModule/RELEASE_XCODE5/X64/MdePkg/Library/BaseLib/BaseLib/OUTPUT/BaseLib.lib(SwitchStack.obj)
[ 74] /Users/g5/Dev/SctWorkspace/Build/MdeModule/RELEASE_XCODE5/X64/MdePkg/Library/BaseLib/BaseLib/OUTPUT/BaseLib.lib(SetJump.obj)
[ 75] /Users/g5/Dev/SctWorkspace/Build/MdeModule/RELEASE_XCODE5/X64/MdePkg/Library/BaseLib/BaseLib/OUTPUT/BaseLib.lib(LongJump.obj)
[ 76] /Users/g5/Dev/SctWorkspace/Build/MdeModule/RELEASE_XCODE5/X64/MdePkg/Library/BaseLib/BaseLib/OUTPUT/BaseLib.lib(EnableDisableInterrupts.obj)
[ 77] /Users/g5/Dev/SctWorkspace/Build/MdeModule/RELEASE_XCODE5/X64/MdePkg/Library/BaseLib/BaseLib/OUTPUT/BaseLib.lib(DisablePaging64.obj)
[ 78] /Users/g5/Dev/SctWorkspace/Build/MdeModule/RELEASE_XCODE5/X64/MdePkg/Library/BaseLib/BaseLib/OUTPUT/BaseLib.lib(CpuId.obj)
[ 79] /Users/g5/Dev/SctWorkspace/Build/MdeModule/RELEASE_XCODE5/X64/MdePkg/Library/BaseLib/BaseLib/OUTPUT/BaseLib.lib(CpuIdEx.obj)
[ 80] /Users/g5/Dev/SctWorkspace/Build/MdeModule/RELEASE_XCODE5/X64/MdePkg/Library/BaseLib/BaseLib/OUTPUT/BaseLib.lib(EnableCache.obj)
[ 81] /Users/g5/Dev/SctWorkspace/Build/MdeModule/RELEASE_XCODE5/X64/MdePkg/Library/BaseLib/BaseLib/OUTPUT/BaseLib.lib(DisableCache.obj)
[ 82] /Users/g5/Dev/SctWorkspace/Build/MdeModule/RELEASE_XCODE5/X64/MdePkg/Library/BaseLib/BaseLib/OUTPUT/BaseLib.lib(RdRand.obj)
[ 83] /Users/g5/Dev/SctWorkspace/Build/MdeModule/RELEASE_XCODE5/X64/MdePkg/Library/BaseLib/BaseLib/OUTPUT/BaseLib.lib(ChkStkGcc.obj)
[ 84] /Users/g5/Dev/SctWorkspace/Build/MdeModule/RELEASE_XCODE5/X64/MdePkg/Library/BaseDebugLibNull/BaseDebugLibNull/OUTPUT/BaseDebugLibNull.lib(DebugLib.obj)
[ 85] /Users/g5/Dev/SctWorkspace/Build/MdeModule/RELEASE_XCODE5/X64/MdePkg/Library/UefiBootServicesTableLib/UefiBootServicesTableLib/OUTPUT/UefiBootServicesTableLib.lib(UefiBootServicesTableLib.obj)
[ 86] /Users/g5/Dev/SctWorkspace/Build/MdeModule/RELEASE_XCODE5/X64/MdePkg/Library/UefiRuntimeServicesTableLib/UefiRuntimeServicesTableLib/OUTPUT/UefiRuntimeServicesTableLib.lib(UefiRuntimeServicesTableLib.obj)
[ 87] /Users/g5/Dev/SctWorkspace/Build/MdeModule/RELEASE_XCODE5/X64/MdePkg/Library/BaseReportStatusCodeLibNull/BaseReportStatusCodeLibNull/OUTPUT/BaseReportStatusCodeLibNull.lib(BaseReportStatusCodeLib.obj)
[ 88] /Users/g5/Dev/SctWorkspace/Build/MdeModule/RELEASE_XCODE5/X64/MdePkg/Library/UefiDriverEntryPoint/UefiDriverEntryPoint/OUTPUT/UefiDriverEntryPoint.lib(DriverEntryPoint.obj)
[ 89] /Users/g5/Dev/SctWorkspace/Build/MdeModule/RELEASE_XCODE5/X64/MdeModulePkg/Universal/WatchdogTimerDxe/WatchdogTimer/OUTPUT/WatchdogTimer.lib(WatchdogTimer.obj)
[ 90] /Users/g5/Dev/SctWorkspace/Build/MdeModule/RELEASE_XCODE5/X64/MdeModulePkg/Universal/WatchdogTimerDxe/WatchdogTimer/OUTPUT/WatchdogTimer.lib(AutoGen.obj)
# Sections:
# Address	Size    	Segment	Section
0x00000240	0x00000A5C	__TEXT	__text
0x00000C9C	0x00000355	__TEXT	__cstring
0x00000FF4	0x00000005	__TEXT	__const
0x00001000	0x00000048	__DATA	__data
0x00001048	0x00000040	__DATA	__common
# Symbols:
# Address	Size    	File  Name
0x00000240	0x00000000	[  0] ___dso_handle
0x00000240	0x00000066	[ 24] _InternalAssertJumpBuffer
0x000002A8	0x00000000	[ 53] SavedGdt
0x000002A8	0x0000000A	[ 53] _m16Start
0x000002B2	0x00000008	[ 53] _BackFromUserCode
0x000002BA	0x00000014	[ 53] _BackFromUserCode.Base
0x000002CE	0x0000000D	[ 53] _BackFromUserCode.ThunkAttrEnd
0x000002DB	0x0000000B	[ 53] _BackFromUserCode.1
0x000002E6	0x00000036	[ 53] _BackFromUserCode.2
0x0000031C	0x0000001C	[ 53] _BackFromUserCode.SavedCr4End
0x00000338	0x0000000B	[ 53] _BackFromUserCode.SavedCr0End
0x00000343	0x0000000B	[ 53] _BackFromUserCode.X64JmpEnd
0x0000034E	0x00000002	[ 53] _BackFromUserCode.SavedSpEnd
0x00000350	0x00000006	[ 53] _EntryPoint
0x00000356	0x00000002	[ 53] _16Gdtr
0x00000358	0x00000008	[ 53] _16GdtrBase
0x00000360	0x00000006	[ 53] _16Idtr
0x00000366	0x00000028	[ 53] _ToUserCode
0x0000038E	0x0000000F	[ 53] _ToUserCode.Base
0x0000039D	0x0000001B	[ 53] _ToUserCode.RealMode
0x000003B8	0x00000008	[ 53] _NullSeg
0x000003C0	0x00000008	[ 53] _16Code
0x000003C8	0x00000008	[ 53] _16Data
0x000003D0	0x00000008	[ 53] _32Data
0x000003D8	0x000000B4	[ 53] _InternalAsmThunk16
0x0000048C	0x00000020	[ 53] _InternalAsmThunk16.RetFromRealMode
0x000004AC	0x00000006	[ 54] _AsmWriteTr
0x000004B2	0x0000000F	[ 73] _InternalSwitchStack
0x000004C1	0x0000008F	[ 74] _SetJump
0x00000550	0x0000007C	[ 75] _InternalLongJump
0x000005CC	0x00000003	[ 76] _EnableDisableInterrupts
0x000005CF	0x0000003A	[ 77] _InternalX86DisablePaging64
0x00000609	0x00000027	[ 77] _InternalX86DisablePaging64.0
0x00000630	0x00000000	[ 77] mTransitionEnd
0x00000630	0x0000000F	[ 78] _AsmCpuid
0x0000063F	0x00000005	[ 78] _AsmCpuid.0
0x00000644	0x00000007	[ 78] _AsmCpuid.1
0x0000064B	0x00000009	[ 78] _AsmCpuid.2
0x00000654	0x00000003	[ 78] _AsmCpuid.3
0x00000657	0x00000015	[ 79] _AsmCpuidEx
0x0000066C	0x00000007	[ 79] _AsmCpuidEx.0
0x00000673	0x00000007	[ 79] _AsmCpuidEx.1
0x0000067A	0x00000009	[ 79] _AsmCpuidEx.2
0x00000683	0x00000003	[ 79] _AsmCpuidEx.3
0x00000686	0x00000013	[ 80] _AsmEnableCache
0x00000699	0x00000013	[ 81] _AsmDisableCache
0x000006AC	0x00000009	[ 82] _InternalX86RdRand16
0x000006B5	0x00000009	[ 82] rn16_ok
0x000006BE	0x00000009	[ 82] _InternalX86RdRand32
0x000006C7	0x00000008	[ 82] rn32_ok
0x000006CF	0x0000000A	[ 82] _InternalX86RdRand64
0x000006D9	0x00000009	[ 82] rn64_ok
0x000006E2	0x00000006	[ 84] _DebugPrint
0x000006E8	0x00000006	[ 84] _DebugAssert
0x000006EE	0x00000008	[ 84] _DebugAssertEnabled
0x000006F6	0x00000008	[ 84] _DebugPrintEnabled
0x000006FE	0x00000008	[ 84] _DebugPrintLevelEnabled
0x00000706	0x000000B5	[ 85] _UefiBootServicesTableLibConstructor
0x000007BB	0x00000048	[ 86] _UefiRuntimeServicesTableLibConstructor
0x00000803	0x00000008	[ 87] _ReportStatusCode
0x0000080B	0x00000008	[ 87] _ReportProgressCodeEnabled
0x00000813	0x00000008	[ 87] _ReportErrorCodeEnabled
0x0000081B	0x00000008	[ 87] _ReportDebugCodeEnabled
0x00000823	0x00000034	[ 88] __DriverUnloadHandler
0x00000857	0x000000EB	[ 88] __ModuleEntryPoint
0x00000942	0x00000038	[ 89] _WatchdogTimerDriverRegisterHandler
0x0000097A	0x00000031	[ 89] _WatchdogTimerDriverSetTimerPeriod
0x000009AB	0x00000023	[ 89] _WatchdogTimerDriverGetTimerPeriod
0x000009CE	0x0000008E	[ 89] _WatchdogTimerDriverExpires
0x00000A5C	0x0000014E	[ 89] _WatchdogTimerDriverInitialize
0x00000BAA	0x000000DA	[ 90] _ProcessLibraryConstructorList
0x00000C84	0x00000006	[ 90] _ProcessLibraryDestructorList
0x00000C8A	0x0000000A	[ 90] _ProcessModuleEntryPointList
0x00000C94	0x00000008	[ 90] _ProcessModuleUnloadList
0x00000C9C	0x0000003C	[ 24] literal string: /Users/g5/Dev/SctWorkspace/MdePkg/Library/BaseLib/SetJump.c
0x00000CD8	0x0000001B	[ 24] literal string: JumpBuffer != ((void *) 0)
0x00000CF3	0x00000023	[ 24] literal string: ((UINTN)JumpBuffer & (8 - 1)) == 0
0x00000D16	0x0000005E	[ 85] literal string: /Users/g5/Dev/SctWorkspace/MdePkg/Library/UefiBootServicesTableLib/UefiBootServicesTableLib.c
0x00000D74	0x0000001D	[ 85] literal string: gImageHandle != ((void *) 0)
0x00000D91	0x00000014	[ 85] literal string: gST != ((void *) 0)
0x00000DA5	0x00000014	[ 85] literal string: gBS != ((void *) 0)
0x00000DB9	0x00000064	[ 86] literal string: /Users/g5/Dev/SctWorkspace/MdePkg/Library/UefiRuntimeServicesTableLib/UefiRuntimeServicesTableLib.c
0x00000E1D	0x00000014	[ 86] literal string: gRT != ((void *) 0)
0x00000E31	0x00000021	[ 88] literal string: \nASSERT_EFI_ERROR (Status = %r)\n
0x00000E52	0x00000052	[ 88] literal string: /Users/g5/Dev/SctWorkspace/MdePkg/Library/UefiDriverEntryPoint/DriverEntryPoint.c
0x00000EA4	0x00000014	[ 88] literal string: !EFI_ERROR (Status)
0x00000EB8	0x00000021	[ 89] literal string: Watchdog Timer resetting system\n
0x00000ED9	0x00000053	[ 89] literal string: /Users/g5/Dev/SctWorkspace/MdeModulePkg/Universal/WatchdogTimerDxe/WatchdogTimer.c
0x00000F2C	0x00000041	[ 89] literal string: &gEfiWatchdogTimerArchProtocolGuid already installed in database
0x00000F6D	0x00000084	[ 90] literal string: /Users/g5/Dev/SctWorkspace/Build/MdeModule/RELEASE_XCODE5/X64/MdeModulePkg/Universal/WatchdogTimerDxe/WatchdogTimer/DEBUG/AutoGen.c
0x00000FF4	0x00000004	[ 90] __gUefiDriverRevision
0x00000FF8	0x00000001	[ 90] __gDriverUnloadImageCount
0x00001000	0x00000002	[ 53] _m16Size
0x00001002	0x00000002	[ 53] _mThunk16Attr
0x00001004	0x00000002	[ 53] _m16Gdt
0x00001006	0x00000002	[ 53] _m16GdtrBase
0x00001008	0x00000002	[ 53] _mTransition
0x00001010	0x00000018	[ 89] _mWatchdogTimer
0x00001028	0x00000010	[ 90] _gEfiWatchdogTimerArchProtocolGuid
0x00001038	0x00000010	[ 90] _gEfiLoadedImageProtocolGuid
0x00001048	0x00000008	[ 85] _gImageHandle
0x00001050	0x00000008	[ 85] _gST
0x00001058	0x00000008	[ 85] _gBS
0x00001060	0x00000008	[ 86] _gRT
0x00001068	0x00000008	[ 89] _mWatchdogTimerHandle
0x00001070	0x00000008	[ 89] _mWatchdogTimerPeriod
0x00001078	0x00000008	[ 89] _mWatchdogTimerNotifyFunction
0x00001080	0x00000008	[ 89] _mWatchdogTimerEvent
