# Path: /Users/g5/Dev/SctWorkspace/Build/MdeModule/RELEASE_XCODE5/X64/MdeModulePkg/Universal/FaultTolerantWriteDxe/FaultTolerantWriteSmmDxe/DEBUG/FaultTolerantWriteSmmDxe.dll
# Arch: x86_64
# Object files:
[  0] linker synthesized
[  1] /Users/g5/Dev/SctWorkspace/Build/MdeModule/RELEASE_XCODE5/X64/MdePkg/Library/BaseMemoryLib/BaseMemoryLib/OUTPUT/BaseMemoryLib.lib(SetMem.obj)
[  2] /Users/g5/Dev/SctWorkspace/Build/MdeModule/RELEASE_XCODE5/X64/MdePkg/Library/BaseMemoryLib/BaseMemoryLib/OUTPUT/BaseMemoryLib.lib(ScanMem64Wrapper.obj)
[  3] /Users/g5/Dev/SctWorkspace/Build/MdeModule/RELEASE_XCODE5/X64/MdePkg/Library/BaseMemoryLib/BaseMemoryLib/OUTPUT/BaseMemoryLib.lib(ScanMem32Wrapper.obj)
[  4] /Users/g5/Dev/SctWorkspace/Build/MdeModule/RELEASE_XCODE5/X64/MdePkg/Library/BaseMemoryLib/BaseMemoryLib/OUTPUT/BaseMemoryLib.lib(ScanMem16Wrapper.obj)
[  5] /Users/g5/Dev/SctWorkspace/Build/MdeModule/RELEASE_XCODE5/X64/MdePkg/Library/BaseMemoryLib/BaseMemoryLib/OUTPUT/BaseMemoryLib.lib(ScanMem8Wrapper.obj)
[  6] /Users/g5/Dev/SctWorkspace/Build/MdeModule/RELEASE_XCODE5/X64/MdePkg/Library/BaseMemoryLib/BaseMemoryLib/OUTPUT/BaseMemoryLib.lib(ZeroMemWrapper.obj)
[  7] /Users/g5/Dev/SctWorkspace/Build/MdeModule/RELEASE_XCODE5/X64/MdePkg/Library/BaseMemoryLib/BaseMemoryLib/OUTPUT/BaseMemoryLib.lib(CompareMemWrapper.obj)
[  8] /Users/g5/Dev/SctWorkspace/Build/MdeModule/RELEASE_XCODE5/X64/MdePkg/Library/BaseMemoryLib/BaseMemoryLib/OUTPUT/BaseMemoryLib.lib(SetMem64Wrapper.obj)
[  9] /Users/g5/Dev/SctWorkspace/Build/MdeModule/RELEASE_XCODE5/X64/MdePkg/Library/BaseMemoryLib/BaseMemoryLib/OUTPUT/BaseMemoryLib.lib(SetMem32Wrapper.obj)
[ 10] /Users/g5/Dev/SctWorkspace/Build/MdeModule/RELEASE_XCODE5/X64/MdePkg/Library/BaseMemoryLib/BaseMemoryLib/OUTPUT/BaseMemoryLib.lib(SetMem16Wrapper.obj)
[ 11] /Users/g5/Dev/SctWorkspace/Build/MdeModule/RELEASE_XCODE5/X64/MdePkg/Library/BaseMemoryLib/BaseMemoryLib/OUTPUT/BaseMemoryLib.lib(SetMemWrapper.obj)
[ 12] /Users/g5/Dev/SctWorkspace/Build/MdeModule/RELEASE_XCODE5/X64/MdePkg/Library/BaseMemoryLib/BaseMemoryLib/OUTPUT/BaseMemoryLib.lib(CopyMemWrapper.obj)
[ 13] /Users/g5/Dev/SctWorkspace/Build/MdeModule/RELEASE_XCODE5/X64/MdePkg/Library/BaseMemoryLib/BaseMemoryLib/OUTPUT/BaseMemoryLib.lib(IsZeroBufferWrapper.obj)
[ 14] /Users/g5/Dev/SctWorkspace/Build/MdeModule/RELEASE_XCODE5/X64/MdePkg/Library/BaseMemoryLib/BaseMemoryLib/OUTPUT/BaseMemoryLib.lib(MemLibGeneric.obj)
[ 15] /Users/g5/Dev/SctWorkspace/Build/MdeModule/RELEASE_XCODE5/X64/MdePkg/Library/BaseMemoryLib/BaseMemoryLib/OUTPUT/BaseMemoryLib.lib(MemLibGuid.obj)
[ 16] /Users/g5/Dev/SctWorkspace/Build/MdeModule/RELEASE_XCODE5/X64/MdePkg/Library/BaseMemoryLib/BaseMemoryLib/OUTPUT/BaseMemoryLib.lib(CopyMem.obj)
[ 17] /Users/g5/Dev/SctWorkspace/Build/MdeModule/RELEASE_XCODE5/X64/MdePkg/Library/BasePcdLibNull/BasePcdLibNull/OUTPUT/BasePcdLibNull.lib(PcdLib.obj)
[ 18] /Users/g5/Dev/SctWorkspace/Build/MdeModule/RELEASE_XCODE5/X64/MdePkg/Library/BaseDebugLibNull/BaseDebugLibNull/OUTPUT/BaseDebugLibNull.lib(DebugLib.obj)
[ 19] /Users/g5/Dev/SctWorkspace/Build/MdeModule/RELEASE_XCODE5/X64/MdePkg/Library/BaseLib/BaseLib/OUTPUT/BaseLib.lib(CheckSum.obj)
[ 20] /Users/g5/Dev/SctWorkspace/Build/MdeModule/RELEASE_XCODE5/X64/MdePkg/Library/BaseLib/BaseLib/OUTPUT/BaseLib.lib(SwitchStack.obj)
[ 21] /Users/g5/Dev/SctWorkspace/Build/MdeModule/RELEASE_XCODE5/X64/MdePkg/Library/BaseLib/BaseLib/OUTPUT/BaseLib.lib(SwapBytes64.obj)
[ 22] /Users/g5/Dev/SctWorkspace/Build/MdeModule/RELEASE_XCODE5/X64/MdePkg/Library/BaseLib/BaseLib/OUTPUT/BaseLib.lib(SwapBytes32.obj)
[ 23] /Users/g5/Dev/SctWorkspace/Build/MdeModule/RELEASE_XCODE5/X64/MdePkg/Library/BaseLib/BaseLib/OUTPUT/BaseLib.lib(SwapBytes16.obj)
[ 24] /Users/g5/Dev/SctWorkspace/Build/MdeModule/RELEASE_XCODE5/X64/MdePkg/Library/BaseLib/BaseLib/OUTPUT/BaseLib.lib(LongJump.obj)
[ 25] /Users/g5/Dev/SctWorkspace/Build/MdeModule/RELEASE_XCODE5/X64/MdePkg/Library/BaseLib/BaseLib/OUTPUT/BaseLib.lib(SetJump.obj)
[ 26] /Users/g5/Dev/SctWorkspace/Build/MdeModule/RELEASE_XCODE5/X64/MdePkg/Library/BaseLib/BaseLib/OUTPUT/BaseLib.lib(RShiftU64.obj)
[ 27] /Users/g5/Dev/SctWorkspace/Build/MdeModule/RELEASE_XCODE5/X64/MdePkg/Library/BaseLib/BaseLib/OUTPUT/BaseLib.lib(RRotU64.obj)
[ 28] /Users/g5/Dev/SctWorkspace/Build/MdeModule/RELEASE_XCODE5/X64/MdePkg/Library/BaseLib/BaseLib/OUTPUT/BaseLib.lib(RRotU32.obj)
[ 29] /Users/g5/Dev/SctWorkspace/Build/MdeModule/RELEASE_XCODE5/X64/MdePkg/Library/BaseLib/BaseLib/OUTPUT/BaseLib.lib(MultU64x64.obj)
[ 30] /Users/g5/Dev/SctWorkspace/Build/MdeModule/RELEASE_XCODE5/X64/MdePkg/Library/BaseLib/BaseLib/OUTPUT/BaseLib.lib(MultU64x32.obj)
[ 31] /Users/g5/Dev/SctWorkspace/Build/MdeModule/RELEASE_XCODE5/X64/MdePkg/Library/BaseLib/BaseLib/OUTPUT/BaseLib.lib(MultS64x64.obj)
[ 32] /Users/g5/Dev/SctWorkspace/Build/MdeModule/RELEASE_XCODE5/X64/MdePkg/Library/BaseLib/BaseLib/OUTPUT/BaseLib.lib(ModU64x32.obj)
[ 33] /Users/g5/Dev/SctWorkspace/Build/MdeModule/RELEASE_XCODE5/X64/MdePkg/Library/BaseLib/BaseLib/OUTPUT/BaseLib.lib(LShiftU64.obj)
[ 34] /Users/g5/Dev/SctWorkspace/Build/MdeModule/RELEASE_XCODE5/X64/MdePkg/Library/BaseLib/BaseLib/OUTPUT/BaseLib.lib(LRotU64.obj)
[ 35] /Users/g5/Dev/SctWorkspace/Build/MdeModule/RELEASE_XCODE5/X64/MdePkg/Library/BaseLib/BaseLib/OUTPUT/BaseLib.lib(LRotU32.obj)
[ 36] /Users/g5/Dev/SctWorkspace/Build/MdeModule/RELEASE_XCODE5/X64/MdePkg/Library/BaseLib/BaseLib/OUTPUT/BaseLib.lib(LowBitSet64.obj)
[ 37] /Users/g5/Dev/SctWorkspace/Build/MdeModule/RELEASE_XCODE5/X64/MdePkg/Library/BaseLib/BaseLib/OUTPUT/BaseLib.lib(LowBitSet32.obj)
[ 38] /Users/g5/Dev/SctWorkspace/Build/MdeModule/RELEASE_XCODE5/X64/MdePkg/Library/BaseLib/BaseLib/OUTPUT/BaseLib.lib(HighBitSet64.obj)
[ 39] /Users/g5/Dev/SctWorkspace/Build/MdeModule/RELEASE_XCODE5/X64/MdePkg/Library/BaseLib/BaseLib/OUTPUT/BaseLib.lib(HighBitSet32.obj)
[ 40] /Users/g5/Dev/SctWorkspace/Build/MdeModule/RELEASE_XCODE5/X64/MdePkg/Library/BaseLib/BaseLib/OUTPUT/BaseLib.lib(GetPowerOfTwo64.obj)
[ 41] /Users/g5/Dev/SctWorkspace/Build/MdeModule/RELEASE_XCODE5/X64/MdePkg/Library/BaseLib/BaseLib/OUTPUT/BaseLib.lib(GetPowerOfTwo32.obj)
[ 42] /Users/g5/Dev/SctWorkspace/Build/MdeModule/RELEASE_XCODE5/X64/MdePkg/Library/BaseLib/BaseLib/OUTPUT/BaseLib.lib(DivU64x64Remainder.obj)
[ 43] /Users/g5/Dev/SctWorkspace/Build/MdeModule/RELEASE_XCODE5/X64/MdePkg/Library/BaseLib/BaseLib/OUTPUT/BaseLib.lib(DivU64x32Remainder.obj)
[ 44] /Users/g5/Dev/SctWorkspace/Build/MdeModule/RELEASE_XCODE5/X64/MdePkg/Library/BaseLib/BaseLib/OUTPUT/BaseLib.lib(DivU64x32.obj)
[ 45] /Users/g5/Dev/SctWorkspace/Build/MdeModule/RELEASE_XCODE5/X64/MdePkg/Library/BaseLib/BaseLib/OUTPUT/BaseLib.lib(DivS64x64Remainder.obj)
[ 46] /Users/g5/Dev/SctWorkspace/Build/MdeModule/RELEASE_XCODE5/X64/MdePkg/Library/BaseLib/BaseLib/OUTPUT/BaseLib.lib(ARShiftU64.obj)
[ 47] /Users/g5/Dev/SctWorkspace/Build/MdeModule/RELEASE_XCODE5/X64/MdePkg/Library/BaseLib/BaseLib/OUTPUT/BaseLib.lib(BitField.obj)
[ 48] /Users/g5/Dev/SctWorkspace/Build/MdeModule/RELEASE_XCODE5/X64/MdePkg/Library/BaseLib/BaseLib/OUTPUT/BaseLib.lib(CpuDeadLoop.obj)
[ 49] /Users/g5/Dev/SctWorkspace/Build/MdeModule/RELEASE_XCODE5/X64/MdePkg/Library/BaseLib/BaseLib/OUTPUT/BaseLib.lib(Cpu.obj)
[ 50] /Users/g5/Dev/SctWorkspace/Build/MdeModule/RELEASE_XCODE5/X64/MdePkg/Library/BaseLib/BaseLib/OUTPUT/BaseLib.lib(LinkedList.obj)
[ 51] /Users/g5/Dev/SctWorkspace/Build/MdeModule/RELEASE_XCODE5/X64/MdePkg/Library/BaseLib/BaseLib/OUTPUT/BaseLib.lib(SafeString.obj)
[ 52] /Users/g5/Dev/SctWorkspace/Build/MdeModule/RELEASE_XCODE5/X64/MdePkg/Library/BaseLib/BaseLib/OUTPUT/BaseLib.lib(String.obj)
[ 53] /Users/g5/Dev/SctWorkspace/Build/MdeModule/RELEASE_XCODE5/X64/MdePkg/Library/BaseLib/BaseLib/OUTPUT/BaseLib.lib(FilePaths.obj)
[ 54] /Users/g5/Dev/SctWorkspace/Build/MdeModule/RELEASE_XCODE5/X64/MdePkg/Library/BaseLib/BaseLib/OUTPUT/BaseLib.lib(Thunk16.obj)
[ 55] /Users/g5/Dev/SctWorkspace/Build/MdeModule/RELEASE_XCODE5/X64/MdePkg/Library/BaseLib/BaseLib/OUTPUT/BaseLib.lib(WriteTr.obj)
[ 56] /Users/g5/Dev/SctWorkspace/Build/MdeModule/RELEASE_XCODE5/X64/MdePkg/Library/BaseLib/BaseLib/OUTPUT/BaseLib.lib(Non-existing.obj)
[ 57] /Users/g5/Dev/SctWorkspace/Build/MdeModule/RELEASE_XCODE5/X64/MdePkg/Library/BaseLib/BaseLib/OUTPUT/BaseLib.lib(Math64.obj)
[ 58] /Users/g5/Dev/SctWorkspace/Build/MdeModule/RELEASE_XCODE5/X64/MdePkg/Library/BaseLib/BaseLib/OUTPUT/BaseLib.lib(Unaligned.obj)
[ 59] /Users/g5/Dev/SctWorkspace/Build/MdeModule/RELEASE_XCODE5/X64/MdePkg/Library/BaseLib/BaseLib/OUTPUT/BaseLib.lib(X86WriteIdtr.obj)
[ 60] /Users/g5/Dev/SctWorkspace/Build/MdeModule/RELEASE_XCODE5/X64/MdePkg/Library/BaseLib/BaseLib/OUTPUT/BaseLib.lib(X86WriteGdtr.obj)
[ 61] /Users/g5/Dev/SctWorkspace/Build/MdeModule/RELEASE_XCODE5/X64/MdePkg/Library/BaseLib/BaseLib/OUTPUT/BaseLib.lib(X86Thunk.obj)
[ 62] /Users/g5/Dev/SctWorkspace/Build/MdeModule/RELEASE_XCODE5/X64/MdePkg/Library/BaseLib/BaseLib/OUTPUT/BaseLib.lib(X86ReadIdtr.obj)
[ 63] /Users/g5/Dev/SctWorkspace/Build/MdeModule/RELEASE_XCODE5/X64/MdePkg/Library/BaseLib/BaseLib/OUTPUT/BaseLib.lib(X86ReadGdtr.obj)
[ 64] /Users/g5/Dev/SctWorkspace/Build/MdeModule/RELEASE_XCODE5/X64/MdePkg/Library/BaseLib/BaseLib/OUTPUT/BaseLib.lib(X86Msr.obj)
[ 65] /Users/g5/Dev/SctWorkspace/Build/MdeModule/RELEASE_XCODE5/X64/MdePkg/Library/BaseLib/BaseLib/OUTPUT/BaseLib.lib(X86GetInterruptState.obj)
[ 66] /Users/g5/Dev/SctWorkspace/Build/MdeModule/RELEASE_XCODE5/X64/MdePkg/Library/BaseLib/BaseLib/OUTPUT/BaseLib.lib(X86FxSave.obj)
[ 67] /Users/g5/Dev/SctWorkspace/Build/MdeModule/RELEASE_XCODE5/X64/MdePkg/Library/BaseLib/BaseLib/OUTPUT/BaseLib.lib(X86FxRestore.obj)
[ 68] /Users/g5/Dev/SctWorkspace/Build/MdeModule/RELEASE_XCODE5/X64/MdePkg/Library/BaseLib/BaseLib/OUTPUT/BaseLib.lib(X86EnablePaging64.obj)
[ 69] /Users/g5/Dev/SctWorkspace/Build/MdeModule/RELEASE_XCODE5/X64/MdePkg/Library/BaseLib/BaseLib/OUTPUT/BaseLib.lib(X86EnablePaging32.obj)
[ 70] /Users/g5/Dev/SctWorkspace/Build/MdeModule/RELEASE_XCODE5/X64/MdePkg/Library/BaseLib/BaseLib/OUTPUT/BaseLib.lib(X86DisablePaging64.obj)
[ 71] /Users/g5/Dev/SctWorkspace/Build/MdeModule/RELEASE_XCODE5/X64/MdePkg/Library/BaseLib/BaseLib/OUTPUT/BaseLib.lib(X86DisablePaging32.obj)
[ 72] /Users/g5/Dev/SctWorkspace/Build/MdeModule/RELEASE_XCODE5/X64/MdePkg/Library/BaseLib/BaseLib/OUTPUT/BaseLib.lib(X86RdRand.obj)
[ 73] /Users/g5/Dev/SctWorkspace/Build/MdeModule/RELEASE_XCODE5/X64/MdePkg/Library/BaseLib/BaseLib/OUTPUT/BaseLib.lib(GccInline.obj)
[ 74] /Users/g5/Dev/SctWorkspace/Build/MdeModule/RELEASE_XCODE5/X64/MdePkg/Library/BaseLib/BaseLib/OUTPUT/BaseLib.lib(SwitchStack.obj)
[ 75] /Users/g5/Dev/SctWorkspace/Build/MdeModule/RELEASE_XCODE5/X64/MdePkg/Library/BaseLib/BaseLib/OUTPUT/BaseLib.lib(SetJump.obj)
[ 76] /Users/g5/Dev/SctWorkspace/Build/MdeModule/RELEASE_XCODE5/X64/MdePkg/Library/BaseLib/BaseLib/OUTPUT/BaseLib.lib(LongJump.obj)
[ 77] /Users/g5/Dev/SctWorkspace/Build/MdeModule/RELEASE_XCODE5/X64/MdePkg/Library/BaseLib/BaseLib/OUTPUT/BaseLib.lib(EnableDisableInterrupts.obj)
[ 78] /Users/g5/Dev/SctWorkspace/Build/MdeModule/RELEASE_XCODE5/X64/MdePkg/Library/BaseLib/BaseLib/OUTPUT/BaseLib.lib(DisablePaging64.obj)
[ 79] /Users/g5/Dev/SctWorkspace/Build/MdeModule/RELEASE_XCODE5/X64/MdePkg/Library/BaseLib/BaseLib/OUTPUT/BaseLib.lib(CpuId.obj)
[ 80] /Users/g5/Dev/SctWorkspace/Build/MdeModule/RELEASE_XCODE5/X64/MdePkg/Library/BaseLib/BaseLib/OUTPUT/BaseLib.lib(CpuIdEx.obj)
[ 81] /Users/g5/Dev/SctWorkspace/Build/MdeModule/RELEASE_XCODE5/X64/MdePkg/Library/BaseLib/BaseLib/OUTPUT/BaseLib.lib(EnableCache.obj)
[ 82] /Users/g5/Dev/SctWorkspace/Build/MdeModule/RELEASE_XCODE5/X64/MdePkg/Library/BaseLib/BaseLib/OUTPUT/BaseLib.lib(DisableCache.obj)
[ 83] /Users/g5/Dev/SctWorkspace/Build/MdeModule/RELEASE_XCODE5/X64/MdePkg/Library/BaseLib/BaseLib/OUTPUT/BaseLib.lib(RdRand.obj)
[ 84] /Users/g5/Dev/SctWorkspace/Build/MdeModule/RELEASE_XCODE5/X64/MdePkg/Library/BaseLib/BaseLib/OUTPUT/BaseLib.lib(ChkStkGcc.obj)
[ 85] /Users/g5/Dev/SctWorkspace/Build/MdeModule/RELEASE_XCODE5/X64/MdePkg/Library/UefiBootServicesTableLib/UefiBootServicesTableLib/OUTPUT/UefiBootServicesTableLib.lib(UefiBootServicesTableLib.obj)
[ 86] /Users/g5/Dev/SctWorkspace/Build/MdeModule/RELEASE_XCODE5/X64/MdePkg/Library/UefiMemoryAllocationLib/UefiMemoryAllocationLib/OUTPUT/UefiMemoryAllocationLib.lib(MemoryAllocationLib.obj)
[ 87] /Users/g5/Dev/SctWorkspace/Build/MdeModule/RELEASE_XCODE5/X64/MdePkg/Library/BasePrintLib/BasePrintLib/OUTPUT/BasePrintLib.lib(PrintLibInternal.obj)
[ 88] /Users/g5/Dev/SctWorkspace/Build/MdeModule/RELEASE_XCODE5/X64/MdePkg/Library/BasePrintLib/BasePrintLib/OUTPUT/BasePrintLib.lib(PrintLib.obj)
[ 89] /Users/g5/Dev/SctWorkspace/Build/MdeModule/RELEASE_XCODE5/X64/MdePkg/Library/UefiRuntimeServicesTableLib/UefiRuntimeServicesTableLib/OUTPUT/UefiRuntimeServicesTableLib.lib(UefiRuntimeServicesTableLib.obj)
[ 90] /Users/g5/Dev/SctWorkspace/Build/MdeModule/RELEASE_XCODE5/X64/MdePkg/Library/UefiDevicePathLib/UefiDevicePathLib/OUTPUT/UefiDevicePathLib.lib(DevicePathUtilities.obj)
[ 91] /Users/g5/Dev/SctWorkspace/Build/MdeModule/RELEASE_XCODE5/X64/MdePkg/Library/UefiDevicePathLib/UefiDevicePathLib/OUTPUT/UefiDevicePathLib.lib(DevicePathToText.obj)
[ 92] /Users/g5/Dev/SctWorkspace/Build/MdeModule/RELEASE_XCODE5/X64/MdePkg/Library/UefiDevicePathLib/UefiDevicePathLib/OUTPUT/UefiDevicePathLib.lib(DevicePathFromText.obj)
[ 93] /Users/g5/Dev/SctWorkspace/Build/MdeModule/RELEASE_XCODE5/X64/MdePkg/Library/UefiDevicePathLib/UefiDevicePathLib/OUTPUT/UefiDevicePathLib.lib(UefiDevicePathLib.obj)
[ 94] /Users/g5/Dev/SctWorkspace/Build/MdeModule/RELEASE_XCODE5/X64/MdePkg/Library/UefiLib/UefiLib/OUTPUT/UefiLib.lib(UefiLibPrint.obj)
[ 95] /Users/g5/Dev/SctWorkspace/Build/MdeModule/RELEASE_XCODE5/X64/MdePkg/Library/UefiLib/UefiLib/OUTPUT/UefiLib.lib(UefiNotTiano.obj)
[ 96] /Users/g5/Dev/SctWorkspace/Build/MdeModule/RELEASE_XCODE5/X64/MdePkg/Library/UefiLib/UefiLib/OUTPUT/UefiLib.lib(UefiDriverModel.obj)
[ 97] /Users/g5/Dev/SctWorkspace/Build/MdeModule/RELEASE_XCODE5/X64/MdePkg/Library/UefiLib/UefiLib/OUTPUT/UefiLib.lib(Console.obj)
[ 98] /Users/g5/Dev/SctWorkspace/Build/MdeModule/RELEASE_XCODE5/X64/MdePkg/Library/UefiLib/UefiLib/OUTPUT/UefiLib.lib(UefiLib.obj)
[ 99] /Users/g5/Dev/SctWorkspace/Build/MdeModule/RELEASE_XCODE5/X64/MdePkg/Library/DxeServicesTableLib/DxeServicesTableLib/OUTPUT/DxeServicesTableLib.lib(DxeServicesTableLib.obj)
[100] /Users/g5/Dev/SctWorkspace/Build/MdeModule/RELEASE_XCODE5/X64/MdePkg/Library/UefiDriverEntryPoint/UefiDriverEntryPoint/OUTPUT/UefiDriverEntryPoint.lib(DriverEntryPoint.obj)
[101] /Users/g5/Dev/SctWorkspace/Build/MdeModule/RELEASE_XCODE5/X64/MdeModulePkg/Universal/FaultTolerantWriteDxe/FaultTolerantWriteSmmDxe/OUTPUT/FaultTolerantWriteSmmDxe.lib(FaultTolerantWriteSmmDxe.obj)
[102] /Users/g5/Dev/SctWorkspace/Build/MdeModule/RELEASE_XCODE5/X64/MdeModulePkg/Universal/FaultTolerantWriteDxe/FaultTolerantWriteSmmDxe/OUTPUT/FaultTolerantWriteSmmDxe.lib(AutoGen.obj)
# Sections:
# Address	Size    	Segment	Section
0x00000240	0x00001880	__TEXT	__text
0x00001AC0	0x000006A4	__TEXT	__cstring
0x00002164	0x00000005	__TEXT	__const
0x00002180	0x000000A0	__DATA	__data
0x00002220	0x00000040	__DATA	__common
# Symbols:
# Address	Size    	File  Name
0x00000240	0x00000000	[  0] ___dso_handle
0x00000240	0x000000EE	[  1] _InternalMemSetMem
0x0000032E	0x00000084	[  6] _ZeroMem
0x000003B2	0x000000A4	[ 12] _CopyMem
0x00000456	0x0000000D	[ 14] _InternalMemZeroMem
0x00000463	0x00000048	[ 15] _CopyGuid
0x000004AB	0x00000055	[ 15] _CompareGuid
0x00000500	0x000001E2	[ 16] _InternalMemCopyMem
0x000006E2	0x00000006	[ 18] _DebugPrint
0x000006E8	0x00000006	[ 18] _DebugAssert
0x000006EE	0x00000008	[ 18] _DebugAssertEnabled
0x000006F6	0x00000008	[ 18] _DebugPrintEnabled
0x000006FE	0x00000008	[ 18] _DebugPrintLevelEnabled
0x00000706	0x00000066	[ 25] _InternalAssertJumpBuffer
0x0000076C	0x00000049	[ 33] _LShiftU64
0x000007B8	0x00000000	[ 54] SavedGdt
0x000007B8	0x0000000A	[ 54] _m16Start
0x000007C2	0x00000008	[ 54] _BackFromUserCode
0x000007CA	0x00000014	[ 54] _BackFromUserCode.Base
0x000007DE	0x0000000D	[ 54] _BackFromUserCode.ThunkAttrEnd
0x000007EB	0x0000000B	[ 54] _BackFromUserCode.1
0x000007F6	0x00000036	[ 54] _BackFromUserCode.2
0x0000082C	0x0000001C	[ 54] _BackFromUserCode.SavedCr4End
0x00000848	0x0000000B	[ 54] _BackFromUserCode.SavedCr0End
0x00000853	0x0000000B	[ 54] _BackFromUserCode.X64JmpEnd
0x0000085E	0x00000002	[ 54] _BackFromUserCode.SavedSpEnd
0x00000860	0x00000006	[ 54] _EntryPoint
0x00000866	0x00000002	[ 54] _16Gdtr
0x00000868	0x00000008	[ 54] _16GdtrBase
0x00000870	0x00000006	[ 54] _16Idtr
0x00000876	0x00000028	[ 54] _ToUserCode
0x0000089E	0x0000000F	[ 54] _ToUserCode.Base
0x000008AD	0x0000001B	[ 54] _ToUserCode.RealMode
0x000008C8	0x00000008	[ 54] _NullSeg
0x000008D0	0x00000008	[ 54] _16Code
0x000008D8	0x00000008	[ 54] _16Data
0x000008E0	0x00000008	[ 54] _32Data
0x000008E8	0x000000B4	[ 54] _InternalAsmThunk16
0x0000099C	0x00000020	[ 54] _InternalAsmThunk16.RetFromRealMode
0x000009BC	0x00000006	[ 55] _AsmWriteTr
0x000009C2	0x0000000E	[ 57] _InternalMathLShiftU64
0x000009D0	0x0000003C	[ 58] _ReadUnaligned64
0x00000A0C	0x00000044	[ 58] _WriteUnaligned64
0x00000A50	0x0000000F	[ 74] _InternalSwitchStack
0x00000A5F	0x0000008F	[ 75] _SetJump
0x00000AEE	0x0000007C	[ 76] _InternalLongJump
0x00000B6A	0x00000003	[ 77] _EnableDisableInterrupts
0x00000B6D	0x0000003A	[ 78] _InternalX86DisablePaging64
0x00000BA7	0x00000027	[ 78] _InternalX86DisablePaging64.0
0x00000BCE	0x00000000	[ 78] mTransitionEnd
0x00000BCE	0x0000000F	[ 79] _AsmCpuid
0x00000BDD	0x00000005	[ 79] _AsmCpuid.0
0x00000BE2	0x00000007	[ 79] _AsmCpuid.1
0x00000BE9	0x00000009	[ 79] _AsmCpuid.2
0x00000BF2	0x00000003	[ 79] _AsmCpuid.3
0x00000BF5	0x00000015	[ 80] _AsmCpuidEx
0x00000C0A	0x00000007	[ 80] _AsmCpuidEx.0
0x00000C11	0x00000007	[ 80] _AsmCpuidEx.1
0x00000C18	0x00000009	[ 80] _AsmCpuidEx.2
0x00000C21	0x00000003	[ 80] _AsmCpuidEx.3
0x00000C24	0x00000013	[ 81] _AsmEnableCache
0x00000C37	0x00000013	[ 82] _AsmDisableCache
0x00000C4A	0x00000009	[ 83] _InternalX86RdRand16
0x00000C53	0x00000009	[ 83] rn16_ok
0x00000C5C	0x00000009	[ 83] _InternalX86RdRand32
0x00000C65	0x00000008	[ 83] rn32_ok
0x00000C6D	0x0000000A	[ 83] _InternalX86RdRand64
0x00000C77	0x00000009	[ 83] rn64_ok
0x00000C80	0x000000B5	[ 85] _UefiBootServicesTableLibConstructor
0x00000D35	0x0000003B	[ 86] _InternalAllocateZeroPool
0x00000D70	0x00000015	[ 86] _AllocateZeroPool
0x00000D85	0x00000074	[ 86] _FreePool
0x00000DF9	0x00000048	[ 89] _UefiRuntimeServicesTableLibConstructor
0x00000E41	0x00000008	[ 98] _UefiLibConstructor
0x00000E49	0x000000C6	[ 98] _EfiGetSystemConfigurationTable
0x00000F0F	0x00000190	[ 98] _EfiCreateProtocolNotifyEvent
0x0000109F	0x000000A7	[ 99] _DxeServicesTableLibConstructor
0x00001146	0x00000034	[100] __DriverUnloadHandler
0x0000117A	0x000000EB	[100] __ModuleEntryPoint
0x00001265	0x00000061	[101] _FtwGetMaxBlockSize
0x000012C6	0x00000084	[101] _FtwAllocate
0x0000134A	0x00000100	[101] _FtwWrite
0x0000144A	0x0000007C	[101] _FtwRestart
0x000014C6	0x00000044	[101] _FtwAbort
0x0000150A	0x000000FA	[101] _FtwGetLastWrite
0x00001604	0x00000084	[101] _InitCommunicateBuffer
0x00001688	0x00000084	[101] _SendCommunicateBuffer
0x0000170C	0x0000004D	[101] _ConvertFvbHandle
0x00001759	0x00000183	[101] _SmmFtwReady
0x000018DC	0x00000034	[101] _FaultTolerantWriteSmmInitialize
0x00001910	0x00000198	[102] _ProcessLibraryConstructorList
0x00001AA8	0x00000006	[102] _ProcessLibraryDestructorList
0x00001AAE	0x0000000A	[102] _ProcessModuleEntryPointList
0x00001AB8	0x00000008	[102] _ProcessModuleUnloadList
0x00001AC0	0x00000017	[  2] literal string: Buffer != ((void *) 0)
0x00001AD7	0x00000049	[  6] literal string: /Users/g5/Dev/SctWorkspace/MdePkg/Library/BaseMemoryLib/ZeroMemWrapper.c
0x00001B20	0x00000036	[  6] literal string: Length <= (0xFFFFFFFFFFFFFFFFULL - (UINTN)Buffer + 1)
0x00001B56	0x00000043	[  7] literal string: (Length - 1) <= (0xFFFFFFFFFFFFFFFFULL - (UINTN)DestinationBuffer)
0x00001B99	0x0000003E	[  7] literal string: (Length - 1) <= (0xFFFFFFFFFFFFFFFFULL - (UINTN)SourceBuffer)
0x00001BD7	0x00000049	[ 12] literal string: /Users/g5/Dev/SctWorkspace/MdePkg/Library/BaseMemoryLib/CopyMemWrapper.c
0x00001C20	0x0000003C	[ 25] literal string: /Users/g5/Dev/SctWorkspace/MdePkg/Library/BaseLib/SetJump.c
0x00001C5C	0x0000001B	[ 25] literal string: JumpBuffer != ((void *) 0)
0x00001C77	0x00000023	[ 25] literal string: ((UINTN)JumpBuffer & (8 - 1)) == 0
0x00001C9A	0x0000000B	[ 26] literal string: Count < 64
0x00001CA5	0x0000003E	[ 33] literal string: /Users/g5/Dev/SctWorkspace/MdePkg/Library/BaseLib/LShiftU64.c
0x00001CE3	0x0000003E	[ 58] literal string: /Users/g5/Dev/SctWorkspace/MdePkg/Library/BaseLib/Unaligned.c
0x00001D21	0x0000005E	[ 85] literal string: /Users/g5/Dev/SctWorkspace/MdePkg/Library/UefiBootServicesTableLib/UefiBootServicesTableLib.c
0x00001D7F	0x0000001D	[ 85] literal string: gImageHandle != ((void *) 0)
0x00001D9C	0x00000014	[ 85] literal string: gST != ((void *) 0)
0x00001DB0	0x00000014	[ 85] literal string: gBS != ((void *) 0)
0x00001DC4	0x00000058	[ 86] literal string: /Users/g5/Dev/SctWorkspace/MdePkg/Library/UefiMemoryAllocationLib/MemoryAllocationLib.c
0x00001E1C	0x00000021	[ 86] literal string: \nASSERT_EFI_ERROR (Status = %r)\n
0x00001E3D	0x00000014	[ 86] literal string: !EFI_ERROR (Status)
0x00001E51	0x00000064	[ 89] literal string: /Users/g5/Dev/SctWorkspace/MdePkg/Library/UefiRuntimeServicesTableLib/UefiRuntimeServicesTableLib.c
0x00001EB5	0x00000014	[ 89] literal string: gRT != ((void *) 0)
0x00001EC9	0x0000003C	[ 98] literal string: /Users/g5/Dev/SctWorkspace/MdePkg/Library/UefiLib/UefiLib.c
0x00001F05	0x0000001A	[ 98] literal string: TableGuid != ((void *) 0)
0x00001F1F	0x00000016	[ 98] literal string: Table != ((void *) 0)
0x00001F35	0x0000001D	[ 98] literal string: ProtocolGuid != ((void *) 0)
0x00001F52	0x0000001F	[ 98] literal string: NotifyFunction != ((void *) 0)
0x00001F71	0x0000001D	[ 98] literal string: Registration != ((void *) 0)
0x00001F8E	0x00000054	[ 99] literal string: /Users/g5/Dev/SctWorkspace/MdePkg/Library/DxeServicesTableLib/DxeServicesTableLib.c
0x00001FE2	0x00000014	[ 99] literal string: gDS != ((void *) 0)
0x00001FF6	0x00000052	[100] literal string: /Users/g5/Dev/SctWorkspace/MdePkg/Library/UefiDriverEntryPoint/DriverEntryPoint.c
0x00002048	0x00000063	[101] literal string: /Users/g5/Dev/SctWorkspace/MdeModulePkg/Universal/FaultTolerantWriteDxe/FaultTolerantWriteSmmDxe.c
0x000020AB	0x00000025	[101] literal string: SmmCommunicateHeader != ((void *) 0)
0x000020D0	0x00000094	[102] literal string: /Users/g5/Dev/SctWorkspace/Build/MdeModule/RELEASE_XCODE5/X64/MdeModulePkg/Universal/FaultTolerantWriteDxe/FaultTolerantWriteSmmDxe/DEBUG/AutoGen.c
0x00002164	0x00000004	[102] __gUefiDriverRevision
0x00002168	0x00000001	[102] __gDriverUnloadImageCount
0x00002180	0x00000002	[ 54] _m16Size
0x00002182	0x00000002	[ 54] _mThunk16Attr
0x00002184	0x00000002	[ 54] _m16Gdt
0x00002186	0x00000002	[ 54] _m16GdtrBase
0x00002188	0x00000002	[ 54] _mTransition
0x00002190	0x00000030	[101] _mFaultTolerantWriteDriver
0x000021C0	0x00000010	[102] _gEfiDxeServicesTableGuid
0x000021D0	0x00000010	[102] _gEfiFaultTolerantWriteProtocolGuid
0x000021E0	0x00000010	[102] _gEfiSmmCommunicationProtocolGuid
0x000021F0	0x00000010	[102] _gEfiSmmFaultTolerantWriteProtocolGuid
0x00002200	0x00000010	[102] _gEfiFirmwareVolumeBlockProtocolGuid
0x00002210	0x00000010	[102] _gEfiLoadedImageProtocolGuid
0x00002220	0x00000008	[ 85] _gImageHandle
0x00002228	0x00000008	[ 85] _gST
0x00002230	0x00000008	[ 85] _gBS
0x00002238	0x00000008	[ 89] _gRT
0x00002240	0x00000008	[ 99] _gDS
0x00002248	0x00000008	[101] _mHandle
0x00002250	0x00000008	[101] _mSmmCommunication
0x00002258	0x00000008	[101] _mPrivateDataSize
