# Path: /Users/g5/Dev/SctWorkspace/Build/MdeModule/RELEASE_XCODE5/X64/MdeModulePkg/Universal/StatusCodeHandler/Pei/StatusCodeHandlerPei/DEBUG/StatusCodeHandlerPei.dll
# Arch: x86_64
# Object files:
[  0] linker synthesized
[  1] /Users/g5/Dev/SctWorkspace/Build/MdeModule/RELEASE_XCODE5/X64/MdePkg/Library/PeiMemoryAllocationLib/PeiMemoryAllocationLib/OUTPUT/PeiMemoryAllocationLib.lib(MemoryAllocationLib.obj)
[  2] /Users/g5/Dev/SctWorkspace/Build/MdeModule/RELEASE_XCODE5/X64/MdePkg/Library/BaseLib/BaseLib/OUTPUT/BaseLib.lib(CheckSum.obj)
[  3] /Users/g5/Dev/SctWorkspace/Build/MdeModule/RELEASE_XCODE5/X64/MdePkg/Library/BaseLib/BaseLib/OUTPUT/BaseLib.lib(SwitchStack.obj)
[  4] /Users/g5/Dev/SctWorkspace/Build/MdeModule/RELEASE_XCODE5/X64/MdePkg/Library/BaseLib/BaseLib/OUTPUT/BaseLib.lib(SwapBytes64.obj)
[  5] /Users/g5/Dev/SctWorkspace/Build/MdeModule/RELEASE_XCODE5/X64/MdePkg/Library/BaseLib/BaseLib/OUTPUT/BaseLib.lib(SwapBytes32.obj)
[  6] /Users/g5/Dev/SctWorkspace/Build/MdeModule/RELEASE_XCODE5/X64/MdePkg/Library/BaseLib/BaseLib/OUTPUT/BaseLib.lib(SwapBytes16.obj)
[  7] /Users/g5/Dev/SctWorkspace/Build/MdeModule/RELEASE_XCODE5/X64/MdePkg/Library/BaseLib/BaseLib/OUTPUT/BaseLib.lib(LongJump.obj)
[  8] /Users/g5/Dev/SctWorkspace/Build/MdeModule/RELEASE_XCODE5/X64/MdePkg/Library/BaseLib/BaseLib/OUTPUT/BaseLib.lib(SetJump.obj)
[  9] /Users/g5/Dev/SctWorkspace/Build/MdeModule/RELEASE_XCODE5/X64/MdePkg/Library/BaseLib/BaseLib/OUTPUT/BaseLib.lib(RShiftU64.obj)
[ 10] /Users/g5/Dev/SctWorkspace/Build/MdeModule/RELEASE_XCODE5/X64/MdePkg/Library/BaseLib/BaseLib/OUTPUT/BaseLib.lib(RRotU64.obj)
[ 11] /Users/g5/Dev/SctWorkspace/Build/MdeModule/RELEASE_XCODE5/X64/MdePkg/Library/BaseLib/BaseLib/OUTPUT/BaseLib.lib(RRotU32.obj)
[ 12] /Users/g5/Dev/SctWorkspace/Build/MdeModule/RELEASE_XCODE5/X64/MdePkg/Library/BaseLib/BaseLib/OUTPUT/BaseLib.lib(MultU64x64.obj)
[ 13] /Users/g5/Dev/SctWorkspace/Build/MdeModule/RELEASE_XCODE5/X64/MdePkg/Library/BaseLib/BaseLib/OUTPUT/BaseLib.lib(MultU64x32.obj)
[ 14] /Users/g5/Dev/SctWorkspace/Build/MdeModule/RELEASE_XCODE5/X64/MdePkg/Library/BaseLib/BaseLib/OUTPUT/BaseLib.lib(MultS64x64.obj)
[ 15] /Users/g5/Dev/SctWorkspace/Build/MdeModule/RELEASE_XCODE5/X64/MdePkg/Library/BaseLib/BaseLib/OUTPUT/BaseLib.lib(ModU64x32.obj)
[ 16] /Users/g5/Dev/SctWorkspace/Build/MdeModule/RELEASE_XCODE5/X64/MdePkg/Library/BaseLib/BaseLib/OUTPUT/BaseLib.lib(LShiftU64.obj)
[ 17] /Users/g5/Dev/SctWorkspace/Build/MdeModule/RELEASE_XCODE5/X64/MdePkg/Library/BaseLib/BaseLib/OUTPUT/BaseLib.lib(LRotU64.obj)
[ 18] /Users/g5/Dev/SctWorkspace/Build/MdeModule/RELEASE_XCODE5/X64/MdePkg/Library/BaseLib/BaseLib/OUTPUT/BaseLib.lib(LRotU32.obj)
[ 19] /Users/g5/Dev/SctWorkspace/Build/MdeModule/RELEASE_XCODE5/X64/MdePkg/Library/BaseLib/BaseLib/OUTPUT/BaseLib.lib(LowBitSet64.obj)
[ 20] /Users/g5/Dev/SctWorkspace/Build/MdeModule/RELEASE_XCODE5/X64/MdePkg/Library/BaseLib/BaseLib/OUTPUT/BaseLib.lib(LowBitSet32.obj)
[ 21] /Users/g5/Dev/SctWorkspace/Build/MdeModule/RELEASE_XCODE5/X64/MdePkg/Library/BaseLib/BaseLib/OUTPUT/BaseLib.lib(HighBitSet64.obj)
[ 22] /Users/g5/Dev/SctWorkspace/Build/MdeModule/RELEASE_XCODE5/X64/MdePkg/Library/BaseLib/BaseLib/OUTPUT/BaseLib.lib(HighBitSet32.obj)
[ 23] /Users/g5/Dev/SctWorkspace/Build/MdeModule/RELEASE_XCODE5/X64/MdePkg/Library/BaseLib/BaseLib/OUTPUT/BaseLib.lib(GetPowerOfTwo64.obj)
[ 24] /Users/g5/Dev/SctWorkspace/Build/MdeModule/RELEASE_XCODE5/X64/MdePkg/Library/BaseLib/BaseLib/OUTPUT/BaseLib.lib(GetPowerOfTwo32.obj)
[ 25] /Users/g5/Dev/SctWorkspace/Build/MdeModule/RELEASE_XCODE5/X64/MdePkg/Library/BaseLib/BaseLib/OUTPUT/BaseLib.lib(DivU64x64Remainder.obj)
[ 26] /Users/g5/Dev/SctWorkspace/Build/MdeModule/RELEASE_XCODE5/X64/MdePkg/Library/BaseLib/BaseLib/OUTPUT/BaseLib.lib(DivU64x32Remainder.obj)
[ 27] /Users/g5/Dev/SctWorkspace/Build/MdeModule/RELEASE_XCODE5/X64/MdePkg/Library/BaseLib/BaseLib/OUTPUT/BaseLib.lib(DivU64x32.obj)
[ 28] /Users/g5/Dev/SctWorkspace/Build/MdeModule/RELEASE_XCODE5/X64/MdePkg/Library/BaseLib/BaseLib/OUTPUT/BaseLib.lib(DivS64x64Remainder.obj)
[ 29] /Users/g5/Dev/SctWorkspace/Build/MdeModule/RELEASE_XCODE5/X64/MdePkg/Library/BaseLib/BaseLib/OUTPUT/BaseLib.lib(ARShiftU64.obj)
[ 30] /Users/g5/Dev/SctWorkspace/Build/MdeModule/RELEASE_XCODE5/X64/MdePkg/Library/BaseLib/BaseLib/OUTPUT/BaseLib.lib(BitField.obj)
[ 31] /Users/g5/Dev/SctWorkspace/Build/MdeModule/RELEASE_XCODE5/X64/MdePkg/Library/BaseLib/BaseLib/OUTPUT/BaseLib.lib(CpuDeadLoop.obj)
[ 32] /Users/g5/Dev/SctWorkspace/Build/MdeModule/RELEASE_XCODE5/X64/MdePkg/Library/BaseLib/BaseLib/OUTPUT/BaseLib.lib(Cpu.obj)
[ 33] /Users/g5/Dev/SctWorkspace/Build/MdeModule/RELEASE_XCODE5/X64/MdePkg/Library/BaseLib/BaseLib/OUTPUT/BaseLib.lib(LinkedList.obj)
[ 34] /Users/g5/Dev/SctWorkspace/Build/MdeModule/RELEASE_XCODE5/X64/MdePkg/Library/BaseLib/BaseLib/OUTPUT/BaseLib.lib(SafeString.obj)
[ 35] /Users/g5/Dev/SctWorkspace/Build/MdeModule/RELEASE_XCODE5/X64/MdePkg/Library/BaseLib/BaseLib/OUTPUT/BaseLib.lib(String.obj)
[ 36] /Users/g5/Dev/SctWorkspace/Build/MdeModule/RELEASE_XCODE5/X64/MdePkg/Library/BaseLib/BaseLib/OUTPUT/BaseLib.lib(FilePaths.obj)
[ 37] /Users/g5/Dev/SctWorkspace/Build/MdeModule/RELEASE_XCODE5/X64/MdePkg/Library/BaseLib/BaseLib/OUTPUT/BaseLib.lib(Thunk16.obj)
[ 38] /Users/g5/Dev/SctWorkspace/Build/MdeModule/RELEASE_XCODE5/X64/MdePkg/Library/BaseLib/BaseLib/OUTPUT/BaseLib.lib(WriteTr.obj)
[ 39] /Users/g5/Dev/SctWorkspace/Build/MdeModule/RELEASE_XCODE5/X64/MdePkg/Library/BaseLib/BaseLib/OUTPUT/BaseLib.lib(Non-existing.obj)
[ 40] /Users/g5/Dev/SctWorkspace/Build/MdeModule/RELEASE_XCODE5/X64/MdePkg/Library/BaseLib/BaseLib/OUTPUT/BaseLib.lib(Math64.obj)
[ 41] /Users/g5/Dev/SctWorkspace/Build/MdeModule/RELEASE_XCODE5/X64/MdePkg/Library/BaseLib/BaseLib/OUTPUT/BaseLib.lib(Unaligned.obj)
[ 42] /Users/g5/Dev/SctWorkspace/Build/MdeModule/RELEASE_XCODE5/X64/MdePkg/Library/BaseLib/BaseLib/OUTPUT/BaseLib.lib(X86WriteIdtr.obj)
[ 43] /Users/g5/Dev/SctWorkspace/Build/MdeModule/RELEASE_XCODE5/X64/MdePkg/Library/BaseLib/BaseLib/OUTPUT/BaseLib.lib(X86WriteGdtr.obj)
[ 44] /Users/g5/Dev/SctWorkspace/Build/MdeModule/RELEASE_XCODE5/X64/MdePkg/Library/BaseLib/BaseLib/OUTPUT/BaseLib.lib(X86Thunk.obj)
[ 45] /Users/g5/Dev/SctWorkspace/Build/MdeModule/RELEASE_XCODE5/X64/MdePkg/Library/BaseLib/BaseLib/OUTPUT/BaseLib.lib(X86ReadIdtr.obj)
[ 46] /Users/g5/Dev/SctWorkspace/Build/MdeModule/RELEASE_XCODE5/X64/MdePkg/Library/BaseLib/BaseLib/OUTPUT/BaseLib.lib(X86ReadGdtr.obj)
[ 47] /Users/g5/Dev/SctWorkspace/Build/MdeModule/RELEASE_XCODE5/X64/MdePkg/Library/BaseLib/BaseLib/OUTPUT/BaseLib.lib(X86Msr.obj)
[ 48] /Users/g5/Dev/SctWorkspace/Build/MdeModule/RELEASE_XCODE5/X64/MdePkg/Library/BaseLib/BaseLib/OUTPUT/BaseLib.lib(X86GetInterruptState.obj)
[ 49] /Users/g5/Dev/SctWorkspace/Build/MdeModule/RELEASE_XCODE5/X64/MdePkg/Library/BaseLib/BaseLib/OUTPUT/BaseLib.lib(X86FxSave.obj)
[ 50] /Users/g5/Dev/SctWorkspace/Build/MdeModule/RELEASE_XCODE5/X64/MdePkg/Library/BaseLib/BaseLib/OUTPUT/BaseLib.lib(X86FxRestore.obj)
[ 51] /Users/g5/Dev/SctWorkspace/Build/MdeModule/RELEASE_XCODE5/X64/MdePkg/Library/BaseLib/BaseLib/OUTPUT/BaseLib.lib(X86EnablePaging64.obj)
[ 52] /Users/g5/Dev/SctWorkspace/Build/MdeModule/RELEASE_XCODE5/X64/MdePkg/Library/BaseLib/BaseLib/OUTPUT/BaseLib.lib(X86EnablePaging32.obj)
[ 53] /Users/g5/Dev/SctWorkspace/Build/MdeModule/RELEASE_XCODE5/X64/MdePkg/Library/BaseLib/BaseLib/OUTPUT/BaseLib.lib(X86DisablePaging64.obj)
[ 54] /Users/g5/Dev/SctWorkspace/Build/MdeModule/RELEASE_XCODE5/X64/MdePkg/Library/BaseLib/BaseLib/OUTPUT/BaseLib.lib(X86DisablePaging32.obj)
[ 55] /Users/g5/Dev/SctWorkspace/Build/MdeModule/RELEASE_XCODE5/X64/MdePkg/Library/BaseLib/BaseLib/OUTPUT/BaseLib.lib(X86RdRand.obj)
[ 56] /Users/g5/Dev/SctWorkspace/Build/MdeModule/RELEASE_XCODE5/X64/MdePkg/Library/BaseLib/BaseLib/OUTPUT/BaseLib.lib(GccInline.obj)
[ 57] /Users/g5/Dev/SctWorkspace/Build/MdeModule/RELEASE_XCODE5/X64/MdePkg/Library/BaseLib/BaseLib/OUTPUT/BaseLib.lib(SwitchStack.obj)
[ 58] /Users/g5/Dev/SctWorkspace/Build/MdeModule/RELEASE_XCODE5/X64/MdePkg/Library/BaseLib/BaseLib/OUTPUT/BaseLib.lib(SetJump.obj)
[ 59] /Users/g5/Dev/SctWorkspace/Build/MdeModule/RELEASE_XCODE5/X64/MdePkg/Library/BaseLib/BaseLib/OUTPUT/BaseLib.lib(LongJump.obj)
[ 60] /Users/g5/Dev/SctWorkspace/Build/MdeModule/RELEASE_XCODE5/X64/MdePkg/Library/BaseLib/BaseLib/OUTPUT/BaseLib.lib(EnableDisableInterrupts.obj)
[ 61] /Users/g5/Dev/SctWorkspace/Build/MdeModule/RELEASE_XCODE5/X64/MdePkg/Library/BaseLib/BaseLib/OUTPUT/BaseLib.lib(DisablePaging64.obj)
[ 62] /Users/g5/Dev/SctWorkspace/Build/MdeModule/RELEASE_XCODE5/X64/MdePkg/Library/BaseLib/BaseLib/OUTPUT/BaseLib.lib(CpuId.obj)
[ 63] /Users/g5/Dev/SctWorkspace/Build/MdeModule/RELEASE_XCODE5/X64/MdePkg/Library/BaseLib/BaseLib/OUTPUT/BaseLib.lib(CpuIdEx.obj)
[ 64] /Users/g5/Dev/SctWorkspace/Build/MdeModule/RELEASE_XCODE5/X64/MdePkg/Library/BaseLib/BaseLib/OUTPUT/BaseLib.lib(EnableCache.obj)
[ 65] /Users/g5/Dev/SctWorkspace/Build/MdeModule/RELEASE_XCODE5/X64/MdePkg/Library/BaseLib/BaseLib/OUTPUT/BaseLib.lib(DisableCache.obj)
[ 66] /Users/g5/Dev/SctWorkspace/Build/MdeModule/RELEASE_XCODE5/X64/MdePkg/Library/BaseLib/BaseLib/OUTPUT/BaseLib.lib(RdRand.obj)
[ 67] /Users/g5/Dev/SctWorkspace/Build/MdeModule/RELEASE_XCODE5/X64/MdePkg/Library/BaseLib/BaseLib/OUTPUT/BaseLib.lib(ChkStkGcc.obj)
[ 68] /Users/g5/Dev/SctWorkspace/Build/MdeModule/RELEASE_XCODE5/X64/MdePkg/Library/BaseMemoryLib/BaseMemoryLib/OUTPUT/BaseMemoryLib.lib(SetMem.obj)
[ 69] /Users/g5/Dev/SctWorkspace/Build/MdeModule/RELEASE_XCODE5/X64/MdePkg/Library/BaseMemoryLib/BaseMemoryLib/OUTPUT/BaseMemoryLib.lib(ScanMem64Wrapper.obj)
[ 70] /Users/g5/Dev/SctWorkspace/Build/MdeModule/RELEASE_XCODE5/X64/MdePkg/Library/BaseMemoryLib/BaseMemoryLib/OUTPUT/BaseMemoryLib.lib(ScanMem32Wrapper.obj)
[ 71] /Users/g5/Dev/SctWorkspace/Build/MdeModule/RELEASE_XCODE5/X64/MdePkg/Library/BaseMemoryLib/BaseMemoryLib/OUTPUT/BaseMemoryLib.lib(ScanMem16Wrapper.obj)
[ 72] /Users/g5/Dev/SctWorkspace/Build/MdeModule/RELEASE_XCODE5/X64/MdePkg/Library/BaseMemoryLib/BaseMemoryLib/OUTPUT/BaseMemoryLib.lib(ScanMem8Wrapper.obj)
[ 73] /Users/g5/Dev/SctWorkspace/Build/MdeModule/RELEASE_XCODE5/X64/MdePkg/Library/BaseMemoryLib/BaseMemoryLib/OUTPUT/BaseMemoryLib.lib(ZeroMemWrapper.obj)
[ 74] /Users/g5/Dev/SctWorkspace/Build/MdeModule/RELEASE_XCODE5/X64/MdePkg/Library/BaseMemoryLib/BaseMemoryLib/OUTPUT/BaseMemoryLib.lib(CompareMemWrapper.obj)
[ 75] /Users/g5/Dev/SctWorkspace/Build/MdeModule/RELEASE_XCODE5/X64/MdePkg/Library/BaseMemoryLib/BaseMemoryLib/OUTPUT/BaseMemoryLib.lib(SetMem64Wrapper.obj)
[ 76] /Users/g5/Dev/SctWorkspace/Build/MdeModule/RELEASE_XCODE5/X64/MdePkg/Library/BaseMemoryLib/BaseMemoryLib/OUTPUT/BaseMemoryLib.lib(SetMem32Wrapper.obj)
[ 77] /Users/g5/Dev/SctWorkspace/Build/MdeModule/RELEASE_XCODE5/X64/MdePkg/Library/BaseMemoryLib/BaseMemoryLib/OUTPUT/BaseMemoryLib.lib(SetMem16Wrapper.obj)
[ 78] /Users/g5/Dev/SctWorkspace/Build/MdeModule/RELEASE_XCODE5/X64/MdePkg/Library/BaseMemoryLib/BaseMemoryLib/OUTPUT/BaseMemoryLib.lib(SetMemWrapper.obj)
[ 79] /Users/g5/Dev/SctWorkspace/Build/MdeModule/RELEASE_XCODE5/X64/MdePkg/Library/BaseMemoryLib/BaseMemoryLib/OUTPUT/BaseMemoryLib.lib(CopyMemWrapper.obj)
[ 80] /Users/g5/Dev/SctWorkspace/Build/MdeModule/RELEASE_XCODE5/X64/MdePkg/Library/BaseMemoryLib/BaseMemoryLib/OUTPUT/BaseMemoryLib.lib(IsZeroBufferWrapper.obj)
[ 81] /Users/g5/Dev/SctWorkspace/Build/MdeModule/RELEASE_XCODE5/X64/MdePkg/Library/BaseMemoryLib/BaseMemoryLib/OUTPUT/BaseMemoryLib.lib(MemLibGeneric.obj)
[ 82] /Users/g5/Dev/SctWorkspace/Build/MdeModule/RELEASE_XCODE5/X64/MdePkg/Library/BaseMemoryLib/BaseMemoryLib/OUTPUT/BaseMemoryLib.lib(MemLibGuid.obj)
[ 83] /Users/g5/Dev/SctWorkspace/Build/MdeModule/RELEASE_XCODE5/X64/MdePkg/Library/BaseMemoryLib/BaseMemoryLib/OUTPUT/BaseMemoryLib.lib(CopyMem.obj)
[ 84] /Users/g5/Dev/SctWorkspace/Build/MdeModule/RELEASE_XCODE5/X64/MdePkg/Library/BaseDebugLibNull/BaseDebugLibNull/OUTPUT/BaseDebugLibNull.lib(DebugLib.obj)
[ 85] /Users/g5/Dev/SctWorkspace/Build/MdeModule/RELEASE_XCODE5/X64/MdePkg/Library/PeiHobLib/PeiHobLib/OUTPUT/PeiHobLib.lib(HobLib.obj)
[ 86] /Users/g5/Dev/SctWorkspace/Build/MdeModule/RELEASE_XCODE5/X64/MdePkg/Library/BasePcdLibNull/BasePcdLibNull/OUTPUT/BasePcdLibNull.lib(PcdLib.obj)
[ 87] /Users/g5/Dev/SctWorkspace/Build/MdeModule/RELEASE_XCODE5/X64/MdePkg/Library/PeiServicesLib/PeiServicesLib/OUTPUT/PeiServicesLib.lib(PeiServicesLib.obj)
[ 88] /Users/g5/Dev/SctWorkspace/Build/MdeModule/RELEASE_XCODE5/X64/MdePkg/Library/PeiServicesTablePointerLib/PeiServicesTablePointerLib/OUTPUT/PeiServicesTablePointerLib.lib(PeiServicesTablePointer.obj)
[ 89] /Users/g5/Dev/SctWorkspace/Build/MdeModule/RELEASE_XCODE5/X64/MdePkg/Library/PeimEntryPoint/PeimEntryPoint/OUTPUT/PeimEntryPoint.lib(PeimEntryPoint.obj)
[ 90] /Users/g5/Dev/SctWorkspace/Build/MdeModule/RELEASE_XCODE5/X64/MdePkg/Library/BaseSerialPortLibNull/BaseSerialPortLibNull/OUTPUT/BaseSerialPortLibNull.lib(BaseSerialPortLibNull.obj)
[ 91] /Users/g5/Dev/SctWorkspace/Build/MdeModule/RELEASE_XCODE5/X64/MdePkg/Library/BaseReportStatusCodeLibNull/BaseReportStatusCodeLibNull/OUTPUT/BaseReportStatusCodeLibNull.lib(BaseReportStatusCodeLib.obj)
[ 92] /Users/g5/Dev/SctWorkspace/Build/MdeModule/RELEASE_XCODE5/X64/MdePkg/Library/BasePrintLib/BasePrintLib/OUTPUT/BasePrintLib.lib(PrintLibInternal.obj)
[ 93] /Users/g5/Dev/SctWorkspace/Build/MdeModule/RELEASE_XCODE5/X64/MdePkg/Library/BasePrintLib/BasePrintLib/OUTPUT/BasePrintLib.lib(PrintLib.obj)
[ 94] /Users/g5/Dev/SctWorkspace/Build/MdeModule/RELEASE_XCODE5/X64/MdeModulePkg/Universal/StatusCodeHandler/Pei/StatusCodeHandlerPei/OUTPUT/StatusCodeHandlerPei.lib(StatusCodeHandlerPei.obj)
[ 95] /Users/g5/Dev/SctWorkspace/Build/MdeModule/RELEASE_XCODE5/X64/MdeModulePkg/Universal/StatusCodeHandler/Pei/StatusCodeHandlerPei/OUTPUT/StatusCodeHandlerPei.lib(SerialStatusCodeWorker.obj)
[ 96] /Users/g5/Dev/SctWorkspace/Build/MdeModule/RELEASE_XCODE5/X64/MdeModulePkg/Universal/StatusCodeHandler/Pei/StatusCodeHandlerPei/OUTPUT/StatusCodeHandlerPei.lib(MemoryStausCodeWorker.obj)
[ 97] /Users/g5/Dev/SctWorkspace/Build/MdeModule/RELEASE_XCODE5/X64/MdeModulePkg/Universal/StatusCodeHandler/Pei/StatusCodeHandlerPei/OUTPUT/StatusCodeHandlerPei.lib(AutoGen.obj)
# Sections:
# Address	Size    	Segment	Section
0x00000240	0x0000242A	__TEXT	__text
0x0000266A	0x00000B66	__TEXT	__cstring
0x000031D0	0x00000020	__TEXT	__const
0x00003200	0x00000138	__DATA	__const
0x00003338	0x00000040	__DATA	__data
0x00003380	0x00000028	__DATA	__common
# Symbols:
# Address	Size    	File  Name
0x00000240	0x00000000	[  0] ___dso_handle
0x00000240	0x00000066	[  8] _InternalAssertJumpBuffer
0x000002A6	0x0000004D	[ 26] _DivU64x32Remainder
0x000002F3	0x00000071	[ 34] _StrnLenS
0x00000364	0x00000036	[ 34] _AsciiStrnLenS
0x000003A0	0x00000000	[ 37] SavedGdt
0x000003A0	0x0000000A	[ 37] _m16Start
0x000003AA	0x00000008	[ 37] _BackFromUserCode
0x000003B2	0x00000014	[ 37] _BackFromUserCode.Base
0x000003C6	0x0000000D	[ 37] _BackFromUserCode.ThunkAttrEnd
0x000003D3	0x0000000B	[ 37] _BackFromUserCode.1
0x000003DE	0x00000036	[ 37] _BackFromUserCode.2
0x00000414	0x0000001C	[ 37] _BackFromUserCode.SavedCr4End
0x00000430	0x0000000B	[ 37] _BackFromUserCode.SavedCr0End
0x0000043B	0x0000000B	[ 37] _BackFromUserCode.X64JmpEnd
0x00000446	0x00000002	[ 37] _BackFromUserCode.SavedSpEnd
0x00000448	0x00000006	[ 37] _EntryPoint
0x0000044E	0x00000002	[ 37] _16Gdtr
0x00000450	0x00000008	[ 37] _16GdtrBase
0x00000458	0x00000006	[ 37] _16Idtr
0x0000045E	0x00000028	[ 37] _ToUserCode
0x00000486	0x0000000F	[ 37] _ToUserCode.Base
0x00000495	0x0000001B	[ 37] _ToUserCode.RealMode
0x000004B0	0x00000008	[ 37] _NullSeg
0x000004B8	0x00000008	[ 37] _16Code
0x000004C0	0x00000008	[ 37] _16Data
0x000004C8	0x00000008	[ 37] _32Data
0x000004D0	0x000000B4	[ 37] _InternalAsmThunk16
0x00000584	0x00000020	[ 37] _InternalAsmThunk16.RetFromRealMode
0x000005A4	0x00000006	[ 38] _AsmWriteTr
0x000005AA	0x00000023	[ 40] _InternalMathDivRemU64x32
0x000005CD	0x0000003C	[ 41] _ReadUnaligned16
0x00000609	0x0000003B	[ 41] _ReadUnaligned32
0x00000644	0x0000003C	[ 41] _ReadUnaligned64
0x00000680	0x00000044	[ 41] _WriteUnaligned64
0x000006C4	0x0000000F	[ 57] _InternalSwitchStack
0x000006D3	0x0000008F	[ 58] _SetJump
0x00000762	0x0000007C	[ 59] _InternalLongJump
0x000007DE	0x00000003	[ 60] _EnableDisableInterrupts
0x000007E1	0x0000003A	[ 61] _InternalX86DisablePaging64
0x0000081B	0x00000027	[ 61] _InternalX86DisablePaging64.0
0x00000842	0x00000000	[ 61] mTransitionEnd
0x00000842	0x0000000F	[ 62] _AsmCpuid
0x00000851	0x00000005	[ 62] _AsmCpuid.0
0x00000856	0x00000007	[ 62] _AsmCpuid.1
0x0000085D	0x00000009	[ 62] _AsmCpuid.2
0x00000866	0x00000003	[ 62] _AsmCpuid.3
0x00000869	0x00000015	[ 63] _AsmCpuidEx
0x0000087E	0x00000007	[ 63] _AsmCpuidEx.0
0x00000885	0x00000007	[ 63] _AsmCpuidEx.1
0x0000088C	0x00000009	[ 63] _AsmCpuidEx.2
0x00000895	0x00000003	[ 63] _AsmCpuidEx.3
0x00000898	0x00000013	[ 64] _AsmEnableCache
0x000008AB	0x00000013	[ 65] _AsmDisableCache
0x000008BE	0x00000009	[ 66] _InternalX86RdRand16
0x000008C7	0x00000009	[ 66] rn16_ok
0x000008D0	0x00000009	[ 66] _InternalX86RdRand32
0x000008D9	0x00000008	[ 66] rn32_ok
0x000008E1	0x0000000A	[ 66] _InternalX86RdRand64
0x000008EB	0x00000009	[ 66] rn64_ok
0x000008F4	0x00000048	[ 82] _CopyGuid
0x0000093C	0x00000055	[ 82] _CompareGuid
0x00000991	0x00000006	[ 84] _DebugPrint
0x00000997	0x00000006	[ 84] _DebugAssert
0x0000099D	0x00000008	[ 84] _DebugAssertEnabled
0x000009A5	0x00000008	[ 84] _DebugPrintEnabled
0x000009AD	0x00000008	[ 84] _DebugPrintLevelEnabled
0x000009B5	0x0000009D	[ 85] _GetHobList
0x00000A52	0x0000005F	[ 85] _GetNextHob
0x00000AB1	0x00000053	[ 85] _GetNextGuidHob
0x00000B04	0x00000022	[ 85] _GetFirstGuidHob
0x00000B26	0x00000054	[ 85] _InternalPeiCreateHob
0x00000B7A	0x00000095	[ 85] _BuildGuidHob
0x00000C0F	0x00000044	[ 87] _PeiServicesLocatePpi
0x00000C53	0x00000027	[ 87] _PeiServicesGetHobList
0x00000C7A	0x00000034	[ 87] _PeiServicesCreateHob
0x00000CAE	0x00000044	[ 88] _GetPeiServicesTablePointer
0x00000CF2	0x0000000F	[ 88] _PeiServicesTablePointerLibConstructor
0x00000D01	0x00000062	[ 89] __ModuleEntryPoint
0x00000D63	0x00000008	[ 90] _SerialPortInitialize
0x00000D6B	0x00000008	[ 90] _SerialPortWrite
0x00000D73	0x00000008	[ 91] _ReportStatusCodeExtractAssertInfo
0x00000D7B	0x000000BE	[ 91] _ReportStatusCodeExtractDebugInfo
0x00000E3B	0x000011F9	[ 92] _BasePrintLibSPrintMarker
0x00002034	0x0000002C	[ 92] _BasePrintLibSPrint
0x00002060	0x0000002D	[ 93] _AsciiBSPrint
0x0000208D	0x00000038	[ 93] _AsciiSPrint
0x000020C5	0x00000209	[ 94] _StatusCodeHandlerPeiEntry
0x000022CE	0x0000022A	[ 95] _SerialStatusCodeReportWorker
0x000024F8	0x00000074	[ 96] _MemoryStatusCodeInitializeWorker
0x0000256C	0x00000085	[ 96] _MemoryStatusCodeReportWorker
0x000025F1	0x0000006F	[ 97] _ProcessLibraryConstructorList
0x00002660	0x0000000A	[ 97] _ProcessModuleEntryPointList
0x0000266A	0x00000021	[  1] literal string: \nASSERT_EFI_ERROR (Status = %r)\n
0x0000268B	0x00000014	[  1] literal string: !EFI_ERROR (Status)
0x0000269F	0x00000017	[  1] literal string: Buffer != ((void *) 0)
0x000026B6	0x0000003C	[  8] literal string: /Users/g5/Dev/SctWorkspace/MdePkg/Library/BaseLib/SetJump.c
0x000026F2	0x0000001B	[  8] literal string: JumpBuffer != ((void *) 0)
0x0000270D	0x00000023	[  8] literal string: ((UINTN)JumpBuffer & (8 - 1)) == 0
0x00002730	0x0000000D	[ 15] literal string: Divisor != 0
0x0000273D	0x00000047	[ 26] literal string: /Users/g5/Dev/SctWorkspace/MdePkg/Library/BaseLib/DivU64x32Remainder.c
0x00002784	0x0000003F	[ 34] literal string: /Users/g5/Dev/SctWorkspace/MdePkg/Library/BaseLib/SafeString.c
0x000027C3	0x00000023	[ 34] literal string: ((UINTN) String & 0x00000001) == 0
0x000027E6	0x00000019	[ 34] literal string: (Buffer != ((void *) 0))
0x000027FF	0x0000003E	[ 41] literal string: /Users/g5/Dev/SctWorkspace/MdePkg/Library/BaseLib/Unaligned.c
0x0000283D	0x0000003D	[ 85] literal string: /Users/g5/Dev/SctWorkspace/MdePkg/Library/PeiHobLib/HobLib.c
0x0000287A	0x00000018	[ 85] literal string: HobList != ((void *) 0)
0x00002892	0x00000019	[ 85] literal string: HobStart != ((void *) 0)
0x000028AB	0x00000014	[ 85] literal string: Hob != ((void *) 0)
0x000028BF	0x00000015	[ 85] literal string: Guid != ((void *) 0)
0x000028D4	0x00000034	[ 85] literal string: DataLength <= (0xFFF8 - sizeof (EFI_HOB_GUID_TYPE))
0x00002908	0x0000005F	[ 88] literal string: /Users/g5/Dev/SctWorkspace/MdePkg/Library/PeiServicesTablePointerLib/PeiServicesTablePointer.c
0x00002967	0x0000001D	[ 88] literal string: gPeiServices != ((void *) 0)
0x00002984	0x0000004A	[ 89] literal string: /Users/g5/Dev/SctWorkspace/MdePkg/Library/PeimEntryPoint/PeimEntryPoint.c
0x000029CE	0x0000002F	[ 89] literal string: (*PeiServices)->Hdr.Revision >= _gPeimRevision
0x000029FD	0x00000060	[ 91] literal string: /Users/g5/Dev/SctWorkspace/MdePkg/Library/BaseReportStatusCodeLibNull/BaseReportStatusCodeLib.c
0x00002A5D	0x00000015	[ 91] literal string: Data != ((void *) 0)
0x00002A72	0x0000001B	[ 91] literal string: ErrorLevel != ((void *) 0)
0x00002A8D	0x00000017	[ 91] literal string: Marker != ((void *) 0)
0x00002AA4	0x00000017	[ 91] literal string: Format != ((void *) 0)
0x00002ABB	0x00000008	[ 92] literal string: Success
0x00002AC3	0x00000016	[ 92] literal string: Warning Unknown Glyph
0x00002AD9	0x00000017	[ 92] literal string: Warning Delete Failure
0x00002AF0	0x00000016	[ 92] literal string: Warning Write Failure
0x00002B06	0x00000019	[ 92] literal string: Warning Buffer Too Small
0x00002B1F	0x00000013	[ 92] literal string: Warning Stale Data
0x00002B32	0x0000000B	[ 92] literal string: Load Error
0x00002B3D	0x00000012	[ 92] literal string: Invalid Parameter
0x00002B4F	0x0000000C	[ 92] literal string: Unsupported
0x00002B5B	0x00000010	[ 92] literal string: Bad Buffer Size
0x00002B6B	0x00000011	[ 92] literal string: Buffer Too Small
0x00002B7C	0x0000000A	[ 92] literal string: Not Ready
0x00002B86	0x0000000D	[ 92] literal string: Device Error
0x00002B93	0x00000010	[ 92] literal string: Write Protected
0x00002BA3	0x00000011	[ 92] literal string: Out of Resources
0x00002BB4	0x0000000F	[ 92] literal string: Volume Corrupt
0x00002BC3	0x0000000C	[ 92] literal string: Volume Full
0x00002BCF	0x00000009	[ 92] literal string: No Media
0x00002BD8	0x0000000E	[ 92] literal string: Media changed
0x00002BE6	0x0000000A	[ 92] literal string: Not Found
0x00002BF0	0x0000000E	[ 92] literal string: Access Denied
0x00002BFE	0x0000000C	[ 92] literal string: No Response
0x00002C0A	0x0000000B	[ 92] literal string: No mapping
0x00002C15	0x00000009	[ 92] literal string: Time out
0x00002C1E	0x0000000C	[ 92] literal string: Not started
0x00002C2A	0x00000010	[ 92] literal string: Already started
0x00002C3A	0x00000008	[ 92] literal string: Aborted
0x00002C42	0x0000000B	[ 92] literal string: ICMP Error
0x00002C4D	0x0000000B	[ 92] literal string: TFTP Error
0x00002C58	0x0000000F	[ 92] literal string: Protocol Error
0x00002C67	0x00000015	[ 92] literal string: Incompatible Version
0x00002C7C	0x00000013	[ 92] literal string: Security Violation
0x00002C8F	0x0000000A	[ 92] literal string: CRC Error
0x00002C99	0x0000000D	[ 92] literal string: End of Media
0x00002CA6	0x0000000E	[ 92] literal string: Reserved (29)
0x00002CB4	0x0000000E	[ 92] literal string: Reserved (30)
0x00002CC2	0x0000000C	[ 92] literal string: End of File
0x00002CCE	0x00000011	[ 92] literal string: Invalid Language
0x00002CDF	0x00000011	[ 92] literal string: Compromised Data
0x00002CF0	0x0000004A	[ 92] literal string: /Users/g5/Dev/SctWorkspace/MdePkg/Library/BasePrintLib/PrintLibInternal.c
0x00002D3A	0x00000041	[ 92] literal string: (BufferSize <= (_gPcd_FixedAtBuild_PcdMaximumAsciiStringLength))
0x00002D7B	0x00000019	[ 92] literal string: (Format != ((void *) 0))
0x00002D94	0x00000043	[ 92] literal string: (BufferSize <= (_gPcd_FixedAtBuild_PcdMaximumUnicodeStringLength))
0x00002DD7	0x0000008C	[ 92] literal string: (StrnLenS ((CHAR16 *)Format, (_gPcd_FixedAtBuild_PcdMaximumUnicodeStringLength) + 1) <= (_gPcd_FixedAtBuild_PcdMaximumUnicodeStringLength))
0x00002E63	0x00000083	[ 92] literal string: (AsciiStrnLenS (Format, (_gPcd_FixedAtBuild_PcdMaximumAsciiStringLength) + 1) <= (_gPcd_FixedAtBuild_PcdMaximumAsciiStringLength))
0x00002EE6	0x0000000E	[ 92] literal string: <null string>
0x00002EF4	0x0000000C	[ 92] literal string: <null guid>
0x00002F00	0x00000031	[ 92] literal string: %08x-%04x-%04x-%02x%02x-%02x%02x%02x%02x%02x%02x
0x00002F31	0x0000000C	[ 92] literal string: <null time>
0x00002F3D	0x0000001A	[ 92] literal string: %02d/%02d/%04d  %02d:%02d
0x00002F57	0x00000005	[ 92] literal string: %08X
0x00002F5C	0x00000003	[ 92] literal string: \n
0x00002F5F	0x00000002	[ 92] literal string: 
0x00002F61	0x0000005F	[ 94] literal string: /Users/g5/Dev/SctWorkspace/MdeModulePkg/Universal/StatusCodeHandler/Pei/StatusCodeHandlerPei.c
0x00002FC0	0x0000001D	[ 95] literal string: \nPEI_ASSERT!: %a (%d): %a\n
0x00002FDD	0x00000017	[ 95] literal string: ERROR: C%08x:V%08x I%x
0x00002FF4	0x00000061	[ 95] literal string: /Users/g5/Dev/SctWorkspace/MdeModulePkg/Universal/StatusCodeHandler/Pei/SerialStatusCodeWorker.c
0x00003055	0x0000000E	[ 95] literal string: CharCount > 0
0x00003063	0x00000004	[ 95] literal string:  %g
0x00003067	0x00000004	[ 95] literal string:  %x
0x0000306B	0x00000003	[ 95] literal string: \n
0x0000306E	0x0000001B	[ 95] literal string: PROGRESS CODE: V%08x I%x\n
0x00003089	0x00000005	[ 95] literal string: %a\n
0x0000308E	0x0000001D	[ 95] literal string: Undefined: C%08x:V%08x I%x\n
0x000030AB	0x00000060	[ 96] literal string: /Users/g5/Dev/SctWorkspace/MdeModulePkg/Universal/StatusCodeHandler/Pei/MemoryStausCodeWorker.c
0x0000310B	0x0000001D	[ 96] literal string: PacketHeader != ((void *) 0)
0x00003128	0x00000018	[ 96] literal string: Hob.Raw != ((void *) 0)
0x00003140	0x00000090	[ 97] literal string: /Users/g5/Dev/SctWorkspace/Build/MdeModule/RELEASE_XCODE5/X64/MdeModulePkg/Universal/StatusCodeHandler/Pei/StatusCodeHandlerPei/DEBUG/AutoGen.c
0x000031D0	0x00000010	[ 92] _mHexStr
0x000031E0	0x00000001	[ 97] __gPcd_FixedAtBuild_PcdStatusCodeUseMemory
0x000031E1	0x00000001	[ 97] __gPcd_FixedAtBuild_PcdStatusCodeUseSerial
0x000031E2	0x00000002	[ 97] __gPcd_FixedAtBuild_PcdStatusCodeMemorySize
0x000031E4	0x00000004	[ 97] __gPcd_FixedAtBuild_PcdMaximumAsciiStringLength
0x000031E8	0x00000004	[ 97] __gPcd_FixedAtBuild_PcdMaximumUnicodeStringLength
0x000031EC	0x00000004	[ 97] __gPeimRevision
0x00003200	0x00000138	[ 92] _mStatusString
0x00003338	0x00000002	[ 37] _m16Size
0x0000333A	0x00000002	[ 37] _mThunk16Attr
0x0000333C	0x00000002	[ 37] _m16Gdt
0x0000333E	0x00000002	[ 37] _m16GdtrBase
0x00003340	0x00000002	[ 37] _mTransition
0x00003348	0x00000010	[ 97] _gMemoryStatusCodeRecordGuid
0x00003358	0x00000010	[ 97] _gEfiStatusCodeDataTypeStringGuid
0x00003368	0x00000010	[ 97] _gEfiPeiRscHandlerPpiGuid
0x00003380	0x00000008	[ 88] _gPeiServices
0x00003390	0x00000018	[ 93] _gNullVaList
